Component: ARM Compiler 5.06 update 4 (build 422) Tool: armlink [4d35d2]

==============================================================================

Section Cross References

    main.o(i.main) refers to stm32f1xx_hal.o(i.HAL_Init) for HAL_Init
    main.o(i.main) refers to sys.o(i.Stm32_Clock_Init) for Stm32_Clock_Init
    main.o(i.main) refers to delay.o(i.delay_init) for delay_init
    main.o(i.main) refers to led.o(i.LED_Init) for LED_Init
    main.o(i.main) refers to usart.o(i.uart_init) for uart_init
    main.o(i.main) refers to gpio.o(i.MX_GPIO_Init) for MX_GPIO_Init
    main.o(i.main) refers to noretval__2printf.o(.text) for __2printf
    main.o(i.main) refers to os_core.o(i.OSInit) for OSInit
    main.o(i.main) refers to os_task.o(i.OSTaskCreateExt) for OSTaskCreateExt
    main.o(i.main) refers to os_core.o(i.OSStart) for OSStart
    main.o(i.main) refers to main.o(.bss) for START_TASK_STK
    main.o(i.main) refers to main.o(i.start_task) for start_task
    main.o(i.motordrive_task) refers to userapp.o(i.motordrive_init) for motordrive_init
    main.o(i.motordrive_task) refers to userapp.o(i.motordrive_func) for motordrive_func
    main.o(i.motordrive_task) refers to os_time.o(i.OSTimeDly) for OSTimeDly
    main.o(i.remotectrl_task) refers to userapp.o(i.remotectrl_init) for remotectrl_init
    main.o(i.remotectrl_task) refers to userapp.o(i.remotectrl_func) for remotectrl_func
    main.o(i.remotectrl_task) refers to os_time.o(i.OSTimeDly) for OSTimeDly
    main.o(i.start_task) refers to os_core.o(i.OSStatInit) for OSStatInit
    main.o(i.start_task) refers to os_cpu_a.o(.text) for OS_CPU_SR_Save
    main.o(i.start_task) refers to os_task.o(i.OSTaskCreateExt) for OSTaskCreateExt
    main.o(i.start_task) refers to os_task.o(i.OSTaskSuspend) for OSTaskSuspend
    main.o(i.start_task) refers to main.o(.bss) for MOTOR_TASK_STK
    main.o(i.start_task) refers to main.o(i.motordrive_task) for motordrive_task
    main.o(i.start_task) refers to main.o(i.remotectrl_task) for remotectrl_task
    stm32f1xx_it.o(i.TIM6_IRQHandler) refers to stm32f1xx_hal_tim.o(i.HAL_TIM_IRQHandler) for HAL_TIM_IRQHandler
    stm32f1xx_it.o(i.TIM6_IRQHandler) refers to timer.o(.bss) for htim6
    system_stm32f1xx.o(i.SystemCoreClockUpdate) refers to system_stm32f1xx.o(.data) for SystemCoreClock
    system_stm32f1xx.o(i.SystemCoreClockUpdate) refers to system_stm32f1xx.o(.constdata) for AHBPrescTable
    startup_stm32f103xe.o(STACK) refers (Special) to heapauxi.o(.text) for __use_two_region_memory
    startup_stm32f103xe.o(HEAP) refers (Special) to heapauxi.o(.text) for __use_two_region_memory
    startup_stm32f103xe.o(RESET) refers (Special) to heapauxi.o(.text) for __use_two_region_memory
    startup_stm32f103xe.o(RESET) refers to startup_stm32f103xe.o(STACK) for __initial_sp
    startup_stm32f103xe.o(RESET) refers to startup_stm32f103xe.o(.text) for Reset_Handler
    startup_stm32f103xe.o(RESET) refers to stm32f1xx_it.o(i.NMI_Handler) for NMI_Handler
    startup_stm32f103xe.o(RESET) refers to stm32f1xx_it.o(i.HardFault_Handler) for HardFault_Handler
    startup_stm32f103xe.o(RESET) refers to stm32f1xx_it.o(i.MemManage_Handler) for MemManage_Handler
    startup_stm32f103xe.o(RESET) refers to stm32f1xx_it.o(i.BusFault_Handler) for BusFault_Handler
    startup_stm32f103xe.o(RESET) refers to stm32f1xx_it.o(i.UsageFault_Handler) for UsageFault_Handler
    startup_stm32f103xe.o(RESET) refers to stm32f1xx_it.o(i.SVC_Handler) for SVC_Handler
    startup_stm32f103xe.o(RESET) refers to stm32f1xx_it.o(i.DebugMon_Handler) for DebugMon_Handler
    startup_stm32f103xe.o(RESET) refers to os_cpu_a.o(.text) for PendSV_Handler
    startup_stm32f103xe.o(RESET) refers to delay.o(i.SysTick_Handler) for SysTick_Handler
    startup_stm32f103xe.o(RESET) refers to usart.o(i.USART1_IRQHandler) for USART1_IRQHandler
    startup_stm32f103xe.o(RESET) refers to stm32f1xx_it.o(i.TIM6_IRQHandler) for TIM6_IRQHandler
    startup_stm32f103xe.o(.text) refers (Special) to heapauxi.o(.text) for __use_two_region_memory
    startup_stm32f103xe.o(.text) refers to system_stm32f1xx.o(i.SystemInit) for SystemInit
    startup_stm32f103xe.o(.text) refers to __main.o(!!!main) for __main
    startup_stm32f103xe.o(.text) refers to startup_stm32f103xe.o(HEAP) for Heap_Mem
    startup_stm32f103xe.o(.text) refers to startup_stm32f103xe.o(STACK) for Stack_Mem
    stm32f1xx_hal.o(i.HAL_DeInit) refers to stm32f1xx_hal_msp.o(i.HAL_MspDeInit) for HAL_MspDeInit
    stm32f1xx_hal.o(i.HAL_Delay) refers to stm32f1xx_hal.o(i.HAL_GetTick) for HAL_GetTick
    stm32f1xx_hal.o(i.HAL_GetTick) refers to stm32f1xx_hal.o(.data) for uwTick
    stm32f1xx_hal.o(i.HAL_IncTick) refers to stm32f1xx_hal.o(.data) for uwTick
    stm32f1xx_hal.o(i.HAL_Init) refers to stm32f1xx_hal_cortex.o(i.HAL_NVIC_SetPriorityGrouping) for HAL_NVIC_SetPriorityGrouping
    stm32f1xx_hal.o(i.HAL_Init) refers to stm32f1xx_hal.o(i.HAL_InitTick) for HAL_InitTick
[...]
    !!handler_copy                           0x0800016c   Section       26  __scatter_copy.o(!!handler_copy)
    !!handler_zi                             0x08000188   Section       28  __scatter_zi.o(!!handler_zi)
    .ARM.Collect$$_printf_percent$$00000000  0x080001a4   Section        0  _printf_percent.o(.ARM.Collect$$_printf_percent$$00000000)
    .ARM.Collect$$_printf_percent$$00000017  0x080001a4   Section        4  _printf_percent_end.o(.ARM.Collect$$_printf_percent$$00000017)
    .ARM.Collect$$libinit$$00000000          0x080001a8   Section        2  libinit.o(.ARM.Collect$$libinit$$00000000)
    .ARM.Collect$$libinit$$00000002          0x080001aa   Section        0  libinit2.o(.ARM.Collect$$libinit$$00000002)
    .ARM.Collect$$libinit$$00000004          0x080001aa   Section        0  libinit2.o(.ARM.Collect$$libinit$$00000004)
    .ARM.Collect$$libinit$$0000000A          0x080001aa   Section        0  libinit2.o(.ARM.Collect$$libinit$$0000000A)
    .ARM.Collect$$libinit$$0000000C          0x080001aa   Section        0  libinit2.o(.ARM.Collect$$libinit$$0000000C)
    .ARM.Collect$$libinit$$0000000E          0x080001aa   Section        0  libinit2.o(.ARM.Collect$$libinit$$0000000E)
    .ARM.Collect$$libinit$$00000011          0x080001aa   Section        0  libinit2.o(.ARM.Collect$$libinit$$00000011)
    .ARM.Collect$$libinit$$00000013          0x080001aa   Section        0  libinit2.o(.ARM.Collect$$libinit$$00000013)
    .ARM.Collect$$libinit$$00000015          0x080001aa   Section        0  libinit2.o(.ARM.Collect$$libinit$$00000015)
    .ARM.Collect$$libinit$$00000017          0x080001aa   Section        0  libinit2.o(.ARM.Collect$$libinit$$00000017)
    .ARM.Collect$$libinit$$00000019          0x080001aa   Section        0  libinit2.o(.ARM.Collect$$libinit$$00000019)
    .ARM.Collect$$libinit$$0000001B          0x080001aa   Section        0  libinit2.o(.ARM.Collect$$libinit$$0000001B)
    .ARM.Collect$$libinit$$0000001D          0x080001aa   Section        0  libinit2.o(.ARM.Collect$$libinit$$0000001D)
    .ARM.Collect$$libinit$$0000001F          0x080001aa   Section        0  libinit2.o(.ARM.Collect$$libinit$$0000001F)
    .ARM.Collect$$libinit$$00000021          0x080001aa   Section        0  libinit2.o(.ARM.Collect$$libinit$$00000021)
    .ARM.Collect$$libinit$$00000023          0x080001aa   Section        0  libinit2.o(.ARM.Collect$$libinit$$00000023)
    .ARM.Collect$$libinit$$00000025          0x080001aa   Section        0  libinit2.o(.ARM.Collect$$libinit$$00000025)
    .ARM.Collect$$libinit$$0000002C          0x080001aa   Section        0  libinit2.o(.ARM.Collect$$libinit$$0000002C)
    .ARM.Collect$$libinit$$0000002E          0x080001aa   Section        0  libinit2.o(.ARM.Collect$$libinit$$0000002E)
    .ARM.Collect$$libinit$$00000030          0x080001aa   Section        0  libinit2.o(.ARM.Collect$$libinit$$00000030)
    .ARM.Collect$$libinit$$00000032          0x080001aa   Section        0  libinit2.o(.ARM.Collect$$libinit$$00000032)
    .ARM.Collect$$libinit$$00000033          0x080001aa   Section        2  libinit2.o(.ARM.Collect$$libinit$$00000033)
    .ARM.Collect$$libshutdown$$00000000      0x080001ac   Section        2  libshutdown.o(.ARM.Collect$$libshutdown$$00000000)
    .ARM.Collect$$libshutdown$$00000002      0x080001ae   Section        0  libshutdown2.o(.ARM.Collect$$libshutdown$$00000002)
    .ARM.Collect$$libshutdown$$00000004      0x080001ae   Section        0  libshutdown2.o(.ARM.Collect$$libshutdown$$00000004)
    .ARM.Collect$$libshutdown$$00000007      0x080001ae   Section        0  libshutdown2.o(.ARM.Collect$$libshutdown$$00000007)
    .ARM.Collect$$libshutdown$$0000000A      0x080001ae   Section        0  libshutdown2.o(.ARM.Collect$$libshutdown$$0000000A)
    .ARM.Collect$$libshutdown$$0000000C      0x080001ae   Section        0  libshutdown2.o(.ARM.Collect$$libshutdown$$0000000C)
    .ARM.Collect$$libshutdown$$0000000F      0x080001ae   Section        0  libshutdown2.o(.ARM.Collect$$libshutdown$$0000000F)
    .ARM.Collect$$libshutdown$$00000010      0x080001ae   Section        2  libshutdown2.o(.ARM.Collect$$libshutdown$$00000010)
    .ARM.Collect$$rtentry$$00000000          0x080001b0   Section        0  __rtentry.o(.ARM.Collect$$rtentry$$00000000)
    .ARM.Collect$$rtentry$$00000002          0x080001b0   Section        0  __rtentry2.o(.ARM.Collect$$rtentry$$00000002)
    .ARM.Collect$$rtentry$$00000004          0x080001b0   Section        6  __rtentry4.o(.ARM.Collect$$rtentry$$00000004)
    .ARM.Collect$$rtentry$$00000009          0x080001b6   Section        0  __rtentry2.o(.ARM.Collect$$rtentry$$00000009)
    .ARM.Collect$$rtentry$$0000000A          0x080001b6   Section        4  __rtentry2.o(.ARM.Collect$$rtentry$$0000000A)
    .ARM.Collect$$rtentry$$0000000C          0x080001ba   Section        0  __rtentry2.o(.ARM.Collect$$rtentry$$0000000C)
    .ARM.Collect$$rtentry$$0000000D          0x080001ba   Section        8  __rtentry2.o(.ARM.Collect$$rtentry$$0000000D)
    .ARM.Collect$$rtexit$$00000000           0x080001c2   Section        2  rtexit.o(.ARM.Collect$$rtexit$$00000000)
    .ARM.Collect$$rtexit$$00000002           0x080001c4   Section        0  rtexit2.o(.ARM.Collect$$rtexit$$00000002)
    .ARM.Collect$$rtexit$$00000003           0x080001c4   Section        4  rtexit2.o(.ARM.Collect$$rtexit$$00000003)
    .ARM.Collect$$rtexit$$00000004           0x080001c8   Section        6  rtexit2.o(.ARM.Collect$$rtexit$$00000004)
    .text                                    0x080001d0   Section       64  startup_stm32f103xe.o(.text)
    .text                                    0x08000210   Section      176  os_cpu_a.o(.text)
    .text                                    0x080002c0   Section        2  use_no_semi_2.o(.text)
    .text                                    0x080002c4   Section        0  noretval__2printf.o(.text)
    .text                                    0x080002dc   Section        0  __printf_ss.o(.text)
    .text                                    0x08000394   Section       78  rt_memclr_w.o(.text)
    .text                                    0x080003e2   Section        0  heapauxi.o(.text)
    .text                                    0x080003e8   Section        2  use_no_semi.o(.text)
    .text                                    0x080003ec   Section        0  _printf_char_file.o(.text)
    .text                                    0x08000410   Section        0  _printf_char_common.o(.text)
    _printf_input_char                       0x08000411   Thumb Code    10  _printf_char_common.o(.text)
    .text                                    0x08000440   Section        0  ferror.o(.text)
    .text                                    0x08000448   Section       74  sys_stackheap_outer.o(.text)
    .text                                    0x08000492   Section        0  exit.o(.text)
    .text                                    0x080004a4   Section        8  libspace.o(.text)
    i.App_TCBInitHook                        0x080004ac   Section        0  app_hooks.o(i.App_TCBInitHook)
    i.App_TaskCreateHook                     0x080004ae   Section        0  app_hooks.o(i.App_TaskCreateHook)
    i.App_TaskDelHook                        0x080004b0   Section        0  app_hooks.o(i.App_TaskDelHook)
    i.App_TaskIdleHook                       0x080004b2   Section        0  app_hooks.o(i.App_TaskIdleHook)
    i.App_TaskReturnHook                     0x080004b4   Section        0  app_hooks.o(i.App_TaskReturnHook)
    i.App_TaskStatHook                       0x080004b6   Section        0  app_hooks.o(i.App_TaskStatHook)
    i.App_TaskSwHook                         0x080004b8   Section        0  app_hooks.o(i.App_TaskSwHook)
    i.App_TimeTickHook                       0x080004ba   Section        0  app_hooks.o(i.App_TimeTickHook)
    i.BusFault_Handler                       0x080004bc   Section        0  stm32f1xx_it.o(i.BusFault_Handler)
    i.ChkFilter                              0x080004c0   Section        0  filter.o(i.ChkFilter)
    i.DRVL298N_Init                          0x0800051c   Section        0  drvl298n.o(i.DRVL298N_Init)
    i.DebugMon_Handler                       0x0800058c   Section        0  stm32f1xx_it.o(i.DebugMon_Handler)
    i.GetEncodeValue                         0x0800058e   Section        0  syncmotor.o(i.GetEncodeValue)
    i.GetKeyValue                            0x08000634   Section        0  userapp.o(i.GetKeyValue)
    i.HAL_Delay                              0x080006e8   Section        0  stm32f1xx_hal.o(i.HAL_Delay)
    i.HAL_GPIO_Init                          0x08000704   Section        0  stm32f1xx_hal_gpio.o(i.HAL_GPIO_Init)
    i.HAL_GPIO_ReadPin                       0x08000a44   Section        0  stm32f1xx_hal_gpio.o(i.HAL_GPIO_ReadPin)
    i.HAL_GPIO_WritePin                      0x08000a54   Section        0  stm32f1xx_hal_gpio.o(i.HAL_GPIO_WritePin)
    i.HAL_GetTick                            0x08000a60   Section        0  stm32f1xx_hal.o(i.HAL_GetTick)
    i.HAL_Init                               0x08000a6c   Section        0  stm32f1xx_hal.o(i.HAL_Init)
    i.HAL_InitTick                           0x08000a94   Section        0  stm32f1xx_hal.o(i.HAL_InitTick)
    i.HAL_MspInit                            0x08000ab8   Section        0  stm32f1xx_hal_msp.o(i.HAL_MspInit)
    i.HAL_NVIC_EnableIRQ                     0x08000aba   Section        0  stm32f1xx_hal_cortex.o(i.HAL_NVIC_EnableIRQ)
    i.HAL_NVIC_SetPriority                   0x08000ad4   Section        0  stm32f1xx_hal_cortex.o(i.HAL_NVIC_SetPriority)
    i.HAL_NVIC_SetPriorityGrouping           0x08000b50   Section        0  stm32f1xx_hal_cortex.o(i.HAL_NVIC_SetPriorityGrouping)
    i.HAL_RCC_ClockConfig                    0x08000b78   Section        0  stm32f1xx_hal_rcc.o(i.HAL_RCC_ClockConfig)
    i.HAL_RCC_GetHCLKFreq                    0x08000e10   Section        0  stm32f1xx_hal_rcc.o(i.HAL_RCC_GetHCLKFreq)
    i.HAL_RCC_GetPCLK1Freq                   0x08000e1c   Section        0  stm32f1xx_hal_rcc.o(i.HAL_RCC_GetPCLK1Freq)
    i.HAL_RCC_GetPCLK2Freq                   0x08000e48   Section        0  stm32f1xx_hal_rcc.o(i.HAL_RCC_GetPCLK2Freq)
    i.HAL_RCC_GetSysClockFreq                0x08000e74   Section        0  stm32f1xx_hal_rcc.o(i.HAL_RCC_GetSysClockFreq)
    i.HAL_RCC_OscConfig                      0x08000f28   Section        0  stm32f1xx_hal_rcc.o(i.HAL_RCC_OscConfig)
    i.HAL_SYSTICK_CLKSourceConfig            0x080017a0   Section        0  stm32f1xx_hal_cortex.o(i.HAL_SYSTICK_CLKSourceConfig)
    i.HAL_SYSTICK_Config                     0x080017c8   Section        0  stm32f1xx_hal_cortex.o(i.HAL_SYSTICK_Config)
    i.HAL_TIMEx_BreakCallback                0x080017fc   Section        0  stm32f1xx_hal_tim_ex.o(i.HAL_TIMEx_BreakCallback)
    i.HAL_TIMEx_CommutationCallback          0x080017fe   Section        0  stm32f1xx_hal_tim_ex.o(i.HAL_TIMEx_CommutationCallback)
    i.HAL_TIMEx_MasterConfigSynchronization  0x08001800   Section        0  stm32f1xx_hal_tim_ex.o(i.HAL_TIMEx_MasterConfigSynchronization)
    i.HAL_TIM_Base_Init                      0x08001862   Section        0  stm32f1xx_hal_tim.o(i.HAL_TIM_Base_Init)
    i.HAL_TIM_Base_MspInit                   0x08001898   Section        0  timer.o(i.HAL_TIM_Base_MspInit)
    i.HAL_TIM_Base_Start_IT                  0x080018dc   Section        0  stm32f1xx_hal_tim.o(i.HAL_TIM_Base_Start_IT)
    i.HAL_TIM_IC_CaptureCallback             0x080018fa   Section        0  stm32f1xx_hal_tim.o(i.HAL_TIM_IC_CaptureCallback)
    i.HAL_TIM_IRQHandler                     0x080018fc   Section        0  stm32f1xx_hal_tim.o(i.HAL_TIM_IRQHandler)
    i.HAL_TIM_MspPostInit                    0x08001a94   Section        0  timer.o(i.HAL_TIM_MspPostInit)
    i.HAL_TIM_OC_DelayElapsedCallback        0x08001be0   Section        0  stm32f1xx_hal_tim.o(i.HAL_TIM_OC_DelayElapsedCallback)
    i.HAL_TIM_PWM_ConfigChannel              0x08001be2   Section        0  stm32f1xx_hal_tim.o(i.HAL_TIM_PWM_ConfigChannel)
    i.HAL_TIM_PWM_Init                       0x08001cea   Section        0  stm32f1xx_hal_tim.o(i.HAL_TIM_PWM_Init)
    i.HAL_TIM_PWM_MspInit                    0x08001d20   Section        0  timer.o(i.HAL_TIM_PWM_MspInit)
    i.HAL_TIM_PWM_PulseFinishedCallback      0x08001d9c   Section        0  stm32f1xx_hal_tim.o(i.HAL_TIM_PWM_PulseFinishedCallback)
    i.HAL_TIM_PWM_Start                      0x08001da0   Section        0  stm32f1xx_hal_tim.o(i.HAL_TIM_PWM_Start)
    i.HAL_TIM_PeriodElapsedCallback          0x08001dec   Section        0  syncmotor.o(i.HAL_TIM_PeriodElapsedCallback)
    i.HAL_TIM_TriggerCallback                0x08001ee4   Section        0  stm32f1xx_hal_tim.o(i.HAL_TIM_TriggerCallback)
    i.HAL_UART_ErrorCallback                 0x08001ee6   Section        0  stm32f1xx_hal_uart.o(i.HAL_UART_ErrorCallback)
    i.HAL_UART_GetState                      0x08001ee8   Section        0  stm32f1xx_hal_uart.o(i.HAL_UART_GetState)
    i.HAL_UART_IRQHandler                    0x08001ef0   Section        0  stm32f1xx_hal_uart.o(i.HAL_UART_IRQHandler)
    i.HAL_UART_Init                          0x08001fca   Section        0  stm32f1xx_hal_uart.o(i.HAL_UART_Init)
    i.HAL_UART_MspInit                       0x08002038   Section        0  usart.o(i.HAL_UART_MspInit)
    i.HAL_UART_Receive_IT                    0x080020e0   Section        0  stm32f1xx_hal_uart.o(i.HAL_UART_Receive_IT)
    i.HAL_UART_RxCpltCallback                0x08002168   Section        0  usart.o(i.HAL_UART_RxCpltCallback)
    i.HAL_UART_TxCpltCallback                0x080021f0   Section        0  stm32f1xx_hal_uart.o(i.HAL_UART_TxCpltCallback)
    i.HardFault_Handler                      0x080021f2   Section        0  stm32f1xx_it.o(i.HardFault_Handler)
    i.LED_Init                               0x080021f8   Section        0  led.o(i.LED_Init)
    i.MX_GPIO_Init                           0x08002278   Section        0  gpio.o(i.MX_GPIO_Init)
    i.MX_TIM2_Init                           0x0800236c   Section        0  timer.o(i.MX_TIM2_Init)
    i.MX_TIM3_Init                           0x080023d8   Section        0  timer.o(i.MX_TIM3_Init)
    i.MX_TIM4_Init                           0x0800245c   Section        0  timer.o(i.MX_TIM4_Init)
    i.MX_TIM6_Init                           0x080024e0   Section        0  timer.o(i.MX_TIM6_Init)
    i.MemManage_Handler                      0x08002520   Section        0  stm32f1xx_it.o(i.MemManage_Handler)
    i.NMI_Handler                            0x08002524   Section        0  stm32f1xx_it.o(i.NMI_Handler)
    i.NVIC_GetPriorityGrouping               0x08002528   Section        0  stm32f1xx_hal_cortex.o(i.NVIC_GetPriorityGrouping)
    NVIC_GetPriorityGrouping                 0x08002529   Thumb Code    10  stm32f1xx_hal_cortex.o(i.NVIC_GetPriorityGrouping)
    i.NVIC_SetPriority                       0x08002538   Section        0  stm32f1xx_hal_cortex.o(i.NVIC_SetPriority)
    NVIC_SetPriority                         0x08002539   Thumb Code    32  stm32f1xx_hal_cortex.o(i.NVIC_SetPriority)
    i.OSInit                                 0x08002560   Section        0  os_core.o(i.OSInit)
    i.OSInitHookBegin                        0x0800258c   Section        0  os_cpu_c.o(i.OSInitHookBegin)
    i.OSInitHookEnd                          0x080025bc   Section        0  os_cpu_c.o(i.OSInitHookEnd)
    i.OSIntEnter                             0x080025c0   Section        0  os_core.o(i.OSIntEnter)
    i.OSIntExit                              0x080025e4   Section        0  os_core.o(i.OSIntExit)
    i.OSStart                                0x08002674   Section        0  os_core.o(i.OSStart)
    i.OSStatInit                             0x080026bc   Section        0  os_core.o(i.OSStatInit)
    i.OSTCBInitHook                          0x08002708   Section        0  os_cpu_c.o(i.OSTCBInitHook)
    i.OSTaskCreateExt                        0x08002714   Section        0  os_task.o(i.OSTaskCreateExt)
    i.OSTaskCreateHook                       0x080027cc   Section        0  os_cpu_c.o(i.OSTaskCreateHook)
    i.OSTaskDel                              0x080027d8   Section        0  os_task.o(i.OSTaskDel)
    i.OSTaskDelHook                          0x08002938   Section        0  os_cpu_c.o(i.OSTaskDelHook)
    i.OSTaskIdleHook                         0x08002944   Section        0  os_cpu_c.o(i.OSTaskIdleHook)
    i.OSTaskNameSet                          0x0800294c   Section        0  os_task.o(i.OSTaskNameSet)
    i.OSTaskReturnHook                       0x080029bc   Section        0  os_cpu_c.o(i.OSTaskReturnHook)
    i.OSTaskStatHook                         0x080029c8   Section        0  os_cpu_c.o(i.OSTaskStatHook)
    i.OSTaskStkChk                           0x080029d0   Section        0  os_task.o(i.OSTaskStkChk)
    i.OSTaskStkInit                          0x08002a58   Section        0  os_cpu_c.o(i.OSTaskStkInit)
    i.OSTaskSuspend                          0x08002afc   Section        0  os_task.o(i.OSTaskSuspend)
    i.OSTaskSwHook                           0x08002ba4   Section        0  os_cpu_c.o(i.OSTaskSwHook)
    i.OSTimeDly                              0x08002bac   Section        0  os_time.o(i.OSTimeDly)
    i.OSTimeTick                             0x08002c24   Section        0  os_core.o(i.OSTimeTick)
    i.OSTimeTickHook                         0x08002d10   Section        0  os_cpu_c.o(i.OSTimeTickHook)
    i.OS_Dummy                               0x08002d18   Section        0  os_core.o(i.OS_Dummy)
    i.OS_EventTaskRemove                     0x08002d1a   Section        0  os_core.o(i.OS_EventTaskRemove)
    i.OS_EventTaskRemoveMulti                0x08002d48   Section        0  os_core.o(i.OS_EventTaskRemoveMulti)
    i.OS_FlagInit                            0x08002d84   Section        0  os_flag.o(i.OS_FlagInit)
    i.OS_FlagUnlink                          0x08002ddc   Section        0  os_flag.o(i.OS_FlagUnlink)
    i.OS_InitEventList                       0x08002e00   Section        0  os_core.o(i.OS_InitEventList)
    OS_InitEventList                         0x08002e01   Thumb Code    84  os_core.o(i.OS_InitEventList)
    i.OS_InitMisc                            0x08002e60   Section        0  os_core.o(i.OS_InitMisc)
    OS_InitMisc                              0x08002e61   Thumb Code    48  os_core.o(i.OS_InitMisc)
    i.OS_InitRdyList                         0x08002ebc   Section        0  os_core.o(i.OS_InitRdyList)
    OS_InitRdyList                           0x08002ebd   Thumb Code    44  os_core.o(i.OS_InitRdyList)
    i.OS_InitTCBList                         0x08002f00   Section        0  os_core.o(i.OS_InitTCBList)
    OS_InitTCBList                           0x08002f01   Thumb Code   106  os_core.o(i.OS_InitTCBList)
    i.OS_InitTaskIdle                        0x08002f80   Section        0  os_core.o(i.OS_InitTaskIdle)
    OS_InitTaskIdle                          0x08002f81   Thumb Code    50  os_core.o(i.OS_InitTaskIdle)
    i.OS_InitTaskStat                        0x08002fd0   Section        0  os_core.o(i.OS_InitTaskStat)
    OS_InitTaskStat                          0x08002fd1   Thumb Code    50  os_core.o(i.OS_InitTaskStat)
    i.OS_MemClr                              0x08003020   Section        0  os_core.o(i.OS_MemClr)
    i.OS_QInit                               0x08003034   Section        0  os_q.o(i.OS_QInit)
    i.OS_Sched                               0x08003084   Section        0  os_core.o(i.OS_Sched)
    i.OS_SchedNew                            0x080030f8   Section        0  os_core.o(i.OS_SchedNew)
    OS_SchedNew                              0x080030f9   Thumb Code    26  os_core.o(i.OS_SchedNew)
    i.OS_TCBInit                             0x08003124   Section        0  os_core.o(i.OS_TCBInit)
    i.OS_TaskIdle                            0x08003264   Section        0  os_core.o(i.OS_TaskIdle)
    i.OS_TaskReturn                          0x0800328c   Section        0  os_task.o(i.OS_TaskReturn)
    i.OS_TaskStat                            0x080032a4   Section        0  os_core.o(i.OS_TaskStat)
    i.OS_TaskStatStkChk                      0x08003344   Section        0  os_core.o(i.OS_TaskStatStkChk)
    i.OS_TaskStkClr                          0x08003380   Section        0  os_task.o(i.OS_TaskStkClr)
    i.ResetFilterCount                       0x0800339a   Section        0  filter.o(i.ResetFilterCount)
    i.SVC_Handler                            0x080033a0   Section        0  stm32f1xx_it.o(i.SVC_Handler)
    i.Stm32_Clock_Init                       0x080033a2   Section        0  sys.o(i.Stm32_Clock_Init)
    i.SysTick_Handler                        0x080033f8   Section        0  delay.o(i.SysTick_Handler)
    i.SystemInit                             0x08003414   Section        0  system_stm32f1xx.o(i.SystemInit)
    i.TIM6_IRQHandler                        0x0800346c   Section        0  stm32f1xx_it.o(i.TIM6_IRQHandler)
    i.TIM_Base_SetConfig                     0x0800347c   Section        0  stm32f1xx_hal_tim.o(i.TIM_Base_SetConfig)
    i.TIM_CCxChannelCmd                      0x0800350c   Section        0  stm32f1xx_hal_tim.o(i.TIM_CCxChannelCmd)
    i.TIM_OC1_SetConfig                      0x08003528   Section        0  stm32f1xx_hal_tim.o(i.TIM_OC1_SetConfig)
    TIM_OC1_SetConfig                        0x08003529   Thumb Code   110  stm32f1xx_hal_tim.o(i.TIM_OC1_SetConfig)
    i.TIM_OC2_SetConfig                      0x080035a0   Section        0  stm32f1xx_hal_tim.o(i.TIM_OC2_SetConfig)
    i.TIM_OC3_SetConfig                      0x08003620   Section        0  stm32f1xx_hal_tim.o(i.TIM_OC3_SetConfig)
    TIM_OC3_SetConfig                        0x08003621   Thumb Code   118  stm32f1xx_hal_tim.o(i.TIM_OC3_SetConfig)
    i.TIM_OC4_SetConfig                      0x080036a0   Section        0  stm32f1xx_hal_tim.o(i.TIM_OC4_SetConfig)
    TIM_OC4_SetConfig                        0x080036a1   Thumb Code    80  stm32f1xx_hal_tim.o(i.TIM_OC4_SetConfig)
    i.UART_EndTransmit_IT                    0x080036f8   Section        0  stm32f1xx_hal_uart.o(i.UART_EndTransmit_IT)
    UART_EndTransmit_IT                      0x080036f9   Thumb Code    48  stm32f1xx_hal_uart.o(i.UART_EndTransmit_IT)
    i.UART_Receive_IT                        0x08003728   Section        0  stm32f1xx_hal_uart.o(i.UART_Receive_IT)
    UART_Receive_IT                          0x08003729   Thumb Code   188  stm32f1xx_hal_uart.o(i.UART_Receive_IT)
    i.UART_SetConfig                         0x080037e4   Section        0  stm32f1xx_hal_uart.o(i.UART_SetConfig)
    UART_SetConfig                           0x080037e5   Thumb Code   450  stm32f1xx_hal_uart.o(i.UART_SetConfig)
    i.UART_Transmit_IT                       0x080039ac   Section        0  stm32f1xx_hal_uart.o(i.UART_Transmit_IT)
    UART_Transmit_IT                         0x080039ad   Thumb Code   112  stm32f1xx_hal_uart.o(i.UART_Transmit_IT)
    i.USART1_IRQHandler                      0x08003a1c   Section        0  usart.o(i.USART1_IRQHandler)
    i.UsageFault_Handler                     0x08003a64   Section        0  stm32f1xx_it.o(i.UsageFault_Handler)
    i._sys_exit                              0x08003a68   Section        0  usart.o(i._sys_exit)
    i.delay_init                             0x08003a6c   Section        0  delay.o(i.delay_init)
    i.fputc                                  0x08003ab0   Section        0  usart.o(i.fputc)
    i.main                                   0x08003acc   Section        0  main.o(i.main)
    i.motordrive_func                        0x08003b40   Section        0  userapp.o(i.motordrive_func)
    i.motordrive_init                        0x08003b42   Section        0  userapp.o(i.motordrive_init)
    i.motordrive_task                        0x08003b4a   Section        0  main.o(i.motordrive_task)
    i.remotectrl_func                        0x08003b5c   Section        0  userapp.o(i.remotectrl_func)
    i.remotectrl_init                        0x08003c10   Section        0  userapp.o(i.remotectrl_init)
    i.remotectrl_task                        0x08003c44   Section        0  main.o(i.remotectrl_task)
    i.start_task                             0x08003c58   Section        0  main.o(i.start_task)
    i.uart_init                              0x08003cd0   Section        0  usart.o(i.uart_init)
    .constdata                               0x08003d08   Section       24  system_stm32f1xx.o(.constdata)
    .constdata                               0x08003d20   Section      256  os_core.o(.constdata)
    .data                                    0x20000000   Section        4  system_stm32f1xx.o(.data)
    .data                                    0x20000004   Section        4  stm32f1xx_hal.o(.data)
    uwTick                                   0x20000004   Data           4  stm32f1xx_hal.o(.data)
    .data                                    0x20000008   Section        6  delay.o(.data)
    fac_us                                   0x20000008   Data           4  delay.o(.data)
    fac_ms                                   0x2000000c   Data           2  delay.o(.data)
    .data                                    0x20000010   Section        7  usart.o(.data)
    .data                                    0x20000018   Section       76  os_core.o(.data)
    .data                                    0x20000064   Section        4  os_cpu_c.o(.data)
    .data                                    0x20000068   Section       29  syncmotor.o(.data)
    st_encoder_status1                       0x20000079   Data           1  syncmotor.o(.data)
    st_encoder_status2                       0x2000007a   Data           1  syncmotor.o(.data)
    st_encoder_status3                       0x2000007b   Data           1  syncmotor.o(.data)
    st_encoder_status4                       0x2000007c   Data           1  syncmotor.o(.data)
    st_zhenzhuan1                            0x2000007d   Data           1  syncmotor.o(.data)
    st_zhenzhuan2                            0x2000007e   Data           1  syncmotor.o(.data)
    st_fanzhuan1                             0x2000007f   Data           1  syncmotor.o(.data)
    st_fanzhuan2                             0x20000080   Data           1  syncmotor.o(.data)
    st_zhenzhuan3                            0x20000081   Data           1  syncmotor.o(.data)
    st_zhenzhuan4                            0x20000082   Data           1  syncmotor.o(.data)
    st_fanzhuan3                             0x20000083   Data           1  syncmotor.o(.data)
    st_fanzhuan4                             0x20000084   Data           1  syncmotor.o(.data)
    .bss                                     0x20000088   Section     3072  main.o(.bss)
    .bss                                     0x20000c88   Section      264  usart.o(.bss)
    .bss                                     0x20000d90   Section      192  userapp.o(.bss)
    .bss                                     0x20000e50   Section      240  timer.o(.bss)
    .bss                                     0x20000f40   Section     3872  os_core.o(.bss)
    .bss                                     0x20001e60   Section      512  os_cpu_c.o(.bss)
    .bss                                     0x20002060   Section       96  libspace.o(.bss)
    HEAP                                     0x200020c0   Section      512  startup_stm32f103xe.o(HEAP)
    Heap_Mem                                 0x200020c0   Data         512  startup_stm32f103xe.o(HEAP)
    STACK                                    0x200022c0   Section     1024  startup_stm32f103xe.o(STACK)
    Stack_Mem                                0x200022c0   Data        1024  startup_stm32f103xe.o(STACK)
    __initial_sp                             0x200026c0   Data           0  startup_stm32f103xe.o(STACK)

    Global Symbols

    Symbol Name                              Value     Ov Type        Size  Object(Section)

    BuildAttributes$$THM_ISAv4$P$D$K$B$S$PE$A:L22UL41UL21$X:L11$S22US41US21$IEEE1$IW$USESV6$~STKCKD$USESV7$~SHL$OSPACE$ROPI$EBA8$UX$STANDARDLIB$REQ8$PRES8$EABIv2 0x00000000   Number         0  anon$$obj.o ABSOLUTE
    __ARM_use_no_argv                        0x00000000   Number         0  main.o ABSOLUTE
    _printf_flags                            0x00000000   Number         0  printf_stubs.o ABSOLUTE
    _printf_return_value                     0x00000000   Number         0  printf_stubs.o ABSOLUTE
    _printf_sizespec                         0x00000000   Number         0  printf_stubs.o ABSOLUTE
    _printf_widthprec                        0x00000000   Number         0  printf_stubs.o ABSOLUTE
    __ARM_exceptions_init                     - Undefined Weak Reference
    __alloca_initialize                       - Undefined Weak Reference
    __arm_preinit_                            - Undefined Weak Reference
    __cpp_initialize__aeabi_                  - Undefined Weak Reference
    __cxa_finalize                            - Undefined Weak Reference
    __rt_locale                               - Undefined Weak Reference
    __sigvec_lookup                           - Undefined Weak Reference
    _atexit_init                              - Undefined Weak Reference
    _call_atexit_fns                          - Undefined Weak Reference
    _clock_init                               - Undefined Weak Reference
    _fp_trap_init                             - Undefined Weak Reference
    _fp_trap_shutdown                         - Undefined Weak Reference
    _get_lc_collate                           - Undefined Weak Reference
    _get_lc_ctype                             - Undefined Weak Reference
    _get_lc_monetary                          - Undefined Weak Reference
    _get_lc_numeric                           - Undefined Weak Reference
    _get_lc_time                              - Undefined Weak Reference
    _getenv_init                              - Undefined Weak Reference
    _handle_redirection                       - Undefined Weak Reference
    _init_alloc                               - Undefined Weak Reference
    _init_user_alloc                          - Undefined Weak Reference
    _initio                                   - Undefined Weak Reference
    _mutex_acquire                            - Undefined Weak Reference
    _mutex_release                            - Undefined Weak Reference
    _printf_post_padding                      - Undefined Weak Reference
    _printf_pre_padding                       - Undefined Weak Reference
    _printf_truncate_signed                   - Undefined Weak Reference
    _printf_truncate_unsigned                 - Undefined Weak Reference
    _rand_init                                - Undefined Weak Reference
    _signal_finish                            - Undefined Weak Reference
    _signal_init                              - Undefined Weak Reference
    _terminate_alloc                          - Undefined Weak Reference
    _terminate_user_alloc                     - Undefined Weak Reference
    _terminateio                              - Undefined Weak Reference
    __Vectors_Size                           0x00000130   Number         0  startup_stm32f103xe.o ABSOLUTE
    __Vectors                                0x08000000   Data           4  startup_stm32f103xe.o(RESET)
    __Vectors_End                            0x08000130   Data           0  startup_stm32f103xe.o(RESET)
    __main                                   0x08000131   Thumb Code     8  __main.o(!!!main)
    __scatterload                            0x08000139   Thumb Code     0  __scatter.o(!!!scatter)
    __scatterload_rt2                        0x08000139   Thumb Code    44  __scatter.o(!!!scatter)
    __scatterload_rt2_thumb_only             0x08000139   Thumb Code     0  __scatter.o(!!!scatter)
    __scatterload_null                       0x08000147   Thumb Code     0  __scatter.o(!!!scatter)
    __scatterload_copy                       0x0800016d   Thumb Code    26  __scatter_copy.o(!!handler_copy)
    __scatterload_zeroinit                   0x08000189   Thumb Code    28  __scatter_zi.o(!!handler_zi)
    _printf_percent                          0x080001a5   Thumb Code     0  _printf_percent.o(.ARM.Collect$$_printf_percent$$00000000)
    _printf_percent_end                      0x080001a5   Thumb Code     0  _printf_percent_end.o(.ARM.Collect$$_printf_percent$$00000017)
    __rt_lib_init                            0x080001a9   Thumb Code     0  libinit.o(.ARM.Collect$$libinit$$00000000)
    __rt_lib_init_alloca_1                   0x080001ab   Thumb Code     0  libinit2.o(.ARM.Collect$$libinit$$0000002E)
    __rt_lib_init_argv_1                     0x080001ab   Thumb Code     0  libinit2.o(.ARM.Collect$$libinit$$0000002C)
    __rt_lib_init_atexit_1                   0x080001ab   Thumb Code     0  libinit2.o(.ARM.Collect$$libinit$$0000001B)
    __rt_lib_init_clock_1                    0x080001ab   Thumb Code     0  libinit2.o(.ARM.Collect$$libinit$$00000021)
    __rt_lib_init_cpp_1                      0x080001ab   Thumb Code     0  libinit2.o(.ARM.Collect$$libinit$$00000032)
    __rt_lib_init_exceptions_1               0x080001ab   Thumb Code     0  libinit2.o(.ARM.Collect$$libinit$$00000030)
    __rt_lib_init_fp_1                       0x080001ab   Thumb Code     0  libinit2.o(.ARM.Collect$$libinit$$00000002)
    __rt_lib_init_fp_trap_1                  0x080001ab   Thumb Code     0  libinit2.o(.ARM.Collect$$libinit$$0000001F)
    __rt_lib_init_getenv_1                   0x080001ab   Thumb Code     0  libinit2.o(.ARM.Collect$$libinit$$00000023)
    __rt_lib_init_heap_1                     0x080001ab   Thumb Code     0  libinit2.o(.ARM.Collect$$libinit$$0000000A)
    __rt_lib_init_lc_collate_1               0x080001ab   Thumb Code     0  libinit2.o(.ARM.Collect$$libinit$$00000011)
    __rt_lib_init_lc_ctype_1                 0x080001ab   Thumb Code     0  libinit2.o(.ARM.Collect$$libinit$$00000013)
    __rt_lib_init_lc_monetary_1              0x080001ab   Thumb Code     0  libinit2.o(.ARM.Collect$$libinit$$00000015)
    __rt_lib_init_lc_numeric_1               0x080001ab   Thumb Code     0  libinit2.o(.ARM.Collect$$libinit$$00000017)
    __rt_lib_init_lc_time_1                  0x080001ab   Thumb Code     0  libinit2.o(.ARM.Collect$$libinit$$00000019)
    __rt_lib_init_preinit_1                  0x080001ab   Thumb Code     0  libinit2.o(.ARM.Collect$$libinit$$00000004)
    __rt_lib_init_rand_1                     0x080001ab   Thumb Code     0  libinit2.o(.ARM.Collect$$libinit$$0000000E)
    __rt_lib_init_return                     0x080001ab   Thumb Code     0  libinit2.o(.ARM.Collect$$libinit$$00000033)
    __rt_lib_init_signal_1                   0x080001ab   Thumb Code     0  libinit2.o(.ARM.Collect$$libinit$$0000001D)
    __rt_lib_init_stdio_1                    0x080001ab   Thumb Code     0  libinit2.o(.ARM.Collect$$libinit$$00000025)
    __rt_lib_init_user_alloc_1               0x080001ab   Thumb Code     0  libinit2.o(.ARM.Collect$$libinit$$0000000C)
    __rt_lib_shutdown                        0x080001ad   Thumb Code     0  libshutdown.o(.ARM.Collect$$libshutdown$$00000000)
    __rt_lib_shutdown_cpp_1                  0x080001af   Thumb Code     0  libshutdown2.o(.ARM.Collect$$libshutdown$$00000002)
    __rt_lib_shutdown_fp_trap_1              0x080001af   Thumb Code     0  libshutdown2.o(.ARM.Collect$$libshutdown$$00000007)
    __rt_lib_shutdown_heap_1                 0x080001af   Thumb Code     0  libshutdown2.o(.ARM.Collect$$libshutdown$$0000000F)
    __rt_lib_shutdown_return                 0x080001af   Thumb Code     0  libshutdown2.o(.ARM.Collect$$libshutdown$$00000010)
    __rt_lib_shutdown_signal_1               0x080001af   Thumb Code     0  libshutdown2.o(.ARM.Collect$$libshutdown$$0000000A)
    __rt_lib_shutdown_stdio_1                0x080001af   Thumb Code     0  libshutdown2.o(.ARM.Collect$$libshutdown$$00000004)
    __rt_lib_shutdown_user_alloc_1           0x080001af   Thumb Code     0  libshutdown2.o(.ARM.Collect$$libshutdown$$0000000C)
    __rt_entry                               0x080001b1   Thumb Code     0  __rtentry.o(.ARM.Collect$$rtentry$$00000000)
    __rt_entry_presh_1                       0x080001b1   Thumb Code     0  __rtentry2.o(.ARM.Collect$$rtentry$$00000002)
    __rt_entry_sh                            0x080001b1   Thumb Code     0  __rtentry4.o(.ARM.Collect$$rtentry$$00000004)
    __rt_entry_li                            0x080001b7   Thumb Code     0  __rtentry2.o(.ARM.Collect$$rtentry$$0000000A)
    __rt_entry_postsh_1                      0x080001b7   Thumb Code     0  __rtentry2.o(.ARM.Collect$$rtentry$$00000009)
    __rt_entry_main                          0x080001bb   Thumb Code     0  __rtentry2.o(.ARM.Collect$$rtentry$$0000000D)
    __rt_entry_postli_1                      0x080001bb   Thumb Code     0  __rtentry2.o(.ARM.Collect$$rtentry$$0000000C)
    __rt_exit                                0x080001c3   Thumb Code     0  rtexit.o(.ARM.Collect$$rtexit$$00000000)
    __rt_exit_ls                             0x080001c5   Thumb Code     0  rtexit2.o(.ARM.Collect$$rtexit$$00000003)
    __rt_exit_prels_1                        0x080001c5   Thumb Code     0  rtexit2.o(.ARM.Collect$$rtexit$$00000002)
    __rt_exit_exit                           0x080001c9   Thumb Code     0  rtexit2.o(.ARM.Collect$$rtexit$$00000004)
    Reset_Handler                            0x080001d1   Thumb Code     8  startup_stm32f103xe.o(.text)
    ADC1_2_IRQHandler                        0x080001eb   Thumb Code     0  startup_stm32f103xe.o(.text)
    ADC3_IRQHandler                          0x080001eb   Thumb Code     0  startup_stm32f103xe.o(.text)
    CAN1_RX1_IRQHandler                      0x080001eb   Thumb Code     0  startup_stm32f103xe.o(.text)
    CAN1_SCE_IRQHandler                      0x080001eb   Thumb Code     0  startup_stm32f103xe.o(.text)
    DMA1_Channel1_IRQHandler                 0x080001eb   Thumb Code     0  startup_stm32f103xe.o(.text)
    DMA1_Channel2_IRQHandler                 0x080001eb   Thumb Code     0  startup_stm32f103xe.o(.text)
    DMA1_Channel3_IRQHandler                 0x080001eb   Thumb Code     0  startup_stm32f103xe.o(.text)
    DMA1_Channel4_IRQHandler                 0x080001eb   Thumb Code     0  startup_stm32f103xe.o(.text)
    DMA1_Channel5_IRQHandler                 0x080001eb   Thumb Code     0  startup_stm32f103xe.o(.text)
    DMA1_Channel6_IRQHandler                 0x080001eb   Thumb Code     0  startup_stm32f103xe.o(.text)
    DMA1_Channel7_IRQHandler                 0x080001eb   Thumb Code     0  startup_stm32f103xe.o(.text)
    DMA2_Channel1_IRQHandler                 0x080001eb   Thumb Code     0  startup_stm32f103xe.o(.text)
    DMA2_Channel2_IRQHandler                 0x080001eb   Thumb Code     0  startup_stm32f103xe.o(.text)
    DMA2_Channel3_IRQHandler                 0x080001eb   Thumb Code     0  startup_stm32f103xe.o(.text)
    DMA2_Channel4_5_IRQHandler               0x080001eb   Thumb Code     0  startup_stm32f103xe.o(.text)
    EXTI0_IRQHandler                         0x080001eb   Thumb Code     0  startup_stm32f103xe.o(.text)
    EXTI15_10_IRQHandler                     0x080001eb   Thumb Code     0  startup_stm32f103xe.o(.text)
    EXTI1_IRQHandler                         0x080001eb   Thumb Code     0  startup_stm32f103xe.o(.text)
    EXTI2_IRQHandler                         0x080001eb   Thumb Code     0  startup_stm32f103xe.o(.text)
    EXTI3_IRQHandler                         0x080001eb   Thumb Code     0  startup_stm32f103xe.o(.text)
    EXTI4_IRQHandler                         0x080001eb   Thumb Code     0  startup_stm32f103xe.o(.text)
    EXTI9_5_IRQHandler                       0x080001eb   Thumb Code     0  startup_stm32f103xe.o(.text)
    FLASH_IRQHandler                         0x080001eb   Thumb Code     0  startup_stm32f103xe.o(.text)
    FSMC_IRQHandler                          0x080001eb   Thumb Code     0  startup_stm32f103xe.o(.text)
    I2C1_ER_IRQHandler                       0x080001eb   Thumb Code     0  startup_stm32f103xe.o(.text)
    I2C1_EV_IRQHandler                       0x080001eb   Thumb Code     0  startup_stm32f103xe.o(.text)
    I2C2_ER_IRQHandler                       0x080001eb   Thumb Code     0  startup_stm32f103xe.o(.text)
    I2C2_EV_IRQHandler                       0x080001eb   Thumb Code     0  startup_stm32f103xe.o(.text)
    PVD_IRQHandler                           0x080001eb   Thumb Code     0  startup_stm32f103xe.o(.text)
    RCC_IRQHandler                           0x080001eb   Thumb Code     0  startup_stm32f103xe.o(.text)
    RTC_Alarm_IRQHandler                     0x080001eb   Thumb Code     0  startup_stm32f103xe.o(.text)
    RTC_IRQHandler                           0x080001eb   Thumb Code     0  startup_stm32f103xe.o(.text)
    SDIO_IRQHandler                          0x080001eb   Thumb Code     0  startup_stm32f103xe.o(.text)
    SPI1_IRQHandler                          0x080001eb   Thumb Code     0  startup_stm32f103xe.o(.text)
    SPI2_IRQHandler                          0x080001eb   Thumb Code     0  startup_stm32f103xe.o(.text)
    SPI3_IRQHandler                          0x080001eb   Thumb Code     0  startup_stm32f103xe.o(.text)
    TAMPER_IRQHandler                        0x080001eb   Thumb Code     0  startup_stm32f103xe.o(.text)
    TIM1_BRK_IRQHandler                      0x080001eb   Thumb Code     0  startup_stm32f103xe.o(.text)
    TIM1_CC_IRQHandler                       0x080001eb   Thumb Code     0  startup_stm32f103xe.o(.text)
    TIM1_TRG_COM_IRQHandler                  0x080001eb   Thumb Code     0  startup_stm32f103xe.o(.text)
    TIM1_UP_IRQHandler                       0x080001eb   Thumb Code     0  startup_stm32f103xe.o(.text)
    TIM2_IRQHandler                          0x080001eb   Thumb Code     0  startup_stm32f103xe.o(.text)
    TIM3_IRQHandler                          0x080001eb   Thumb Code     0  startup_stm32f103xe.o(.text)
    TIM4_IRQHandler                          0x080001eb   Thumb Code     0  startup_stm32f103xe.o(.text)
    TIM5_IRQHandler                          0x080001eb   Thumb Code     0  startup_stm32f103xe.o(.text)
    TIM7_IRQHandler                          0x080001eb   Thumb Code     0  startup_stm32f103xe.o(.text)
    TIM8_BRK_IRQHandler                      0x080001eb   Thumb Code     0  startup_stm32f103xe.o(.text)
    TIM8_CC_IRQHandler                       0x080001eb   Thumb Code     0  startup_stm32f103xe.o(.text)
    TIM8_TRG_COM_IRQHandler                  0x080001eb   Thumb Code     0  startup_stm32f103xe.o(.text)
    TIM8_UP_IRQHandler                       0x080001eb   Thumb Code     0  startup_stm32f103xe.o(.text)
    UART4_IRQHandler                         0x080001eb   Thumb Code     0  startup_stm32f103xe.o(.text)
    UART5_IRQHandler                         0x080001eb   Thumb Code     0  startup_stm32f103xe.o(.text)
    USART2_IRQHandler                        0x080001eb   Thumb Code     0  startup_stm32f103xe.o(.text)
    USART3_IRQHandler                        0x080001eb   Thumb Code     0  startup_stm32f103xe.o(.text)
    USBWakeUp_IRQHandler                     0x080001eb   Thumb Code     0  startup_stm32f103xe.o(.text)
    USB_HP_CAN1_TX_IRQHandler                0x080001eb   Thumb Code     0  startup_stm32f103xe.o(.text)
    USB_LP_CAN1_RX0_IRQHandler               0x080001eb   Thumb Code     0  startup_stm32f103xe.o(.text)
    WWDG_IRQHandler                          0x080001eb   Thumb Code     0  startup_stm32f103xe.o(.text)
    __user_initial_stackheap                 0x080001ed   Thumb Code     0  startup_stm32f103xe.o(.text)
    OS_CPU_SR_Save                           0x08000211   Thumb Code     0  os_cpu_a.o(.text)
    OS_CPU_SR_Restore                        0x08000219   Thumb Code     0  os_cpu_a.o(.text)
    OSStartHighRdy                           0x0800021f   Thumb Code     0  os_cpu_a.o(.text)
    OSCtxSw                                  0x08000247   Thumb Code     0  os_cpu_a.o(.text)
    OSIntCtxSw                               0x08000251   Thumb Code     0  os_cpu_a.o(.text)
    PendSV_Handler                           0x0800025b   Thumb Code     0  os_cpu_a.o(.text)
    __use_no_semihosting                     0x080002c1   Thumb Code     2  use_no_semi_2.o(.text)
    __2printf                                0x080002c5   Thumb Code    20  noretval__2printf.o(.text)
    __printf                                 0x080002dd   Thumb Code   184  __printf_ss.o(.text)
    __aeabi_memclr4                          0x08000395   Thumb Code     0  rt_memclr_w.o(.text)
    __aeabi_memclr8                          0x08000395   Thumb Code     0  rt_memclr_w.o(.text)
    __rt_memclr_w                            0x08000395   Thumb Code    78  rt_memclr_w.o(.text)
    _memset_w                                0x08000399   Thumb Code     0  rt_memclr_w.o(.text)
    __use_two_region_memory                  0x080003e3   Thumb Code     2  heapauxi.o(.text)
    __rt_heap_escrow$2region                 0x080003e5   Thumb Code     2  heapauxi.o(.text)
    __rt_heap_expand$2region                 0x080003e7   Thumb Code     2  heapauxi.o(.text)
    __I$use$semihosting                      0x080003e9   Thumb Code     0  use_no_semi.o(.text)
    __use_no_semihosting_swi                 0x080003e9   Thumb Code     2  use_no_semi.o(.text)
    _printf_char_file                        0x080003ed   Thumb Code    32  _printf_char_file.o(.text)
    _printf_char_common                      0x0800041b   Thumb Code    32  _printf_char_common.o(.text)
    ferror                                   0x08000441   Thumb Code     8  ferror.o(.text)
    __user_setup_stackheap                   0x08000449   Thumb Code    74  sys_stackheap_outer.o(.text)
    exit                                     0x08000493   Thumb Code    18  exit.o(.text)
    __user_libspace                          0x080004a5   Thumb Code     8  libspace.o(.text)
    __user_perproc_libspace                  0x080004a5   Thumb Code     0  libspace.o(.text)
    __user_perthread_libspace                0x080004a5   Thumb Code     0  libspace.o(.text)
    App_TCBInitHook                          0x080004ad   Thumb Code     2  app_hooks.o(i.App_TCBInitHook)
    App_TaskCreateHook                       0x080004af   Thumb Code     2  app_hooks.o(i.App_TaskCreateHook)
    App_TaskDelHook                          0x080004b1   Thumb Code     2  app_hooks.o(i.App_TaskDelHook)
    App_TaskIdleHook                         0x080004b3   Thumb Code     2  app_hooks.o(i.App_TaskIdleHook)
    App_TaskReturnHook                       0x080004b5   Thumb Code     2  app_hooks.o(i.App_TaskReturnHook)
    App_TaskStatHook                         0x080004b7   Thumb Code     2  app_hooks.o(i.App_TaskStatHook)
    App_TaskSwHook                           0x080004b9   Thumb Code     2  app_hooks.o(i.App_TaskSwHook)
    App_TimeTickHook                         0x080004bb   Thumb Code     2  app_hooks.o(i.App_TimeTickHook)
    BusFault_Handler                         0x080004bd   Thumb Code     4  stm32f1xx_it.o(i.BusFault_Handler)
    ChkFilter                                0x080004c1   Thumb Code    92  filter.o(i.ChkFilter)
    DRVL298N_Init                            0x0800051d   Thumb Code   100  drvl298n.o(i.DRVL298N_Init)
    DebugMon_Handler                         0x0800058d   Thumb Code     2  stm32f1xx_it.o(i.DebugMon_Handler)
    GetEncodeValue                           0x0800058f   Thumb Code   164  syncmotor.o(i.GetEncodeValue)
    GetKeyValue                              0x08000635   Thumb Code   170  userapp.o(i.GetKeyValue)
    HAL_Delay                                0x080006e9   Thumb Code    26  stm32f1xx_hal.o(i.HAL_Delay)
    HAL_GPIO_Init                            0x08000705   Thumb Code   790  stm32f1xx_hal_gpio.o(i.HAL_GPIO_Init)
    HAL_GPIO_ReadPin                         0x08000a45   Thumb Code    16  stm32f1xx_hal_gpio.o(i.HAL_GPIO_ReadPin)
    HAL_GPIO_WritePin                        0x08000a55   Thumb Code    12  stm32f1xx_hal_gpio.o(i.HAL_GPIO_WritePin)
    HAL_GetTick                              0x08000a61   Thumb Code     6  stm32f1xx_hal.o(i.HAL_GetTick)
    HAL_Init                                 0x08000a6d   Thumb Code    34  stm32f1xx_hal.o(i.HAL_Init)
    HAL_InitTick                             0x08000a95   Thumb Code    36  stm32f1xx_hal.o(i.HAL_InitTick)
    HAL_MspInit                              0x08000ab9   Thumb Code     2  stm32f1xx_hal_msp.o(i.HAL_MspInit)
    HAL_NVIC_EnableIRQ                       0x08000abb   Thumb Code    26  stm32f1xx_hal_cortex.o(i.HAL_NVIC_EnableIRQ)
    HAL_NVIC_SetPriority                     0x08000ad5   Thumb Code   124  stm32f1xx_hal_cortex.o(i.HAL_NVIC_SetPriority)
    HAL_NVIC_SetPriorityGrouping             0x08000b51   Thumb Code    32  stm32f1xx_hal_cortex.o(i.HAL_NVIC_SetPriorityGrouping)
    HAL_RCC_ClockConfig                      0x08000b79   Thumb Code   648  stm32f1xx_hal_rcc.o(i.HAL_RCC_ClockConfig)
    HAL_RCC_GetHCLKFreq                      0x08000e11   Thumb Code     6  stm32f1xx_hal_rcc.o(i.HAL_RCC_GetHCLKFreq)
    HAL_RCC_GetPCLK1Freq                     0x08000e1d   Thumb Code    36  stm32f1xx_hal_rcc.o(i.HAL_RCC_GetPCLK1Freq)
    HAL_RCC_GetPCLK2Freq                     0x08000e49   Thumb Code    36  stm32f1xx_hal_rcc.o(i.HAL_RCC_GetPCLK2Freq)
    HAL_RCC_GetSysClockFreq                  0x08000e75   Thumb Code   146  stm32f1xx_hal_rcc.o(i.HAL_RCC_GetSysClockFreq)
    HAL_RCC_OscConfig                        0x08000f29   Thumb Code  2164  stm32f1xx_hal_rcc.o(i.HAL_RCC_OscConfig)
    HAL_SYSTICK_CLKSourceConfig              0x080017a1   Thumb Code    40  stm32f1xx_hal_cortex.o(i.HAL_SYSTICK_CLKSourceConfig)
    HAL_SYSTICK_Config                       0x080017c9   Thumb Code    52  stm32f1xx_hal_cortex.o(i.HAL_SYSTICK_Config)
    HAL_TIMEx_BreakCallback                  0x080017fd   Thumb Code     2  stm32f1xx_hal_tim_ex.o(i.HAL_TIMEx_BreakCallback)
    HAL_TIMEx_CommutationCallback            0x080017ff   Thumb Code     2  stm32f1xx_hal_tim_ex.o(i.HAL_TIMEx_CommutationCallback)
    HAL_TIMEx_MasterConfigSynchronization    0x08001801   Thumb Code    98  stm32f1xx_hal_tim_ex.o(i.HAL_TIMEx_MasterConfigSynchronization)
    HAL_TIM_Base_Init                        0x08001863   Thumb Code    52  stm32f1xx_hal_tim.o(i.HAL_TIM_Base_Init)
    HAL_TIM_Base_MspInit                     0x08001899   Thumb Code    58  timer.o(i.HAL_TIM_Base_MspInit)
    HAL_TIM_Base_Start_IT                    0x080018dd   Thumb Code    30  stm32f1xx_hal_tim.o(i.HAL_TIM_Base_Start_IT)
    HAL_TIM_IC_CaptureCallback               0x080018fb   Thumb Code     2  stm32f1xx_hal_tim.o(i.HAL_TIM_IC_CaptureCallback)
    HAL_TIM_IRQHandler                       0x080018fd   Thumb Code   406  stm32f1xx_hal_tim.o(i.HAL_TIM_IRQHandler)
    HAL_TIM_MspPostInit                      0x08001a95   Thumb Code   304  timer.o(i.HAL_TIM_MspPostInit)
    HAL_TIM_OC_DelayElapsedCallback          0x08001be1   Thumb Code     2  stm32f1xx_hal_tim.o(i.HAL_TIM_OC_DelayElapsedCallback)
    HAL_TIM_PWM_ConfigChannel                0x08001be3   Thumb Code   264  stm32f1xx_hal_tim.o(i.HAL_TIM_PWM_ConfigChannel)
    HAL_TIM_PWM_Init                         0x08001ceb   Thumb Code    52  stm32f1xx_hal_tim.o(i.HAL_TIM_PWM_Init)
    HAL_TIM_PWM_MspInit                      0x08001d21   Thumb Code   112  timer.o(i.HAL_TIM_PWM_MspInit)
    HAL_TIM_PWM_PulseFinishedCallback        0x08001d9d   Thumb Code     2  stm32f1xx_hal_tim.o(i.HAL_TIM_PWM_PulseFinishedCallback)
    HAL_TIM_PWM_Start                        0x08001da1   Thumb Code    68  stm32f1xx_hal_tim.o(i.HAL_TIM_PWM_Start)
    HAL_TIM_PeriodElapsedCallback            0x08001ded   Thumb Code   168  syncmotor.o(i.HAL_TIM_PeriodElapsedCallback)
    HAL_TIM_TriggerCallback                  0x08001ee5   Thumb Code     2  stm32f1xx_hal_tim.o(i.HAL_TIM_TriggerCallback)
    HAL_UART_ErrorCallback                   0x08001ee7   Thumb Code     2  stm32f1xx_hal_uart.o(i.HAL_UART_ErrorCallback)
    HAL_UART_GetState                        0x08001ee9   Thumb Code     8  stm32f1xx_hal_uart.o(i.HAL_UART_GetState)
    HAL_UART_IRQHandler                      0x08001ef1   Thumb Code   218  stm32f1xx_hal_uart.o(i.HAL_UART_IRQHandler)
    HAL_UART_Init                            0x08001fcb   Thumb Code   110  stm32f1xx_hal_uart.o(i.HAL_UART_Init)
    HAL_UART_MspInit                         0x08002039   Thumb Code   156  usart.o(i.HAL_UART_MspInit)
    HAL_UART_Receive_IT                      0x080020e1   Thumb Code   134  stm32f1xx_hal_uart.o(i.HAL_UART_Receive_IT)
    HAL_UART_RxCpltCallback                  0x08002169   Thumb Code   120  usart.o(i.HAL_UART_RxCpltCallback)
    HAL_UART_TxCpltCallback                  0x080021f1   Thumb Code     2  stm32f1xx_hal_uart.o(i.HAL_UART_TxCpltCallback)
    HardFault_Handler                        0x080021f3   Thumb Code     4  stm32f1xx_it.o(i.HardFault_Handler)
    LED_Init                                 0x080021f9   Thumb Code   116  led.o(i.LED_Init)
    MX_GPIO_Init                             0x08002279   Thumb Code   228  gpio.o(i.MX_GPIO_Init)
    MX_TIM2_Init                             0x0800236d   Thumb Code   104  timer.o(i.MX_TIM2_Init)
    MX_TIM3_Init                             0x080023d9   Thumb Code   122  timer.o(i.MX_TIM3_Init)
    MX_TIM4_Init                             0x0800245d   Thumb Code   122  timer.o(i.MX_TIM4_Init)
    MX_TIM6_Init                             0x080024e1   Thumb Code    54  timer.o(i.MX_TIM6_Init)
    MemManage_Handler                        0x08002521   Thumb Code     4  stm32f1xx_it.o(i.MemManage_Handler)
    NMI_Handler                              0x08002525   Thumb Code     2  stm32f1xx_it.o(i.NMI_Handler)
    OSInit                                   0x08002561   Thumb Code    44  os_core.o(i.OSInit)
    OSInitHookBegin                          0x0800258d   Thumb Code    34  os_cpu_c.o(i.OSInitHookBegin)
    OSInitHookEnd                            0x080025bd   Thumb Code     2  os_cpu_c.o(i.OSInitHookEnd)
    OSIntEnter                               0x080025c1   Thumb Code    28  os_core.o(i.OSIntEnter)
    OSIntExit                                0x080025e5   Thumb Code   112  os_core.o(i.OSIntExit)
    OSStart                                  0x08002675   Thumb Code    48  os_core.o(i.OSStart)
    OSStatInit                               0x080026bd   Thumb Code    62  os_core.o(i.OSStatInit)
    OSTCBInitHook                            0x08002709   Thumb Code    12  os_cpu_c.o(i.OSTCBInitHook)
    OSTaskCreateExt                          0x08002715   Thumb Code   170  os_task.o(i.OSTaskCreateExt)
    OSTaskCreateHook                         0x080027cd   Thumb Code    12  os_cpu_c.o(i.OSTaskCreateHook)
    OSTaskDel                                0x080027d9   Thumb Code   306  os_task.o(i.OSTaskDel)
    OSTaskDelHook                            0x08002939   Thumb Code    12  os_cpu_c.o(i.OSTaskDelHook)
    OSTaskIdleHook                           0x08002945   Thumb Code     8  os_cpu_c.o(i.OSTaskIdleHook)
    OSTaskNameSet                            0x0800294d   Thumb Code    98  os_task.o(i.OSTaskNameSet)
    OSTaskReturnHook                         0x080029bd   Thumb Code    12  os_cpu_c.o(i.OSTaskReturnHook)
    OSTaskStatHook                           0x080029c9   Thumb Code     8  os_cpu_c.o(i.OSTaskStatHook)
    OSTaskStkChk                             0x080029d1   Thumb Code   128  os_task.o(i.OSTaskStkChk)
    OSTaskStkInit                            0x08002a59   Thumb Code   160  os_cpu_c.o(i.OSTaskStkInit)
    OSTaskSuspend                            0x08002afd   Thumb Code   152  os_task.o(i.OSTaskSuspend)
    OSTaskSwHook                             0x08002ba5   Thumb Code     8  os_cpu_c.o(i.OSTaskSwHook)
    OSTimeDly                                0x08002bad   Thumb Code   100  os_time.o(i.OSTimeDly)
    OSTimeTick                               0x08002c25   Thumb Code   210  os_core.o(i.OSTimeTick)
    OSTimeTickHook                           0x08002d11   Thumb Code     8  os_cpu_c.o(i.OSTimeTickHook)
    OS_Dummy                                 0x08002d19   Thumb Code     2  os_core.o(i.OS_Dummy)
    OS_EventTaskRemove                       0x08002d1b   Thumb Code    46  os_core.o(i.OS_EventTaskRemove)
    OS_EventTaskRemoveMulti                  0x08002d49   Thumb Code    58  os_core.o(i.OS_EventTaskRemoveMulti)
    OS_FlagInit                              0x08002d85   Thumb Code    74  os_flag.o(i.OS_FlagInit)
    OS_FlagUnlink                            0x08002ddd   Thumb Code    36  os_flag.o(i.OS_FlagUnlink)
    OS_MemClr                                0x08003021   Thumb Code    18  os_core.o(i.OS_MemClr)
    OS_QInit                                 0x08003035   Thumb Code    72  os_q.o(i.OS_QInit)
    OS_Sched                                 0x08003085   Thumb Code    88  os_core.o(i.OS_Sched)
    OS_TCBInit                               0x08003125   Thumb Code   292  os_core.o(i.OS_TCBInit)
    OS_TaskIdle                              0x08003265   Thumb Code    34  os_core.o(i.OS_TaskIdle)
    OS_TaskReturn                            0x0800328d   Thumb Code    18  os_task.o(i.OS_TaskReturn)
    OS_TaskStat                              0x080032a5   Thumb Code   140  os_core.o(i.OS_TaskStat)
    OS_TaskStatStkChk                        0x08003345   Thumb Code    54  os_core.o(i.OS_TaskStatStkChk)
    OS_TaskStkClr                            0x08003381   Thumb Code    26  os_task.o(i.OS_TaskStkClr)
    ResetFilterCount                         0x0800339b   Thumb Code     6  filter.o(i.ResetFilterCount)
    SVC_Handler                              0x080033a1   Thumb Code     2  stm32f1xx_it.o(i.SVC_Handler)
    Stm32_Clock_Init                         0x080033a3   Thumb Code    86  sys.o(i.Stm32_Clock_Init)
    SysTick_Handler                          0x080033f9   Thumb Code    24  delay.o(i.SysTick_Handler)
    SystemInit                               0x08003415   Thumb Code    70  system_stm32f1xx.o(i.SystemInit)
    TIM6_IRQHandler                          0x0800346d   Thumb Code    10  stm32f1xx_it.o(i.TIM6_IRQHandler)
    TIM_Base_SetConfig                       0x0800347d   Thumb Code   124  stm32f1xx_hal_tim.o(i.TIM_Base_SetConfig)
    TIM_CCxChannelCmd                        0x0800350d   Thumb Code    28  stm32f1xx_hal_tim.o(i.TIM_CCxChannelCmd)
    TIM_OC2_SetConfig                        0x080035a1   Thumb Code   120  stm32f1xx_hal_tim.o(i.TIM_OC2_SetConfig)
    USART1_IRQHandler                        0x08003a1d   Thumb Code    64  usart.o(i.USART1_IRQHandler)
    UsageFault_Handler                       0x08003a65   Thumb Code     4  stm32f1xx_it.o(i.UsageFault_Handler)
    _sys_exit                                0x08003a69   Thumb Code     4  usart.o(i._sys_exit)
    delay_init                               0x08003a6d   Thumb Code    58  delay.o(i.delay_init)
    fputc                                    0x08003ab1   Thumb Code    24  usart.o(i.fputc)
    main                                     0x08003acd   Thumb Code    88  main.o(i.main)
    motordrive_func                          0x08003b41   Thumb Code     2  userapp.o(i.motordrive_func)
    motordrive_init                          0x08003b43   Thumb Code     8  userapp.o(i.motordrive_init)
    motordrive_task                          0x08003b4b   Thumb Code    18  main.o(i.motordrive_task)
    remotectrl_func                          0x08003b5d   Thumb Code   120  userapp.o(i.remotectrl_func)
    remotectrl_init                          0x08003c11   Thumb Code    46  userapp.o(i.remotectrl_init)
    remotectrl_task                          0x08003c45   Thumb Code    18  main.o(i.remotectrl_task)
    start_task                               0x08003c59   Thumb Code    96  main.o(i.start_task)
    uart_init                                0x08003cd1   Thumb Code    44  usart.o(i.uart_init)
    AHBPrescTable                            0x08003d08   Data          16  system_stm32f1xx.o(.constdata)
    APBPrescTable                            0x08003d18   Data           8  system_stm32f1xx.o(.constdata)
    OSUnMapTbl                               0x08003d20   Data         256  os_core.o(.constdata)
    Region$$Table$$Base                      0x08003e20   Number         0  anon$$obj.o(Region$$Table)
    Region$$Table$$Limit                     0x08003e40   Number         0  anon$$obj.o(Region$$Table)
    SystemCoreClock                          0x20000000   Data           4  system_stm32f1xx.o(.data)
    __stdout                                 0x20000010   Data           4  usart.o(.data)
    USART_RX_STA                             0x20000014   Data           2  usart.o(.data)
    aRxBuffer                                0x20000016   Data           1  usart.o(.data)
    OSCtxSwCtr                               0x20000018   Data           4  os_core.o(.data)
    OSEventFreeList                          0x2000001c   Data           4  os_core.o(.data)
    OSFlagFreeList                           0x20000020   Data           4  os_core.o(.data)
    OSCPUUsage                               0x20000024   Data           1  os_core.o(.data)
    OSIdleCtrMax                             0x20000028   Data           4  os_core.o(.data)
    OSIdleCtrRun                             0x2000002c   Data           4  os_core.o(.data)
    OSStatRdy                                0x20000030   Data           1  os_core.o(.data)
    OSIntNesting                             0x20000031   Data           1  os_core.o(.data)
    OSLockNesting                            0x20000032   Data           1  os_core.o(.data)
    OSPrioCur                                0x20000033   Data           1  os_core.o(.data)
    OSPrioHighRdy                            0x20000034   Data           1  os_core.o(.data)
    OSRdyGrp                                 0x20000035   Data           1  os_core.o(.data)
    OSRdyTbl                                 0x20000036   Data           8  os_core.o(.data)
    OSRunning                                0x2000003e   Data           1  os_core.o(.data)
    OSTaskCtr                                0x2000003f   Data           1  os_core.o(.data)
    OSIdleCtr                                0x20000040   Data           4  os_core.o(.data)
    OSTCBCur                                 0x20000044   Data           4  os_core.o(.data)
    OSTCBFreeList                            0x20000048   Data           4  os_core.o(.data)
    OSTCBHighRdy                             0x2000004c   Data           4  os_core.o(.data)
    OSTCBList                                0x20000050   Data           4  os_core.o(.data)
    OSTickStepState                          0x20000054   Data           1  os_core.o(.data)
    OSQFreeList                              0x20000058   Data           4  os_core.o(.data)
    OSTaskRegNextAvailID                     0x2000005c   Data           1  os_core.o(.data)
    OSTime                                   0x20000060   Data           4  os_core.o(.data)
    OS_CPU_ExceptStkBase                     0x20000064   Data           4  os_cpu_c.o(.data)
    g_encoder_count1                         0x20000068   Data           4  syncmotor.o(.data)
    g_encoder_count2                         0x2000006c   Data           4  syncmotor.o(.data)
    g_encoder_count3                         0x20000070   Data           4  syncmotor.o(.data)
    g_encoder_count4                         0x20000074   Data           4  syncmotor.o(.data)
    g_motorType                              0x20000078   Data           1  syncmotor.o(.data)
    START_TASK_STK                           0x20000088   Data         512  main.o(.bss)
    MOTOR_TASK_STK                           0x20000288   Data        2048  main.o(.bss)
    REMOTE_TASK_STK                          0x20000a88   Data         512  main.o(.bss)
    USART_RX_BUF                             0x20000c88   Data         200  usart.o(.bss)
    UART1_Handler                            0x20000d50   Data          64  usart.o(.bss)
    yk_KEYFilter                             0x20000d90   Data         192  userapp.o(.bss)
    htim2                                    0x20000e50   Data          60  timer.o(.bss)
    htim3                                    0x20000e8c   Data          60  timer.o(.bss)
    htim4                                    0x20000ec8   Data          60  timer.o(.bss)
    htim6                                    0x20000f04   Data          60  timer.o(.bss)
    OSEventTbl                               0x20000f40   Data         480  os_core.o(.bss)
    OSFlagTbl                                0x20001120   Data          80  os_core.o(.bss)
    OSTaskStatStk                            0x20001170   Data         512  os_core.o(.bss)
    OSTaskIdleStk                            0x20001370   Data         512  os_core.o(.bss)
    OSTCBPrioTbl                             0x20001570   Data         256  os_core.o(.bss)
    OSTCBTbl                                 0x20001670   Data        1936  os_core.o(.bss)
    OSQTbl                                   0x20001e00   Data          96  os_core.o(.bss)
    OS_CPU_ExceptStk                         0x20001e60   Data         512  os_cpu_c.o(.bss)
    __libspace_start                         0x20002060   Data          96  libspace.o(.bss)
    __temporary_stack_top$libspace           0x200020c0   Data           0  libspace.o(.bss)



==============================================================================

Memory Map of the image

  Image Entry point : 0x08000131

  Load Region LR_IROM1 (Base: 0x08000000, Size: 0x00003ec8, Max: 0x00080000, ABSOLUTE)

    Execution Region ER_IROM1 (Base: 0x08000000, Size: 0x00003e40, Max: 0x00080000, ABSOLUTE)

    Base Addr    Size         Type   Attr      Idx    E Section Name        Object

    0x08000000   0x00000130   Data   RO          495    RESET               startup_stm32f103xe.o
    0x08000130   0x00000008   Code   RO         4772  * !!!main             c_w.l(__main.o)
    0x08000138   0x00000034   Code   RO         4993    !!!scatter          c_w.l(__scatter.o)
    0x0800016c   0x0000001a   Code   RO         4995    !!handler_copy      c_w.l(__scatter_copy.o)
    0x08000186   0x00000002   PAD
    0x08000188   0x0000001c   Code   RO         4997    !!handler_zi        c_w.l(__scatter_zi.o)
    0x080001a4   0x00000000   Code   RO         4765    .ARM.Collect$$_printf_percent$$00000000  c_w.l(_printf_percent.o)
    0x080001a4   0x00000004   Code   RO         4817    .ARM.Collect$$_printf_percent$$00000017  c_w.l(_printf_percent_end.o)
    0x080001a8   0x00000002   Code   RO         4867    .ARM.Collect$$libinit$$00000000  c_w.l(libinit.o)
    0x080001aa   0x00000000   Code   RO         4880    .ARM.Collect$$libinit$$00000002  c_w.l(libinit2.o)
    0x080001aa   0x00000000   Code   RO         4882    .ARM.Collect$$libinit$$00000004  c_w.l(libinit2.o)
    0x080001aa   0x00000000   Code   RO         4885    .ARM.Collect$$libinit$$0000000A  c_w.l(libinit2.o)
    0x080001aa   0x00000000   Code   RO         4887    .ARM.Collect$$libinit$$0000000C  c_w.l(libinit2.o)
    0x080001aa   0x00000000   Code   RO         4889    .ARM.Collect$$libinit$$0000000E  c_w.l(libinit2.o)
    0x080001aa   0x00000000   Code   RO         4892    .ARM.Collect$$libinit$$00000011  c_w.l(libinit2.o)
    0x080001aa   0x00000000   Code   RO         4894    .ARM.Collect$$libinit$$00000013  c_w.l(libinit2.o)
    0x080001aa   0x00000000   Code   RO         4896    .ARM.Collect$$libinit$$00000015  c_w.l(libinit2.o)
    0x080001aa   0x00000000   Code   RO         4898    .ARM.Collect$$libinit$$00000017  c_w.l(libinit2.o)
    0x080001aa   0x00000000   Code   RO         4900    .ARM.Collect$$libinit$$00000019  c_w.l(libinit2.o)
    0x080001aa   0x00000000   Code   RO         4902    .ARM.Collect$$libinit$$0000001B  c_w.l(libinit2.o)
    0x080001aa   0x00000000   Code   RO         4904    .ARM.Collect$$libinit$$0000001D  c_w.l(libinit2.o)
    0x080001aa   0x00000000   Code   RO         4906    .ARM.Collect$$libinit$$0000001F  c_w.l(libinit2.o)
    0x080001aa   0x00000000   Code   RO         4908    .ARM.Collect$$libinit$$00000021  c_w.l(libinit2.o)
    0x080001aa   0x00000000   Code   RO         4910    .ARM.Collect$$libinit$$00000023  c_w.l(libinit2.o)
    0x080001aa   0x00000000   Code   RO         4912    .ARM.Collect$$libinit$$00000025  c_w.l(libinit2.o)
    0x080001aa   0x00000000   Code   RO         4916    .ARM.Collect$$libinit$$0000002C  c_w.l(libinit2.o)
    0x080001aa   0x00000000   Code   RO         4918    .ARM.Collect$$libinit$$0000002E  c_w.l(libinit2.o)
    0x080001aa   0x00000000   Code   RO         4920    .ARM.Collect$$libinit$$00000030  c_w.l(libinit2.o)
    0x080001aa   0x00000000   Code   RO         4922    .ARM.Collect$$libinit$$00000032  c_w.l(libinit2.o)
    0x080001aa   0x00000002   Code   RO         4923    .ARM.Collect$$libinit$$00000033  c_w.l(libinit2.o)
    0x080001ac   0x00000002   Code   RO         4949    .ARM.Collect$$libshutdown$$00000000  c_w.l(libshutdown.o)
    0x080001ae   0x00000000   Code   RO         4976    .ARM.Collect$$libshutdown$$00000002  c_w.l(libshutdown2.o)
    0x080001ae   0x00000000   Code   RO         4978    .ARM.Collect$$libshutdown$$00000004  c_w.l(libshutdown2.o)
    0x080001ae   0x00000000   Code   RO         4981    .ARM.Collect$$libshutdown$$00000007  c_w.l(libshutdown2.o)
    0x080001ae   0x00000000   Code   RO         4984    .ARM.Collect$$libshutdown$$0000000A  c_w.l(libshutdown2.o)
    0x080001ae   0x00000000   Code   RO         4986    .ARM.Collect$$libshutdown$$0000000C  c_w.l(libshutdown2.o)
    0x080001ae   0x00000000   Code   RO         4989    .ARM.Collect$$libshutdown$$0000000F  c_w.l(libshutdown2.o)
    0x080001ae   0x00000002   Code   RO         4990    .ARM.Collect$$libshutdown$$00000010  c_w.l(libshutdown2.o)
    0x080001b0   0x00000000   Code   RO         4808    .ARM.Collect$$rtentry$$00000000  c_w.l(__rtentry.o)
    0x080001b0   0x00000000   Code   RO         4830    .ARM.Collect$$rtentry$$00000002  c_w.l(__rtentry2.o)
    0x080001b0   0x00000006   Code   RO         4842    .ARM.Collect$$rtentry$$00000004  c_w.l(__rtentry4.o)
    0x080001b6   0x00000000   Code   RO         4832    .ARM.Collect$$rtentry$$00000009  c_w.l(__rtentry2.o)
    0x080001b6   0x00000004   Code   RO         4833    .ARM.Collect$$rtentry$$0000000A  c_w.l(__rtentry2.o)
    0x080001ba   0x00000000   Code   RO         4835    .ARM.Collect$$rtentry$$0000000C  c_w.l(__rtentry2.o)
    0x080001ba   0x00000008   Code   RO         4836    .ARM.Collect$$rtentry$$0000000D  c_w.l(__rtentry2.o)
    0x080001c2   0x00000002   Code   RO         4871    .ARM.Collect$$rtexit$$00000000  c_w.l(rtexit.o)
    0x080001c4   0x00000000   Code   RO         4925    .ARM.Collect$$rtexit$$00000002  c_w.l(rtexit2.o)
    0x080001c4   0x00000004   Code   RO         4926    .ARM.Collect$$rtexit$$00000003  c_w.l(rtexit2.o)
    0x080001c8   0x00000006   Code   RO         4927    .ARM.Collect$$rtexit$$00000004  c_w.l(rtexit2.o)
    0x080001ce   0x00000002   PAD
    0x080001d0   0x00000040   Code   RO          496    .text               startup_stm32f103xe.o
    0x08000210   0x000000b0   Code   RO         4549    .text               os_cpu_a.o
    0x080002c0   0x00000002   Code   RO         4732    .text               c_w.l(use_no_semi_2.o)
    0x080002c2   0x00000002   PAD
    0x080002c4   0x00000018   Code   RO         4738    .text               c_w.l(noretval__2printf.o)
    0x080002dc   0x000000b8   Code   RO         4747    .text               c_w.l(__printf_ss.o)
    0x08000394   0x0000004e   Code   RO         4768    .text               c_w.l(rt_memclr_w.o)
    0x080003e2   0x00000006   Code   RO         4770    .text               c_w.l(heapauxi.o)
    0x080003e8   0x00000002   Code   RO         4806    .text               c_w.l(use_no_semi.o)
    0x080003ea   0x00000002   PAD
    0x080003ec   0x00000024   Code   RO         4815    .text               c_w.l(_printf_char_file.o)
    0x08000410   0x00000030   Code   RO         4846    .text               c_w.l(_printf_char_common.o)
    0x08000440   0x00000008   Code   RO         4848    .text               c_w.l(ferror.o)
    0x08000448   0x0000004a   Code   RO         4852    .text               c_w.l(sys_stackheap_outer.o)
    0x08000492   0x00000012   Code   RO         4856    .text               c_w.l(exit.o)
    0x080004a4   0x00000008   Code   RO         4868    .text               c_w.l(libspace.o)
    0x080004ac   0x00000002   Code   RO         4555    i.App_TCBInitHook   app_hooks.o
    0x080004ae   0x00000002   Code   RO         4556    i.App_TaskCreateHook  app_hooks.o
    0x080004b0   0x00000002   Code   RO         4557    i.App_TaskDelHook   app_hooks.o
    0x080004b2   0x00000002   Code   RO         4558    i.App_TaskIdleHook  app_hooks.o
    0x080004b4   0x00000002   Code   RO         4559    i.App_TaskReturnHook  app_hooks.o
    0x080004b6   0x00000002   Code   RO         4560    i.App_TaskStatHook  app_hooks.o
    0x080004b8   0x00000002   Code   RO         4561    i.App_TaskSwHook    app_hooks.o
    0x080004ba   0x00000002   Code   RO         4562    i.App_TimeTickHook  app_hooks.o
    0x080004bc   0x00000004   Code   RO          272    i.BusFault_Handler  stm32f1xx_it.o
    0x080004c0   0x0000005c   Code   RO         4691    i.ChkFilter         filter.o
    0x0800051c   0x00000070   Code   RO         2879    i.DRVL298N_Init     drvl298n.o
    0x0800058c   0x00000002   Code   RO          273    i.DebugMon_Handler  stm32f1xx_it.o
    0x0800058e   0x000000a4   Code   RO         4621    i.GetEncodeValue    syncmotor.o
    0x08000632   0x00000002   PAD
    0x08000634   0x000000b4   Code   RO         2713    i.GetKeyValue       userapp.o
    0x080006e8   0x0000001a   Code   RO          510    i.HAL_Delay         stm32f1xx_hal.o
    0x08000702   0x00000002   PAD
    0x08000704   0x00000340   Code   RO          839    i.HAL_GPIO_Init     stm32f1xx_hal_gpio.o
    0x08000a44   0x00000010   Code   RO          841    i.HAL_GPIO_ReadPin  stm32f1xx_hal_gpio.o
    0x08000a54   0x0000000c   Code   RO          843    i.HAL_GPIO_WritePin  stm32f1xx_hal_gpio.o
    0x08000a60   0x0000000c   Code   RO          514    i.HAL_GetTick       stm32f1xx_hal.o
    0x08000a6c   0x00000028   Code   RO          516    i.HAL_Init          stm32f1xx_hal.o
    0x08000a94   0x00000024   Code   RO          517    i.HAL_InitTick      stm32f1xx_hal.o
    0x08000ab8   0x00000002   Code   RO          467    i.HAL_MspInit       stm32f1xx_hal_msp.o
    0x08000aba   0x0000001a   Code   RO          639    i.HAL_NVIC_EnableIRQ  stm32f1xx_hal_cortex.o
    0x08000ad4   0x0000007c   Code   RO          645    i.HAL_NVIC_SetPriority  stm32f1xx_hal_cortex.o
    0x08000b50   0x00000028   Code   RO          646    i.HAL_NVIC_SetPriorityGrouping  stm32f1xx_hal_cortex.o
    0x08000b78   0x00000298   Code   RO         1064    i.HAL_RCC_ClockConfig  stm32f1xx_hal_rcc.o
    0x08000e10   0x0000000c   Code   RO         1069    i.HAL_RCC_GetHCLKFreq  stm32f1xx_hal_rcc.o
    0x08000e1c   0x0000002c   Code   RO         1071    i.HAL_RCC_GetPCLK1Freq  stm32f1xx_hal_rcc.o
    0x08000e48   0x0000002c   Code   RO         1072    i.HAL_RCC_GetPCLK2Freq  stm32f1xx_hal_rcc.o
    0x08000e74   0x000000b4   Code   RO         1073    i.HAL_RCC_GetSysClockFreq  stm32f1xx_hal_rcc.o
    0x08000f28   0x00000878   Code   RO         1076    i.HAL_RCC_OscConfig  stm32f1xx_hal_rcc.o
    0x080017a0   0x00000028   Code   RO          648    i.HAL_SYSTICK_CLKSourceConfig  stm32f1xx_hal_cortex.o
    0x080017c8   0x00000034   Code   RO          650    i.HAL_SYSTICK_Config  stm32f1xx_hal_cortex.o
    0x080017fc   0x00000002   Code   RO         2307    i.HAL_TIMEx_BreakCallback  stm32f1xx_hal_tim_ex.o
    0x080017fe   0x00000002   Code   RO         2308    i.HAL_TIMEx_CommutationCallback  stm32f1xx_hal_tim_ex.o
    0x08001800   0x00000062   Code   RO         2324    i.HAL_TIMEx_MasterConfigSynchronization  stm32f1xx_hal_tim_ex.o
    0x08001862   0x00000034   Code   RO         1668    i.HAL_TIM_Base_Init  stm32f1xx_hal_tim.o
    0x08001896   0x00000002   PAD
    0x08001898   0x00000044   Code   RO         2798    i.HAL_TIM_Base_MspInit  timer.o
    0x080018dc   0x0000001e   Code   RO         1673    i.HAL_TIM_Base_Start_IT  stm32f1xx_hal_tim.o
    0x080018fa   0x00000002   Code   RO         1697    i.HAL_TIM_IC_CaptureCallback  stm32f1xx_hal_tim.o
    0x080018fc   0x00000196   Code   RO         1710    i.HAL_TIM_IRQHandler  stm32f1xx_hal_tim.o
    0x08001a92   0x00000002   PAD
    0x08001a94   0x0000014c   Code   RO         2799    i.HAL_TIM_MspPostInit  timer.o
    0x08001be0   0x00000002   Code   RO         1713    i.HAL_TIM_OC_DelayElapsedCallback  stm32f1xx_hal_tim.o
    0x08001be2   0x00000108   Code   RO         1734    i.HAL_TIM_PWM_ConfigChannel  stm32f1xx_hal_tim.o
    0x08001cea   0x00000034   Code   RO         1737    i.HAL_TIM_PWM_Init  stm32f1xx_hal_tim.o
    0x08001d1e   0x00000002   PAD
    0x08001d20   0x0000007c   Code   RO         2801    i.HAL_TIM_PWM_MspInit  timer.o
    0x08001d9c   0x00000002   Code   RO         1740    i.HAL_TIM_PWM_PulseFinishedCallback  stm32f1xx_hal_tim.o
    0x08001d9e   0x00000002   PAD
    0x08001da0   0x0000004c   Code   RO         1741    i.HAL_TIM_PWM_Start  stm32f1xx_hal_tim.o
    0x08001dec   0x000000f8   Code   RO         4622    i.HAL_TIM_PeriodElapsedCallback  syncmotor.o
    0x08001ee4   0x00000002   Code   RO         1751    i.HAL_TIM_TriggerCallback  stm32f1xx_hal_tim.o
    0x08001ee6   0x00000002   Code   RO         1213    i.HAL_UART_ErrorCallback  stm32f1xx_hal_uart.o
    0x08001ee8   0x00000008   Code   RO         1215    i.HAL_UART_GetState  stm32f1xx_hal_uart.o
    0x08001ef0   0x000000da   Code   RO         1216    i.HAL_UART_IRQHandler  stm32f1xx_hal_uart.o
    0x08001fca   0x0000006e   Code   RO         1217    i.HAL_UART_Init     stm32f1xx_hal_uart.o
    0x08002038   0x000000a8   Code   RO         2648    i.HAL_UART_MspInit  usart.o
    0x080020e0   0x00000086   Code   RO         1222    i.HAL_UART_Receive_IT  stm32f1xx_hal_uart.o
    0x08002166   0x00000002   PAD
    0x08002168   0x00000088   Code   RO         2649    i.HAL_UART_RxCpltCallback  usart.o
    0x080021f0   0x00000002   Code   RO         1228    i.HAL_UART_TxCpltCallback  stm32f1xx_hal_uart.o
    0x080021f2   0x00000004   Code   RO          274    i.HardFault_Handler  stm32f1xx_it.o
    0x080021f6   0x00000002   PAD
    0x080021f8   0x00000080   Code   RO         2773    i.LED_Init          led.o
    0x08002278   0x000000f4   Code   RO         2952    i.MX_GPIO_Init      gpio.o
    0x0800236c   0x0000006c   Code   RO         2802    i.MX_TIM2_Init      timer.o
    0x080023d8   0x00000084   Code   RO         2803    i.MX_TIM3_Init      timer.o
    0x0800245c   0x00000084   Code   RO         2804    i.MX_TIM4_Init      timer.o
    0x080024e0   0x00000040   Code   RO         2805    i.MX_TIM6_Init      timer.o
    0x08002520   0x00000004   Code   RO          275    i.MemManage_Handler  stm32f1xx_it.o
    0x08002524   0x00000002   Code   RO          276    i.NMI_Handler       stm32f1xx_it.o
    0x08002526   0x00000002   PAD
    0x08002528   0x00000010   Code   RO          652    i.NVIC_GetPriorityGrouping  stm32f1xx_hal_cortex.o
    0x08002538   0x00000028   Code   RO          653    i.NVIC_SetPriority  stm32f1xx_hal_cortex.o
    0x08002560   0x0000002c   Code   RO         3775    i.OSInit            os_core.o
    0x0800258c   0x00000030   Code   RO         4445    i.OSInitHookBegin   os_cpu_c.o
    0x080025bc   0x00000002   Code   RO         4446    i.OSInitHookEnd     os_cpu_c.o
    0x080025be   0x00000002   PAD
    0x080025c0   0x00000024   Code   RO         3776    i.OSIntEnter        os_core.o
    0x080025e4   0x00000090   Code   RO         3777    i.OSIntExit         os_core.o
    0x08002674   0x00000048   Code   RO         3780    i.OSStart           os_core.o
    0x080026bc   0x0000004c   Code   RO         3781    i.OSStatInit        os_core.o
    0x08002708   0x0000000c   Code   RO         4447    i.OSTCBInitHook     os_cpu_c.o
    0x08002714   0x000000b8   Code   RO         4300    i.OSTaskCreateExt   os_task.o
    0x080027cc   0x0000000c   Code   RO         4448    i.OSTaskCreateHook  os_cpu_c.o
    0x080027d8   0x00000160   Code   RO         4301    i.OSTaskDel         os_task.o
    0x08002938   0x0000000c   Code   RO         4449    i.OSTaskDelHook     os_cpu_c.o
    0x08002944   0x00000008   Code   RO         4450    i.OSTaskIdleHook    os_cpu_c.o
    0x0800294c   0x00000070   Code   RO         4304    i.OSTaskNameSet     os_task.o
    0x080029bc   0x0000000c   Code   RO         4451    i.OSTaskReturnHook  os_cpu_c.o
    0x080029c8   0x00000008   Code   RO         4452    i.OSTaskStatHook    os_cpu_c.o
    0x080029d0   0x00000088   Code   RO         4310    i.OSTaskStkChk      os_task.o
    0x08002a58   0x000000a4   Code   RO         4453    i.OSTaskStkInit     os_cpu_c.o
    0x08002afc   0x000000a8   Code   RO         4311    i.OSTaskSuspend     os_task.o
    0x08002ba4   0x00000008   Code   RO         4454    i.OSTaskSwHook      os_cpu_c.o
    0x08002bac   0x00000078   Code   RO         4400    i.OSTimeDly         os_time.o
    0x08002c24   0x000000ec   Code   RO         3782    i.OSTimeTick        os_core.o
    0x08002d10   0x00000008   Code   RO         4455    i.OSTimeTickHook    os_cpu_c.o
    0x08002d18   0x00000002   Code   RO         3784    i.OS_Dummy          os_core.o
    0x08002d1a   0x0000002e   Code   RO         3786    i.OS_EventTaskRemove  os_core.o
    0x08002d48   0x0000003a   Code   RO         3787    i.OS_EventTaskRemoveMulti  os_core.o
    0x08002d82   0x00000002   PAD
    0x08002d84   0x00000058   Code   RO         3993    i.OS_FlagInit       os_flag.o
    0x08002ddc   0x00000024   Code   RO         3995    i.OS_FlagUnlink     os_flag.o
    0x08002e00   0x00000060   Code   RO         3791    i.OS_InitEventList  os_core.o
    0x08002e60   0x0000005c   Code   RO         3792    i.OS_InitMisc       os_core.o
    0x08002ebc   0x00000044   Code   RO         3793    i.OS_InitRdyList    os_core.o
    0x08002f00   0x00000080   Code   RO         3794    i.OS_InitTCBList    os_core.o
    0x08002f80   0x00000050   Code   RO         3795    i.OS_InitTaskIdle   os_core.o
    0x08002fd0   0x00000050   Code   RO         3796    i.OS_InitTaskStat   os_core.o
    0x08003020   0x00000012   Code   RO         3797    i.OS_MemClr         os_core.o
    0x08003032   0x00000002   PAD
    0x08003034   0x00000050   Code   RO         4182    i.OS_QInit          os_q.o
    0x08003084   0x00000074   Code   RO         3799    i.OS_Sched          os_core.o
    0x080030f8   0x0000002c   Code   RO         3800    i.OS_SchedNew       os_core.o
    0x08003124   0x00000140   Code   RO         3802    i.OS_TCBInit        os_core.o
    0x08003264   0x00000028   Code   RO         3803    i.OS_TaskIdle       os_core.o
    0x0800328c   0x00000018   Code   RO         4312    i.OS_TaskReturn     os_task.o
    0x080032a4   0x000000a0   Code   RO         3804    i.OS_TaskStat       os_core.o
    0x08003344   0x0000003c   Code   RO         3805    i.OS_TaskStatStkChk  os_core.o
    0x08003380   0x0000001a   Code   RO         4313    i.OS_TaskStkClr     os_task.o
    0x0800339a   0x00000006   Code   RO         4693    i.ResetFilterCount  filter.o
    0x080033a0   0x00000002   Code   RO          277    i.SVC_Handler       stm32f1xx_it.o
    0x080033a2   0x00000056   Code   RO         2605    i.Stm32_Clock_Init  sys.o
    0x080033f8   0x0000001c   Code   RO         2540    i.SysTick_Handler   delay.o
    0x08003414   0x00000058   Code   RO          354    i.SystemInit        system_stm32f1xx.o
    0x0800346c   0x00000010   Code   RO          278    i.TIM6_IRQHandler   stm32f1xx_it.o
    0x0800347c   0x00000090   Code   RO         1752    i.TIM_Base_SetConfig  stm32f1xx_hal_tim.o
    0x0800350c   0x0000001c   Code   RO         1753    i.TIM_CCxChannelCmd  stm32f1xx_hal_tim.o
    0x08003528   0x00000078   Code   RO         1761    i.TIM_OC1_SetConfig  stm32f1xx_hal_tim.o
    0x080035a0   0x00000080   Code   RO         1762    i.TIM_OC2_SetConfig  stm32f1xx_hal_tim.o
    0x08003620   0x00000080   Code   RO         1763    i.TIM_OC3_SetConfig  stm32f1xx_hal_tim.o
    0x080036a0   0x00000058   Code   RO         1764    i.TIM_OC4_SetConfig  stm32f1xx_hal_tim.o
    0x080036f8   0x00000030   Code   RO         1235    i.UART_EndTransmit_IT  stm32f1xx_hal_uart.o
    0x08003728   0x000000bc   Code   RO         1236    i.UART_Receive_IT   stm32f1xx_hal_uart.o
    0x080037e4   0x000001c8   Code   RO         1237    i.UART_SetConfig    stm32f1xx_hal_uart.o
    0x080039ac   0x00000070   Code   RO         1238    i.UART_Transmit_IT  stm32f1xx_hal_uart.o
    0x08003a1c   0x00000048   Code   RO         2650    i.USART1_IRQHandler  usart.o
    0x08003a64   0x00000004   Code   RO          279    i.UsageFault_Handler  stm32f1xx_it.o
    0x08003a68   0x00000004   Code   RO         2651    i._sys_exit         usart.o
    0x08003a6c   0x00000044   Code   RO         2541    i.delay_init        delay.o
    0x08003ab0   0x0000001c   Code   RO         2652    i.fputc             usart.o
    0x08003acc   0x00000074   Code   RO            4    i.main              main.o
    0x08003b40   0x00000002   Code   RO         2714    i.motordrive_func   userapp.o
    0x08003b42   0x00000008   Code   RO         2715    i.motordrive_init   userapp.o
    0x08003b4a   0x00000012   Code   RO            5    i.motordrive_task   main.o
    0x08003b5c   0x000000b4   Code   RO         2716    i.remotectrl_func   userapp.o
    0x08003c10   0x00000034   Code   RO         2717    i.remotectrl_init   userapp.o
    0x08003c44   0x00000012   Code   RO            6    i.remotectrl_task   main.o
    0x08003c56   0x00000002   PAD
    0x08003c58   0x00000078   Code   RO            7    i.start_task        main.o
    0x08003cd0   0x00000038   Code   RO         2653    i.uart_init         usart.o
    0x08003d08   0x00000018   Data   RO          355    .constdata          system_stm32f1xx.o
    0x08003d20   0x00000100   Data   RO         3807    .constdata          os_core.o
    0x08003e20   0x00000020   Data   RO         4991    Region$$Table       anon$$obj.o


    Execution Region RW_IRAM1 (Base: 0x20000000, Size: 0x000026c0, Max: 0x00010000, ABSOLUTE)

    Base Addr    Size         Type   Attr      Idx    E Section Name        Object

    0x20000000   0x00000004   Data   RW          356    .data               system_stm32f1xx.o
    0x20000004   0x00000004   Data   RW          522    .data               stm32f1xx_hal.o
    0x20000008   0x00000006   Data   RW         2547    .data               delay.o
    0x2000000e   0x00000002   PAD
    0x20000010   0x00000007   Data   RW         2655    .data               usart.o
    0x20000017   0x00000001   PAD
    0x20000018   0x0000004c   Data   RW         3808    .data               os_core.o
    0x20000064   0x00000004   Data   RW         4459    .data               os_cpu_c.o
    0x20000068   0x0000001d   Data   RW         4630    .data               syncmotor.o
    0x20000085   0x00000003   PAD
    0x20000088   0x00000c00   Zero   RW            8    .bss                main.o
    0x20000c88   0x00000108   Zero   RW         2654    .bss                usart.o
    0x20000d90   0x000000c0   Zero   RW         2718    .bss                userapp.o
    0x20000e50   0x000000f0   Zero   RW         2806    .bss                timer.o
    0x20000f40   0x00000f20   Zero   RW         3806    .bss                os_core.o
    0x20001e60   0x00000200   Zero   RW         4458    .bss                os_cpu_c.o
    0x20002060   0x00000060   Zero   RW         4869    .bss                c_w.l(libspace.o)
    0x200020c0   0x00000200   Zero   RW          494    HEAP                startup_stm32f103xe.o
    0x200022c0   0x00000400   Zero   RW          493    STACK               startup_stm32f103xe.o


==============================================================================

Image component sizes


      Code (inc. data)   RO Data    RW Data    ZI Data      Debug   Object Name

        16          0          0          0          0       3484   app_hooks.o
        96         14          0          6          0       1131   delay.o
       112         12          0          0          0        496   drvl298n.o
        98          0          0          0          0       1123   filter.o
       244         16          0          0          0        971   gpio.o
       128         12          0          0          0        819   led.o
       272         52          0          0       3072     508385   main.o
      2016        372        256         76       3872      20309   os_core.o
       176         36          0          0          0        376   os_cpu_a.o
       294         18          0          4        512      15091   os_cpu_c.o
       124         14          0          0          0       1166   os_flag.o
        80          8          0          0          0        547   os_q.o
      1002        104          0          0          0       5757   os_task.o
       120         20          0          0          0        612   os_time.o
        64         26        304          0       1536        764   startup_stm32f103xe.o
       114         12          0          4          0       2944   stm32f1xx_hal.o
       338         22          0          0          0      26405   stm32f1xx_hal_cortex.o
       860         42          0          0          0       3363   stm32f1xx_hal_gpio.o
         2          0          0          0          0        378   stm32f1xx_hal_msp.o
      3112        100          0          0          0       5536   stm32f1xx_hal_rcc.o
      1524         64          0          0          0      10570   stm32f1xx_hal_tim.o
       102          0          0          0          0       2122   stm32f1xx_hal_tim_ex.o
      1278          6          0          0          0       6755   stm32f1xx_hal_uart.o
        38          6          0          0          0       3057   stm32f1xx_it.o
       412         80          0         29          0       3261   syncmotor.o
        86          0          0          0          0        659   sys.o
        88         18         24          4          0        975   system_stm32f1xx.o
       960         84          0          0        240       4737   timer.o
       464         52          0          7        264       5025   usart.o
       422         90          0          0        192       4361   userapp.o

    ----------------------------------------------------------------------
     14668       1280        616        136       9688     641179   Object Totals
         0          0         32          0          0          0   (incl. Generated)
        26          0          0          6          0          0   (incl. Padding)

    ----------------------------------------------------------------------

      Code (inc. data)   RO Data    RW Data    ZI Data      Debug   Library Member Name

         8          0          0          0          0         68   __main.o
       184          0          0          0          0         84   __printf_ss.o
         0          0          0          0          0          0   __rtentry.o
        12          0          0          0          0          0   __rtentry2.o
         6          0          0          0          0          0   __rtentry4.o
        52          8          0          0          0          0   __scatter.o
        26          0          0          0          0          0   __scatter_copy.o
        28          0          0          0          0          0   __scatter_zi.o
        48          6          0          0          0         96   _printf_char_common.o
        36          4          0          0          0         80   _printf_char_file.o
         0          0          0          0          0          0   _printf_percent.o
         4          0          0          0          0          0   _printf_percent_end.o
        18          0          0          0          0         80   exit.o
         8          0          0          0          0         68   ferror.o
         6          0          0          0          0        152   heapauxi.o
         2          0          0          0          0          0   libinit.o
         2          0          0          0          0          0   libinit2.o
         2          0          0          0          0          0   libshutdown.o
         2          0          0          0          0          0   libshutdown2.o
         8          4          0          0         96         68   libspace.o
        24          4          0          0          0         84   noretval__2printf.o
        78          0          0          0          0         80   rt_memclr_w.o
         2          0          0          0          0          0   rtexit.o
        10          0          0          0          0          0   rtexit2.o
        74          0          0          0          0         80   sys_stackheap_outer.o
         2          0          0          0          0         68   use_no_semi.o
         2          0          0          0          0         68   use_no_semi_2.o

    ----------------------------------------------------------------------
       652         26          0          0         96       1076   Library Totals
         8          0          0          0          0          0   (incl. Padding)

    ----------------------------------------------------------------------

      Code (inc. data)   RO Data    RW Data    ZI Data      Debug   Library Name

       644         26          0          0         96       1076   c_w.l

    ----------------------------------------------------------------------
       652         26          0          0         96       1076   Library Totals

    ----------------------------------------------------------------------

==============================================================================


      Code (inc. data)   RO Data    RW Data    ZI Data      Debug   

     15320       1306        616        136       9784     634607   Grand Totals
     15320       1306        616        136       9784     634607   ELF Image Totals
     15320       1306        616        136          0          0   ROM Totals

==============================================================================

    Total RO  Size (Code + RO Data)                15936 (  15.56kB)
    Total RW  Size (RW Data + ZI Data)              9920 (   9.69kB)
    Total ROM Size (Code + RO Data + RW Data)      16072 (  15.70kB)

==============================================================================

