Component: ARM Compiler 5.06 update 4 (build 422) Tool: armlink [4d35d2]

==============================================================================

Section Cross References

    main.o(i.main) refers to stm32f1xx_hal.o(i.HAL_Init) for HAL_Init
    main.o(i.main) refers to sys.o(i.Stm32_Clock_Init) for Stm32_Clock_Init
    main.o(i.main) refers to delay.o(i.delay_init) for delay_init
    main.o(i.main) refers to led.o(i.LED_Init) for LED_Init
    main.o(i.main) refers to usart.o(i.uart_init) for uart_init
    main.o(i.main) refers to noretval__2printf.o(.text) for __2printf
    main.o(i.main) refers to os_core.o(i.OSInit) for OSInit
    main.o(i.main) refers to os_task.o(i.OSTaskCreateExt) for OSTaskCreateExt
    main.o(i.main) refers to os_core.o(i.OSStart) for OSStart
    main.o(i.main) refers to main.o(.bss) for START_TASK_STK
    main.o(i.main) refers to main.o(i.start_task) for start_task
    main.o(i.motordrive_task) refers to userapp.o(i.motordrive_init) for motordrive_init
    main.o(i.motordrive_task) refers to userapp.o(i.motordrive_func) for motordrive_func
    main.o(i.motordrive_task) refers to os_time.o(i.OSTimeDly) for OSTimeDly
    main.o(i.remotectrl_task) refers to userapp.o(i.remotectrl_init) for remotectrl_init
    main.o(i.remotectrl_task) refers to os_time.o(i.OSTimeDly) for OSTimeDly
    main.o(i.start_task) refers to os_core.o(i.OSStatInit) for OSStatInit
    main.o(i.start_task) refers to os_cpu_a.o(.text) for OS_CPU_SR_Save
    main.o(i.start_task) refers to os_task.o(i.OSTaskCreateExt) for OSTaskCreateExt
    main.o(i.start_task) refers to os_task.o(i.OSTaskSuspend) for OSTaskSuspend
    main.o(i.start_task) refers to main.o(.bss) for MOTOR_TASK_STK
    main.o(i.start_task) refers to main.o(i.motordrive_task) for motordrive_task
    main.o(i.start_task) refers to main.o(i.remotectrl_task) for remotectrl_task
    system_stm32f1xx.o(i.SystemCoreClockUpdate) refers to system_stm32f1xx.o(.data) for SystemCoreClock
    system_stm32f1xx.o(i.SystemCoreClockUpdate) refers to system_stm32f1xx.o(.constdata) for AHBPrescTable
    startup_stm32f103xe.o(STACK) refers (Special) to heapauxi.o(.text) for __use_two_region_memory
    startup_stm32f103xe.o(HEAP) refers (Special) to heapauxi.o(.text) for __use_two_region_memory
    startup_stm32f103xe.o(RESET) refers (Special) to heapauxi.o(.text) for __use_two_region_memory
    startup_stm32f103xe.o(RESET) refers to startup_stm32f103xe.o(STACK) for __initial_sp
    startup_stm32f103xe.o(RESET) refers to startup_stm32f103xe.o(.text) for Reset_Handler
    startup_stm32f103xe.o(RESET) refers to stm32f1xx_it.o(i.NMI_Handler) for NMI_Handler
    startup_stm32f103xe.o(RESET) refers to stm32f1xx_it.o(i.HardFault_Handler) for HardFault_Handler
    startup_stm32f103xe.o(RESET) refers to stm32f1xx_it.o(i.MemManage_Handler) for MemManage_Handler
    startup_stm32f103xe.o(RESET) refers to stm32f1xx_it.o(i.BusFault_Handler) for BusFault_Handler
    startup_stm32f103xe.o(RESET) refers to stm32f1xx_it.o(i.UsageFault_Handler) for UsageFault_Handler
    startup_stm32f103xe.o(RESET) refers to stm32f1xx_it.o(i.SVC_Handler) for SVC_Handler
    startup_stm32f103xe.o(RESET) refers to stm32f1xx_it.o(i.DebugMon_Handler) for DebugMon_Handler
    startup_stm32f103xe.o(RESET) refers to os_cpu_a.o(.text) for PendSV_Handler
    startup_stm32f103xe.o(RESET) refers to delay.o(i.SysTick_Handler) for SysTick_Handler
    startup_stm32f103xe.o(RESET) refers to usart.o(i.USART1_IRQHandler) for USART1_IRQHandler
    startup_stm32f103xe.o(.text) refers (Special) to heapauxi.o(.text) for __use_two_region_memory
    startup_stm32f103xe.o(.text) refers to system_stm32f1xx.o(i.SystemInit) for SystemInit
    startup_stm32f103xe.o(.text) refers to __main.o(!!!main) for __main
    startup_stm32f103xe.o(.text) refers to startup_stm32f103xe.o(HEAP) for Heap_Mem
    startup_stm32f103xe.o(.text) refers to startup_stm32f103xe.o(STACK) for Stack_Mem
    stm32f1xx_hal.o(i.HAL_DeInit) refers to stm32f1xx_hal_msp.o(i.HAL_MspDeInit) for HAL_MspDeInit
    stm32f1xx_hal.o(i.HAL_Delay) refers to stm32f1xx_hal.o(i.HAL_GetTick) for HAL_GetTick
    stm32f1xx_hal.o(i.HAL_GetTick) refers to stm32f1xx_hal.o(.data) for uwTick
    stm32f1xx_hal.o(i.HAL_IncTick) refers to stm32f1xx_hal.o(.data) for uwTick
    stm32f1xx_hal.o(i.HAL_Init) refers to stm32f1xx_hal_cortex.o(i.HAL_NVIC_SetPriorityGrouping) for HAL_NVIC_SetPriorityGrouping
    stm32f1xx_hal.o(i.HAL_Init) refers to stm32f1xx_hal.o(i.HAL_InitTick) for HAL_InitTick
    stm32f1xx_hal.o(i.HAL_Init) refers to stm32f1xx_hal_msp.o(i.HAL_MspInit) for HAL_MspInit
    stm32f1xx_hal.o(i.HAL_InitTick) refers to stm32f1xx_hal_rcc.o(i.HAL_RCC_GetHCLKFreq) for HAL_RCC_GetHCLKFreq
    stm32f1xx_hal.o(i.HAL_InitTick) refers to stm32f1xx_hal_cortex.o(i.HAL_SYSTICK_Config) for HAL_SYSTICK_Config
    stm32f1xx_hal.o(i.HAL_InitTick) refers to stm32f1xx_hal_cortex.o(i.HAL_NVIC_SetPriority) for HAL_NVIC_SetPriority
[...]
    ..\UCOSII\uCOS-II\Ports\ARM-Cortex-M4\Generic\RealView\os_cpu_c.c 0x00000000   Number         0  os_cpu_c.o ABSOLUTE
    ..\UCOSII\uCOS-II\Source\os_core.c       0x00000000   Number         0  os_core.o ABSOLUTE
    ..\UCOSII\uCOS-II\Source\os_flag.c       0x00000000   Number         0  os_flag.o ABSOLUTE
    ..\UCOSII\uCOS-II\Source\os_mbox.c       0x00000000   Number         0  os_mbox.o ABSOLUTE
    ..\UCOSII\uCOS-II\Source\os_mem.c        0x00000000   Number         0  os_mem.o ABSOLUTE
    ..\UCOSII\uCOS-II\Source\os_mutex.c      0x00000000   Number         0  os_mutex.o ABSOLUTE
    ..\UCOSII\uCOS-II\Source\os_q.c          0x00000000   Number         0  os_q.o ABSOLUTE
    ..\UCOSII\uCOS-II\Source\os_sem.c        0x00000000   Number         0  os_sem.o ABSOLUTE
    ..\UCOSII\uCOS-II\Source\os_task.c       0x00000000   Number         0  os_task.o ABSOLUTE
    ..\UCOSII\uCOS-II\Source\os_time.c       0x00000000   Number         0  os_time.o ABSOLUTE
    ..\UCOSII\uCOS-II\Source\os_tmr.c        0x00000000   Number         0  os_tmr.o ABSOLUTE
    ..\\HALLIB\\STM32F1xx_HAL_Driver\\Src\\stm32f1xx_hal.c 0x00000000   Number         0  stm32f1xx_hal.o ABSOLUTE
    ..\\HALLIB\\STM32F1xx_HAL_Driver\\Src\\stm32f1xx_hal_cortex.c 0x00000000   Number         0  stm32f1xx_hal_cortex.o ABSOLUTE
    ..\\HALLIB\\STM32F1xx_HAL_Driver\\Src\\stm32f1xx_hal_dma.c 0x00000000   Number         0  stm32f1xx_hal_dma.o ABSOLUTE
    ..\\HALLIB\\STM32F1xx_HAL_Driver\\Src\\stm32f1xx_hal_gpio.c 0x00000000   Number         0  stm32f1xx_hal_gpio.o ABSOLUTE
    ..\\HALLIB\\STM32F1xx_HAL_Driver\\Src\\stm32f1xx_hal_gpio_ex.c 0x00000000   Number         0  stm32f1xx_hal_gpio_ex.o ABSOLUTE
    ..\\HALLIB\\STM32F1xx_HAL_Driver\\Src\\stm32f1xx_hal_pwr.c 0x00000000   Number         0  stm32f1xx_hal_pwr.o ABSOLUTE
    ..\\HALLIB\\STM32F1xx_HAL_Driver\\Src\\stm32f1xx_hal_rcc.c 0x00000000   Number         0  stm32f1xx_hal_rcc.o ABSOLUTE
    ..\\HALLIB\\STM32F1xx_HAL_Driver\\Src\\stm32f1xx_hal_rcc_ex.c 0x00000000   Number         0  stm32f1xx_hal_rcc_ex.o ABSOLUTE
    ..\\HALLIB\\STM32F1xx_HAL_Driver\\Src\\stm32f1xx_hal_tim.c 0x00000000   Number         0  stm32f1xx_hal_tim.o ABSOLUTE
    ..\\HALLIB\\STM32F1xx_HAL_Driver\\Src\\stm32f1xx_hal_tim_ex.c 0x00000000   Number         0  stm32f1xx_hal_tim_ex.o ABSOLUTE
    ..\\HALLIB\\STM32F1xx_HAL_Driver\\Src\\stm32f1xx_hal_uart.c 0x00000000   Number         0  stm32f1xx_hal_uart.o ABSOLUTE
    ..\\HALLIB\\STM32F1xx_HAL_Driver\\Src\\stm32f1xx_hal_usart.c 0x00000000   Number         0  stm32f1xx_hal_usart.o ABSOLUTE
    ..\\HARDWARE\\L298N\\drvL298N.c          0x00000000   Number         0  drvl298n.o ABSOLUTE
    ..\\HARDWARE\\LED\\led.c                 0x00000000   Number         0  led.o ABSOLUTE
    ..\\HARDWARE\\TIMER\\timer.c             0x00000000   Number         0  timer.o ABSOLUTE
    ..\\SYSTEM\\delay\\delay.c               0x00000000   Number         0  delay.o ABSOLUTE
    ..\\SYSTEM\\sys\\sys.c                   0x00000000   Number         0  sys.o ABSOLUTE
    ..\\SYSTEM\\usart\\usart.c               0x00000000   Number         0  usart.o ABSOLUTE
    ..\\SYSTEM\\userApp\\userApp.c           0x00000000   Number         0  userapp.o ABSOLUTE
    ..\\UCOSII\\UCOS_BSP\\bsp.c              0x00000000   Number         0  bsp.o ABSOLUTE
    ..\\UCOSII\\UCOS_BSP\\cpu_bsp.c          0x00000000   Number         0  cpu_bsp.o ABSOLUTE
    ..\\UCOSII\\uCOS-CONFIG\\app_hooks.c     0x00000000   Number         0  app_hooks.o ABSOLUTE
    ..\\UCOSII\\uCOS-II\\Ports\\ARM-Cortex-M4\\Generic\\RealView\\os_cpu_c.c 0x00000000   Number         0  os_cpu_c.o ABSOLUTE
    dc.s                                     0x00000000   Number         0  dc.o ABSOLUTE
    main.c                                   0x00000000   Number         0  main.o ABSOLUTE
    main.c                                   0x00000000   Number         0  main.o ABSOLUTE
    stm32f1xx_hal_msp.c                      0x00000000   Number         0  stm32f1xx_hal_msp.o ABSOLUTE
    stm32f1xx_hal_msp.c                      0x00000000   Number         0  stm32f1xx_hal_msp.o ABSOLUTE
    stm32f1xx_it.c                           0x00000000   Number         0  stm32f1xx_it.o ABSOLUTE
    stm32f1xx_it.c                           0x00000000   Number         0  stm32f1xx_it.o ABSOLUTE
    system_stm32f1xx.c                       0x00000000   Number         0  system_stm32f1xx.o ABSOLUTE
    system_stm32f1xx.c                       0x00000000   Number         0  system_stm32f1xx.o ABSOLUTE
    RESET                                    0x08000000   Section      304  startup_stm32f103xe.o(RESET)
    !!!main                                  0x08000130   Section        8  __main.o(!!!main)
    !!!scatter                               0x08000138   Section       52  __scatter.o(!!!scatter)
    !!handler_copy                           0x0800016c   Section       26  __scatter_copy.o(!!handler_copy)
    !!handler_zi                             0x08000188   Section       28  __scatter_zi.o(!!handler_zi)
    .ARM.Collect$$_printf_percent$$00000000  0x080001a4   Section        0  _printf_percent.o(.ARM.Collect$$_printf_percent$$00000000)
    .ARM.Collect$$_printf_percent$$00000009  0x080001a4   Section        6  _printf_d.o(.ARM.Collect$$_printf_percent$$00000009)
    .ARM.Collect$$_printf_percent$$00000017  0x080001aa   Section        4  _printf_percent_end.o(.ARM.Collect$$_printf_percent$$00000017)
    .ARM.Collect$$libinit$$00000000          0x080001ae   Section        2  libinit.o(.ARM.Collect$$libinit$$00000000)
    .ARM.Collect$$libinit$$00000002          0x080001b0   Section        0  libinit2.o(.ARM.Collect$$libinit$$00000002)
    .ARM.Collect$$libinit$$00000004          0x080001b0   Section        0  libinit2.o(.ARM.Collect$$libinit$$00000004)
    .ARM.Collect$$libinit$$0000000A          0x080001b0   Section        0  libinit2.o(.ARM.Collect$$libinit$$0000000A)
    .ARM.Collect$$libinit$$0000000C          0x080001b0   Section        0  libinit2.o(.ARM.Collect$$libinit$$0000000C)
    .ARM.Collect$$libinit$$0000000E          0x080001b0   Section        0  libinit2.o(.ARM.Collect$$libinit$$0000000E)
    .ARM.Collect$$libinit$$00000011          0x080001b0   Section        0  libinit2.o(.ARM.Collect$$libinit$$00000011)
    .ARM.Collect$$libinit$$00000013          0x080001b0   Section        0  libinit2.o(.ARM.Collect$$libinit$$00000013)
    .ARM.Collect$$libinit$$00000015          0x080001b0   Section        0  libinit2.o(.ARM.Collect$$libinit$$00000015)
    .ARM.Collect$$libinit$$00000017          0x080001b0   Section        0  libinit2.o(.ARM.Collect$$libinit$$00000017)
    .ARM.Collect$$libinit$$00000019          0x080001b0   Section        0  libinit2.o(.ARM.Collect$$libinit$$00000019)
    .ARM.Collect$$libinit$$0000001B          0x080001b0   Section        0  libinit2.o(.ARM.Collect$$libinit$$0000001B)
    .ARM.Collect$$libinit$$0000001D          0x080001b0   Section        0  libinit2.o(.ARM.Collect$$libinit$$0000001D)
    .ARM.Collect$$libinit$$0000001F          0x080001b0   Section        0  libinit2.o(.ARM.Collect$$libinit$$0000001F)
    .ARM.Collect$$libinit$$00000021          0x080001b0   Section        0  libinit2.o(.ARM.Collect$$libinit$$00000021)
    .ARM.Collect$$libinit$$00000023          0x080001b0   Section        0  libinit2.o(.ARM.Collect$$libinit$$00000023)
    .ARM.Collect$$libinit$$00000025          0x080001b0   Section        0  libinit2.o(.ARM.Collect$$libinit$$00000025)
    .ARM.Collect$$libinit$$0000002C          0x080001b0   Section        0  libinit2.o(.ARM.Collect$$libinit$$0000002C)
    .ARM.Collect$$libinit$$0000002E          0x080001b0   Section        0  libinit2.o(.ARM.Collect$$libinit$$0000002E)
    .ARM.Collect$$libinit$$00000030          0x080001b0   Section        0  libinit2.o(.ARM.Collect$$libinit$$00000030)
    .ARM.Collect$$libinit$$00000032          0x080001b0   Section        0  libinit2.o(.ARM.Collect$$libinit$$00000032)
    .ARM.Collect$$libinit$$00000033          0x080001b0   Section        2  libinit2.o(.ARM.Collect$$libinit$$00000033)
    .ARM.Collect$$libshutdown$$00000000      0x080001b2   Section        2  libshutdown.o(.ARM.Collect$$libshutdown$$00000000)
    .ARM.Collect$$libshutdown$$00000002      0x080001b4   Section        0  libshutdown2.o(.ARM.Collect$$libshutdown$$00000002)
    .ARM.Collect$$libshutdown$$00000004      0x080001b4   Section        0  libshutdown2.o(.ARM.Collect$$libshutdown$$00000004)
    .ARM.Collect$$libshutdown$$00000007      0x080001b4   Section        0  libshutdown2.o(.ARM.Collect$$libshutdown$$00000007)
    .ARM.Collect$$libshutdown$$0000000A      0x080001b4   Section        0  libshutdown2.o(.ARM.Collect$$libshutdown$$0000000A)
    .ARM.Collect$$libshutdown$$0000000C      0x080001b4   Section        0  libshutdown2.o(.ARM.Collect$$libshutdown$$0000000C)
    .ARM.Collect$$libshutdown$$0000000F      0x080001b4   Section        0  libshutdown2.o(.ARM.Collect$$libshutdown$$0000000F)
    .ARM.Collect$$libshutdown$$00000010      0x080001b4   Section        2  libshutdown2.o(.ARM.Collect$$libshutdown$$00000010)
    .ARM.Collect$$rtentry$$00000000          0x080001b6   Section        0  __rtentry.o(.ARM.Collect$$rtentry$$00000000)
    .ARM.Collect$$rtentry$$00000002          0x080001b6   Section        0  __rtentry2.o(.ARM.Collect$$rtentry$$00000002)
    .ARM.Collect$$rtentry$$00000004          0x080001b6   Section        6  __rtentry4.o(.ARM.Collect$$rtentry$$00000004)
    .ARM.Collect$$rtentry$$00000009          0x080001bc   Section        0  __rtentry2.o(.ARM.Collect$$rtentry$$00000009)
    .ARM.Collect$$rtentry$$0000000A          0x080001bc   Section        4  __rtentry2.o(.ARM.Collect$$rtentry$$0000000A)
    .ARM.Collect$$rtentry$$0000000C          0x080001c0   Section        0  __rtentry2.o(.ARM.Collect$$rtentry$$0000000C)
    .ARM.Collect$$rtentry$$0000000D          0x080001c0   Section        8  __rtentry2.o(.ARM.Collect$$rtentry$$0000000D)
    .ARM.Collect$$rtexit$$00000000           0x080001c8   Section        2  rtexit.o(.ARM.Collect$$rtexit$$00000000)
    .ARM.Collect$$rtexit$$00000002           0x080001ca   Section        0  rtexit2.o(.ARM.Collect$$rtexit$$00000002)
    .ARM.Collect$$rtexit$$00000003           0x080001ca   Section        4  rtexit2.o(.ARM.Collect$$rtexit$$00000003)
    .ARM.Collect$$rtexit$$00000004           0x080001ce   Section        6  rtexit2.o(.ARM.Collect$$rtexit$$00000004)
    .text                                    0x080001d4   Section       64  startup_stm32f103xe.o(.text)
    .text                                    0x08000214   Section      176  os_cpu_a.o(.text)
    .text                                    0x080002c4   Section        2  use_no_semi_2.o(.text)
    .text                                    0x080002c8   Section        0  noretval__2printf.o(.text)
    .text                                    0x080002e0   Section        0  __printf.o(.text)
    .text                                    0x08000348   Section        0  _printf_dec.o(.text)
    .text                                    0x080003c0   Section       78  rt_memclr_w.o(.text)
    .text                                    0x0800040e   Section        0  heapauxi.o(.text)
    .text                                    0x08000414   Section        2  use_no_semi.o(.text)
    .text                                    0x08000416   Section        0  _printf_intcommon.o(.text)
    .text                                    0x080004c8   Section        0  _printf_char_file.o(.text)
    .text                                    0x080004ec   Section        0  _printf_char_common.o(.text)
    _printf_input_char                       0x080004ed   Thumb Code    10  _printf_char_common.o(.text)
    .text                                    0x0800051c   Section        0  ferror.o(.text)
    .text                                    0x08000524   Section       74  sys_stackheap_outer.o(.text)
    .text                                    0x0800056e   Section        0  exit.o(.text)
    .text                                    0x08000580   Section        8  libspace.o(.text)
    i.App_TCBInitHook                        0x08000588   Section        0  app_hooks.o(i.App_TCBInitHook)
    i.App_TaskCreateHook                     0x0800058a   Section        0  app_hooks.o(i.App_TaskCreateHook)
    i.App_TaskDelHook                        0x0800058c   Section        0  app_hooks.o(i.App_TaskDelHook)
    i.App_TaskIdleHook                       0x0800058e   Section        0  app_hooks.o(i.App_TaskIdleHook)
    i.App_TaskReturnHook                     0x08000590   Section        0  app_hooks.o(i.App_TaskReturnHook)
    i.App_TaskStatHook                       0x08000592   Section        0  app_hooks.o(i.App_TaskStatHook)
    i.App_TaskSwHook                         0x08000594   Section        0  app_hooks.o(i.App_TaskSwHook)
    i.App_TimeTickHook                       0x08000596   Section        0  app_hooks.o(i.App_TimeTickHook)
    i.BusFault_Handler                       0x08000598   Section        0  stm32f1xx_it.o(i.BusFault_Handler)
    i.DRVL298N_Backward                      0x0800059c   Section        0  drvl298n.o(i.DRVL298N_Backward)
    i.DRVL298N_Forward                       0x080005e8   Section        0  drvl298n.o(i.DRVL298N_Forward)
    i.DRVL298N_Init                          0x08000634   Section        0  drvl298n.o(i.DRVL298N_Init)
    i.DebugMon_Handler                       0x080006a8   Section        0  stm32f1xx_it.o(i.DebugMon_Handler)
    i.HAL_Delay                              0x080006aa   Section        0  stm32f1xx_hal.o(i.HAL_Delay)
    i.HAL_GPIO_Init                          0x080006c4   Section        0  stm32f1xx_hal_gpio.o(i.HAL_GPIO_Init)
    i.HAL_GPIO_WritePin                      0x08000a04   Section        0  stm32f1xx_hal_gpio.o(i.HAL_GPIO_WritePin)
    i.HAL_GetTick                            0x08000a10   Section        0  stm32f1xx_hal.o(i.HAL_GetTick)
    i.HAL_Init                               0x08000a1c   Section        0  stm32f1xx_hal.o(i.HAL_Init)
    i.HAL_InitTick                           0x08000a44   Section        0  stm32f1xx_hal.o(i.HAL_InitTick)
    i.HAL_MspInit                            0x08000a68   Section        0  stm32f1xx_hal_msp.o(i.HAL_MspInit)
    i.HAL_NVIC_EnableIRQ                     0x08000a6a   Section        0  stm32f1xx_hal_cortex.o(i.HAL_NVIC_EnableIRQ)
    i.HAL_NVIC_SetPriority                   0x08000a84   Section        0  stm32f1xx_hal_cortex.o(i.HAL_NVIC_SetPriority)
    i.HAL_NVIC_SetPriorityGrouping           0x08000b00   Section        0  stm32f1xx_hal_cortex.o(i.HAL_NVIC_SetPriorityGrouping)
    i.HAL_RCC_ClockConfig                    0x08000b28   Section        0  stm32f1xx_hal_rcc.o(i.HAL_RCC_ClockConfig)
    i.HAL_RCC_GetHCLKFreq                    0x08000dc0   Section        0  stm32f1xx_hal_rcc.o(i.HAL_RCC_GetHCLKFreq)
    i.HAL_RCC_GetPCLK1Freq                   0x08000dcc   Section        0  stm32f1xx_hal_rcc.o(i.HAL_RCC_GetPCLK1Freq)
    i.HAL_RCC_GetPCLK2Freq                   0x08000df8   Section        0  stm32f1xx_hal_rcc.o(i.HAL_RCC_GetPCLK2Freq)
    i.HAL_RCC_GetSysClockFreq                0x08000e24   Section        0  stm32f1xx_hal_rcc.o(i.HAL_RCC_GetSysClockFreq)
    i.HAL_RCC_OscConfig                      0x08000ed8   Section        0  stm32f1xx_hal_rcc.o(i.HAL_RCC_OscConfig)
    i.HAL_SYSTICK_CLKSourceConfig            0x08001750   Section        0  stm32f1xx_hal_cortex.o(i.HAL_SYSTICK_CLKSourceConfig)
    i.HAL_SYSTICK_Config                     0x08001778   Section        0  stm32f1xx_hal_cortex.o(i.HAL_SYSTICK_Config)
    i.HAL_TIMEx_MasterConfigSynchronization  0x080017ac   Section        0  stm32f1xx_hal_tim_ex.o(i.HAL_TIMEx_MasterConfigSynchronization)
    i.HAL_TIM_Encoder_Init                   0x0800180e   Section        0  stm32f1xx_hal_tim.o(i.HAL_TIM_Encoder_Init)
    i.HAL_TIM_Encoder_MspInit                0x080018c4   Section        0  timer.o(i.HAL_TIM_Encoder_MspInit)
    i.HAL_TIM_MspPostInit                    0x080019a0   Section        0  timer.o(i.HAL_TIM_MspPostInit)
    i.HAL_TIM_PWM_ConfigChannel              0x08001aec   Section        0  stm32f1xx_hal_tim.o(i.HAL_TIM_PWM_ConfigChannel)
    i.HAL_TIM_PWM_Init                       0x08001bf4   Section        0  stm32f1xx_hal_tim.o(i.HAL_TIM_PWM_Init)
    i.HAL_TIM_PWM_MspInit                    0x08001c28   Section        0  timer.o(i.HAL_TIM_PWM_MspInit)
    i.HAL_TIM_PWM_Start                      0x08001ca4   Section        0  stm32f1xx_hal_tim.o(i.HAL_TIM_PWM_Start)
    i.HAL_UART_ErrorCallback                 0x08001cf0   Section        0  stm32f1xx_hal_uart.o(i.HAL_UART_ErrorCallback)
    i.HAL_UART_GetState                      0x08001cf2   Section        0  stm32f1xx_hal_uart.o(i.HAL_UART_GetState)
    i.HAL_UART_IRQHandler                    0x08001cfa   Section        0  stm32f1xx_hal_uart.o(i.HAL_UART_IRQHandler)
    i.HAL_UART_Init                          0x08001dd4   Section        0  stm32f1xx_hal_uart.o(i.HAL_UART_Init)
    i.HAL_UART_MspInit                       0x08001e44   Section        0  usart.o(i.HAL_UART_MspInit)
    i.HAL_UART_Receive_IT                    0x08001eec   Section        0  stm32f1xx_hal_uart.o(i.HAL_UART_Receive_IT)
    i.HAL_UART_RxCpltCallback                0x08001f74   Section        0  usart.o(i.HAL_UART_RxCpltCallback)
    i.HAL_UART_TxCpltCallback                0x08001ffc   Section        0  stm32f1xx_hal_uart.o(i.HAL_UART_TxCpltCallback)
    i.HardFault_Handler                      0x08001ffe   Section        0  stm32f1xx_it.o(i.HardFault_Handler)
    i.LED_Init                               0x08002004   Section        0  led.o(i.LED_Init)
    i.MX_TIM1_Init                           0x08002084   Section        0  timer.o(i.MX_TIM1_Init)
    i.MX_TIM2_Init                           0x080020f4   Section        0  timer.o(i.MX_TIM2_Init)
    i.MX_TIM3_Init                           0x08002160   Section        0  timer.o(i.MX_TIM3_Init)
    i.MX_TIM4_Init                           0x080021e4   Section        0  timer.o(i.MX_TIM4_Init)
    i.MX_TIM8_Init                           0x08002268   Section        0  timer.o(i.MX_TIM8_Init)
    i.MemManage_Handler                      0x080022d8   Section        0  stm32f1xx_it.o(i.MemManage_Handler)
    i.NMI_Handler                            0x080022dc   Section        0  stm32f1xx_it.o(i.NMI_Handler)
    i.NVIC_GetPriorityGrouping               0x080022e0   Section        0  stm32f1xx_hal_cortex.o(i.NVIC_GetPriorityGrouping)
    NVIC_GetPriorityGrouping                 0x080022e1   Thumb Code    10  stm32f1xx_hal_cortex.o(i.NVIC_GetPriorityGrouping)
    i.NVIC_SetPriority                       0x080022f0   Section        0  stm32f1xx_hal_cortex.o(i.NVIC_SetPriority)
    NVIC_SetPriority                         0x080022f1   Thumb Code    32  stm32f1xx_hal_cortex.o(i.NVIC_SetPriority)
    i.OSInit                                 0x08002318   Section        0  os_core.o(i.OSInit)
    i.OSInitHookBegin                        0x08002344   Section        0  os_cpu_c.o(i.OSInitHookBegin)
    i.OSInitHookEnd                          0x08002374   Section        0  os_cpu_c.o(i.OSInitHookEnd)
    i.OSIntEnter                             0x08002378   Section        0  os_core.o(i.OSIntEnter)
    i.OSIntExit                              0x0800239c   Section        0  os_core.o(i.OSIntExit)
    i.OSStart                                0x0800242c   Section        0  os_core.o(i.OSStart)
    i.OSStatInit                             0x08002474   Section        0  os_core.o(i.OSStatInit)
    i.OSTCBInitHook                          0x080024c0   Section        0  os_cpu_c.o(i.OSTCBInitHook)
    i.OSTaskCreateExt                        0x080024cc   Section        0  os_task.o(i.OSTaskCreateExt)
    i.OSTaskCreateHook                       0x08002584   Section        0  os_cpu_c.o(i.OSTaskCreateHook)
    i.OSTaskDel                              0x08002590   Section        0  os_task.o(i.OSTaskDel)
    i.OSTaskDelHook                          0x080026f0   Section        0  os_cpu_c.o(i.OSTaskDelHook)
    i.OSTaskIdleHook                         0x080026fc   Section        0  os_cpu_c.o(i.OSTaskIdleHook)
    i.OSTaskNameSet                          0x08002704   Section        0  os_task.o(i.OSTaskNameSet)
    i.OSTaskReturnHook                       0x08002774   Section        0  os_cpu_c.o(i.OSTaskReturnHook)
    i.OSTaskStatHook                         0x08002780   Section        0  os_cpu_c.o(i.OSTaskStatHook)
    i.OSTaskStkChk                           0x08002788   Section        0  os_task.o(i.OSTaskStkChk)
    i.OSTaskStkInit                          0x08002810   Section        0  os_cpu_c.o(i.OSTaskStkInit)
    i.OSTaskSuspend                          0x080028b4   Section        0  os_task.o(i.OSTaskSuspend)
    i.OSTaskSwHook                           0x0800295c   Section        0  os_cpu_c.o(i.OSTaskSwHook)
    i.OSTimeDly                              0x08002964   Section        0  os_time.o(i.OSTimeDly)
    i.OSTimeTick                             0x080029dc   Section        0  os_core.o(i.OSTimeTick)
    i.OSTimeTickHook                         0x08002ac8   Section        0  os_cpu_c.o(i.OSTimeTickHook)
    i.OS_Dummy                               0x08002ad0   Section        0  os_core.o(i.OS_Dummy)
    i.OS_EventTaskRemove                     0x08002ad2   Section        0  os_core.o(i.OS_EventTaskRemove)
    i.OS_EventTaskRemoveMulti                0x08002b00   Section        0  os_core.o(i.OS_EventTaskRemoveMulti)
    i.OS_FlagInit                            0x08002b3c   Section        0  os_flag.o(i.OS_FlagInit)
    i.OS_FlagUnlink                          0x08002b94   Section        0  os_flag.o(i.OS_FlagUnlink)
    i.OS_InitEventList                       0x08002bb8   Section        0  os_core.o(i.OS_InitEventList)
    OS_InitEventList                         0x08002bb9   Thumb Code    84  os_core.o(i.OS_InitEventList)
    i.OS_InitMisc                            0x08002c18   Section        0  os_core.o(i.OS_InitMisc)
    OS_InitMisc                              0x08002c19   Thumb Code    48  os_core.o(i.OS_InitMisc)
    i.OS_InitRdyList                         0x08002c74   Section        0  os_core.o(i.OS_InitRdyList)
    OS_InitRdyList                           0x08002c75   Thumb Code    44  os_core.o(i.OS_InitRdyList)
    i.OS_InitTCBList                         0x08002cb8   Section        0  os_core.o(i.OS_InitTCBList)
    OS_InitTCBList                           0x08002cb9   Thumb Code   106  os_core.o(i.OS_InitTCBList)
    i.OS_InitTaskIdle                        0x08002d38   Section        0  os_core.o(i.OS_InitTaskIdle)
    OS_InitTaskIdle                          0x08002d39   Thumb Code    50  os_core.o(i.OS_InitTaskIdle)
    i.OS_InitTaskStat                        0x08002d88   Section        0  os_core.o(i.OS_InitTaskStat)
    OS_InitTaskStat                          0x08002d89   Thumb Code    50  os_core.o(i.OS_InitTaskStat)
    i.OS_MemClr                              0x08002dd8   Section        0  os_core.o(i.OS_MemClr)
    i.OS_QInit                               0x08002dec   Section        0  os_q.o(i.OS_QInit)
    i.OS_Sched                               0x08002e3c   Section        0  os_core.o(i.OS_Sched)
    i.OS_SchedNew                            0x08002eb0   Section        0  os_core.o(i.OS_SchedNew)
    OS_SchedNew                              0x08002eb1   Thumb Code    26  os_core.o(i.OS_SchedNew)
    i.OS_TCBInit                             0x08002edc   Section        0  os_core.o(i.OS_TCBInit)
    i.OS_TaskIdle                            0x0800301c   Section        0  os_core.o(i.OS_TaskIdle)
    i.OS_TaskReturn                          0x08003044   Section        0  os_task.o(i.OS_TaskReturn)
    i.OS_TaskStat                            0x0800305c   Section        0  os_core.o(i.OS_TaskStat)
    i.OS_TaskStatStkChk                      0x080030fc   Section        0  os_core.o(i.OS_TaskStatStkChk)
    i.OS_TaskStkClr                          0x08003138   Section        0  os_task.o(i.OS_TaskStkClr)
    i.SVC_Handler                            0x08003152   Section        0  stm32f1xx_it.o(i.SVC_Handler)
    i.Stm32_Clock_Init                       0x08003154   Section        0  sys.o(i.Stm32_Clock_Init)
    i.SysTick_Handler                        0x080031ac   Section        0  delay.o(i.SysTick_Handler)
    i.SystemInit                             0x080031c8   Section        0  system_stm32f1xx.o(i.SystemInit)
    i.TIM_Base_SetConfig                     0x08003220   Section        0  stm32f1xx_hal_tim.o(i.TIM_Base_SetConfig)
    i.TIM_CCxChannelCmd                      0x080032b0   Section        0  stm32f1xx_hal_tim.o(i.TIM_CCxChannelCmd)
    i.TIM_OC1_SetConfig                      0x080032cc   Section        0  stm32f1xx_hal_tim.o(i.TIM_OC1_SetConfig)
    TIM_OC1_SetConfig                        0x080032cd   Thumb Code   110  stm32f1xx_hal_tim.o(i.TIM_OC1_SetConfig)
    i.TIM_OC2_SetConfig                      0x08003344   Section        0  stm32f1xx_hal_tim.o(i.TIM_OC2_SetConfig)
    i.TIM_OC3_SetConfig                      0x080033c4   Section        0  stm32f1xx_hal_tim.o(i.TIM_OC3_SetConfig)
    TIM_OC3_SetConfig                        0x080033c5   Thumb Code   118  stm32f1xx_hal_tim.o(i.TIM_OC3_SetConfig)
    i.TIM_OC4_SetConfig                      0x08003444   Section        0  stm32f1xx_hal_tim.o(i.TIM_OC4_SetConfig)
    TIM_OC4_SetConfig                        0x08003445   Thumb Code    80  stm32f1xx_hal_tim.o(i.TIM_OC4_SetConfig)
    i.UART_EndTransmit_IT                    0x0800349c   Section        0  stm32f1xx_hal_uart.o(i.UART_EndTransmit_IT)
    UART_EndTransmit_IT                      0x0800349d   Thumb Code    48  stm32f1xx_hal_uart.o(i.UART_EndTransmit_IT)
    i.UART_Receive_IT                        0x080034cc   Section        0  stm32f1xx_hal_uart.o(i.UART_Receive_IT)
    UART_Receive_IT                          0x080034cd   Thumb Code   188  stm32f1xx_hal_uart.o(i.UART_Receive_IT)
    i.UART_SetConfig                         0x08003588   Section        0  stm32f1xx_hal_uart.o(i.UART_SetConfig)
    UART_SetConfig                           0x08003589   Thumb Code   450  stm32f1xx_hal_uart.o(i.UART_SetConfig)
    i.UART_Transmit_IT                       0x08003750   Section        0  stm32f1xx_hal_uart.o(i.UART_Transmit_IT)
    UART_Transmit_IT                         0x08003751   Thumb Code   112  stm32f1xx_hal_uart.o(i.UART_Transmit_IT)
    i.USART1_IRQHandler                      0x080037c0   Section        0  usart.o(i.USART1_IRQHandler)
    i.UsageFault_Handler                     0x08003808   Section        0  stm32f1xx_it.o(i.UsageFault_Handler)
    i.__SetIn1PWM                            0x0800380c   Section        0  drvl298n.o(i.__SetIn1PWM)
    i.__SetIn2PWM                            0x0800386c   Section        0  drvl298n.o(i.__SetIn2PWM)
    i._sys_exit                              0x080038cc   Section        0  usart.o(i._sys_exit)
    i.delay_init                             0x080038d0   Section        0  delay.o(i.delay_init)
    i.fputc                                  0x08003914   Section        0  usart.o(i.fputc)
    i.main                                   0x08003930   Section        0  main.o(i.main)
    i.motordrive_func                        0x080039a0   Section        0  userapp.o(i.motordrive_func)
    i.motordrive_init                        0x08003a24   Section        0  userapp.o(i.motordrive_init)
    i.motordrive_task                        0x08003a2c   Section        0  main.o(i.motordrive_task)
    i.remotectrl_init                        0x08003a3e   Section        0  userapp.o(i.remotectrl_init)
    i.remotectrl_task                        0x08003a40   Section        0  main.o(i.remotectrl_task)
    i.start_task                             0x08003a50   Section        0  main.o(i.start_task)
    i.uart_init                              0x08003ac8   Section        0  usart.o(i.uart_init)
    .constdata                               0x08003b00   Section       24  system_stm32f1xx.o(.constdata)
    .constdata                               0x08003b18   Section      256  os_core.o(.constdata)
    .data                                    0x20000000   Section        4  system_stm32f1xx.o(.data)
    .data                                    0x20000004   Section        4  stm32f1xx_hal.o(.data)
    uwTick                                   0x20000004   Data           4  stm32f1xx_hal.o(.data)
    .data                                    0x20000008   Section        6  delay.o(.data)
    fac_us                                   0x20000008   Data           4  delay.o(.data)
    fac_ms                                   0x2000000c   Data           2  delay.o(.data)
    .data                                    0x20000010   Section        7  usart.o(.data)
    .data                                    0x20000018   Section        9  userapp.o(.data)
    count                                    0x20000018   Data           4  userapp.o(.data)
    speed                                    0x2000001c   Data           4  userapp.o(.data)
    ledst                                    0x20000020   Data           1  userapp.o(.data)
    .data                                    0x20000021   Section        1  drvl298n.o(.data)
    currentDecayMode                         0x20000021   Data           1  drvl298n.o(.data)
    .data                                    0x20000024   Section       76  os_core.o(.data)
    .data                                    0x20000070   Section        4  os_cpu_c.o(.data)
    .bss                                     0x20000074   Section     3072  main.o(.bss)
    .bss                                     0x20000c74   Section      264  usart.o(.bss)
    .bss                                     0x20000d7c   Section      300  timer.o(.bss)
    .bss                                     0x20000ea8   Section     3872  os_core.o(.bss)
    .bss                                     0x20001dc8   Section      512  os_cpu_c.o(.bss)
    .bss                                     0x20001fc8   Section       96  libspace.o(.bss)
    HEAP                                     0x20002028   Section      512  startup_stm32f103xe.o(HEAP)
    Heap_Mem                                 0x20002028   Data         512  startup_stm32f103xe.o(HEAP)
    STACK                                    0x20002228   Section     1024  startup_stm32f103xe.o(STACK)
    Stack_Mem                                0x20002228   Data        1024  startup_stm32f103xe.o(STACK)
    __initial_sp                             0x20002628   Data           0  startup_stm32f103xe.o(STACK)

    Global Symbols

    Symbol Name                              Value     Ov Type        Size  Object(Section)

    BuildAttributes$$THM_ISAv4$P$D$K$B$S$PE$A:L22UL41UL21$X:L11$S22US41US21$IEEE1$IW$USESV6$~STKCKD$USESV7$~SHL$OSPACE$ROPI$EBA8$UX$STANDARDLIB$REQ8$PRES8$EABIv2 0x00000000   Number         0  anon$$obj.o ABSOLUTE
    __ARM_use_no_argv                        0x00000000   Number         0  main.o ABSOLUTE
    __ARM_exceptions_init                     - Undefined Weak Reference
    __alloca_initialize                       - Undefined Weak Reference
    __arm_preinit_                            - Undefined Weak Reference
    __cpp_initialize__aeabi_                  - Undefined Weak Reference
    __cxa_finalize                            - Undefined Weak Reference
    __rt_locale                               - Undefined Weak Reference
    __sigvec_lookup                           - Undefined Weak Reference
    _atexit_init                              - Undefined Weak Reference
    _call_atexit_fns                          - Undefined Weak Reference
    _clock_init                               - Undefined Weak Reference
    _fp_trap_init                             - Undefined Weak Reference
    _fp_trap_shutdown                         - Undefined Weak Reference
    _get_lc_collate                           - Undefined Weak Reference
    _get_lc_ctype                             - Undefined Weak Reference
    _get_lc_monetary                          - Undefined Weak Reference
    _get_lc_numeric                           - Undefined Weak Reference
    _get_lc_time                              - Undefined Weak Reference
    _getenv_init                              - Undefined Weak Reference
    _handle_redirection                       - Undefined Weak Reference
    _init_alloc                               - Undefined Weak Reference
    _init_user_alloc                          - Undefined Weak Reference
    _initio                                   - Undefined Weak Reference
    _mutex_acquire                            - Undefined Weak Reference
    _mutex_release                            - Undefined Weak Reference
    _printf_post_padding                      - Undefined Weak Reference
    _printf_pre_padding                       - Undefined Weak Reference
    _printf_truncate_signed                   - Undefined Weak Reference
    _printf_truncate_unsigned                 - Undefined Weak Reference
    _rand_init                                - Undefined Weak Reference
    _signal_finish                            - Undefined Weak Reference
    _signal_init                              - Undefined Weak Reference
    _terminate_alloc                          - Undefined Weak Reference
    _terminate_user_alloc                     - Undefined Weak Reference
    _terminateio                              - Undefined Weak Reference
    __Vectors_Size                           0x00000130   Number         0  startup_stm32f103xe.o ABSOLUTE
    __Vectors                                0x08000000   Data           4  startup_stm32f103xe.o(RESET)
    __Vectors_End                            0x08000130   Data           0  startup_stm32f103xe.o(RESET)
    __main                                   0x08000131   Thumb Code     8  __main.o(!!!main)
    __scatterload                            0x08000139   Thumb Code     0  __scatter.o(!!!scatter)
    __scatterload_rt2                        0x08000139   Thumb Code    44  __scatter.o(!!!scatter)
    __scatterload_rt2_thumb_only             0x08000139   Thumb Code     0  __scatter.o(!!!scatter)
    __scatterload_null                       0x08000147   Thumb Code     0  __scatter.o(!!!scatter)
    __scatterload_copy                       0x0800016d   Thumb Code    26  __scatter_copy.o(!!handler_copy)
    __scatterload_zeroinit                   0x08000189   Thumb Code    28  __scatter_zi.o(!!handler_zi)
    _printf_d                                0x080001a5   Thumb Code     0  _printf_d.o(.ARM.Collect$$_printf_percent$$00000009)
    _printf_percent                          0x080001a5   Thumb Code     0  _printf_percent.o(.ARM.Collect$$_printf_percent$$00000000)
    _printf_percent_end                      0x080001ab   Thumb Code     0  _printf_percent_end.o(.ARM.Collect$$_printf_percent$$00000017)
    __rt_lib_init                            0x080001af   Thumb Code     0  libinit.o(.ARM.Collect$$libinit$$00000000)
    __rt_lib_init_alloca_1                   0x080001b1   Thumb Code     0  libinit2.o(.ARM.Collect$$libinit$$0000002E)
    __rt_lib_init_argv_1                     0x080001b1   Thumb Code     0  libinit2.o(.ARM.Collect$$libinit$$0000002C)
    __rt_lib_init_atexit_1                   0x080001b1   Thumb Code     0  libinit2.o(.ARM.Collect$$libinit$$0000001B)
    __rt_lib_init_clock_1                    0x080001b1   Thumb Code     0  libinit2.o(.ARM.Collect$$libinit$$00000021)
    __rt_lib_init_cpp_1                      0x080001b1   Thumb Code     0  libinit2.o(.ARM.Collect$$libinit$$00000032)
    __rt_lib_init_exceptions_1               0x080001b1   Thumb Code     0  libinit2.o(.ARM.Collect$$libinit$$00000030)
    __rt_lib_init_fp_1                       0x080001b1   Thumb Code     0  libinit2.o(.ARM.Collect$$libinit$$00000002)
    __rt_lib_init_fp_trap_1                  0x080001b1   Thumb Code     0  libinit2.o(.ARM.Collect$$libinit$$0000001F)
    __rt_lib_init_getenv_1                   0x080001b1   Thumb Code     0  libinit2.o(.ARM.Collect$$libinit$$00000023)
    __rt_lib_init_heap_1                     0x080001b1   Thumb Code     0  libinit2.o(.ARM.Collect$$libinit$$0000000A)
    __rt_lib_init_lc_collate_1               0x080001b1   Thumb Code     0  libinit2.o(.ARM.Collect$$libinit$$00000011)
    __rt_lib_init_lc_ctype_1                 0x080001b1   Thumb Code     0  libinit2.o(.ARM.Collect$$libinit$$00000013)
    __rt_lib_init_lc_monetary_1              0x080001b1   Thumb Code     0  libinit2.o(.ARM.Collect$$libinit$$00000015)
    __rt_lib_init_lc_numeric_1               0x080001b1   Thumb Code     0  libinit2.o(.ARM.Collect$$libinit$$00000017)
    __rt_lib_init_lc_time_1                  0x080001b1   Thumb Code     0  libinit2.o(.ARM.Collect$$libinit$$00000019)
    __rt_lib_init_preinit_1                  0x080001b1   Thumb Code     0  libinit2.o(.ARM.Collect$$libinit$$00000004)
    __rt_lib_init_rand_1                     0x080001b1   Thumb Code     0  libinit2.o(.ARM.Collect$$libinit$$0000000E)
    __rt_lib_init_return                     0x080001b1   Thumb Code     0  libinit2.o(.ARM.Collect$$libinit$$00000033)
    __rt_lib_init_signal_1                   0x080001b1   Thumb Code     0  libinit2.o(.ARM.Collect$$libinit$$0000001D)
    __rt_lib_init_stdio_1                    0x080001b1   Thumb Code     0  libinit2.o(.ARM.Collect$$libinit$$00000025)
    __rt_lib_init_user_alloc_1               0x080001b1   Thumb Code     0  libinit2.o(.ARM.Collect$$libinit$$0000000C)
    __rt_lib_shutdown                        0x080001b3   Thumb Code     0  libshutdown.o(.ARM.Collect$$libshutdown$$00000000)
    __rt_lib_shutdown_cpp_1                  0x080001b5   Thumb Code     0  libshutdown2.o(.ARM.Collect$$libshutdown$$00000002)
    __rt_lib_shutdown_fp_trap_1              0x080001b5   Thumb Code     0  libshutdown2.o(.ARM.Collect$$libshutdown$$00000007)
    __rt_lib_shutdown_heap_1                 0x080001b5   Thumb Code     0  libshutdown2.o(.ARM.Collect$$libshutdown$$0000000F)
    __rt_lib_shutdown_return                 0x080001b5   Thumb Code     0  libshutdown2.o(.ARM.Collect$$libshutdown$$00000010)
    __rt_lib_shutdown_signal_1               0x080001b5   Thumb Code     0  libshutdown2.o(.ARM.Collect$$libshutdown$$0000000A)
    __rt_lib_shutdown_stdio_1                0x080001b5   Thumb Code     0  libshutdown2.o(.ARM.Collect$$libshutdown$$00000004)
    __rt_lib_shutdown_user_alloc_1           0x080001b5   Thumb Code     0  libshutdown2.o(.ARM.Collect$$libshutdown$$0000000C)
    __rt_entry                               0x080001b7   Thumb Code     0  __rtentry.o(.ARM.Collect$$rtentry$$00000000)
    __rt_entry_presh_1                       0x080001b7   Thumb Code     0  __rtentry2.o(.ARM.Collect$$rtentry$$00000002)
    __rt_entry_sh                            0x080001b7   Thumb Code     0  __rtentry4.o(.ARM.Collect$$rtentry$$00000004)
    __rt_entry_li                            0x080001bd   Thumb Code     0  __rtentry2.o(.ARM.Collect$$rtentry$$0000000A)
    __rt_entry_postsh_1                      0x080001bd   Thumb Code     0  __rtentry2.o(.ARM.Collect$$rtentry$$00000009)
    __rt_entry_main                          0x080001c1   Thumb Code     0  __rtentry2.o(.ARM.Collect$$rtentry$$0000000D)
    __rt_entry_postli_1                      0x080001c1   Thumb Code     0  __rtentry2.o(.ARM.Collect$$rtentry$$0000000C)
    __rt_exit                                0x080001c9   Thumb Code     0  rtexit.o(.ARM.Collect$$rtexit$$00000000)
    __rt_exit_ls                             0x080001cb   Thumb Code     0  rtexit2.o(.ARM.Collect$$rtexit$$00000003)
    __rt_exit_prels_1                        0x080001cb   Thumb Code     0  rtexit2.o(.ARM.Collect$$rtexit$$00000002)
    __rt_exit_exit                           0x080001cf   Thumb Code     0  rtexit2.o(.ARM.Collect$$rtexit$$00000004)
    Reset_Handler                            0x080001d5   Thumb Code     8  startup_stm32f103xe.o(.text)
    ADC1_2_IRQHandler                        0x080001ef   Thumb Code     0  startup_stm32f103xe.o(.text)
    ADC3_IRQHandler                          0x080001ef   Thumb Code     0  startup_stm32f103xe.o(.text)
    CAN1_RX1_IRQHandler                      0x080001ef   Thumb Code     0  startup_stm32f103xe.o(.text)
    CAN1_SCE_IRQHandler                      0x080001ef   Thumb Code     0  startup_stm32f103xe.o(.text)
    DMA1_Channel1_IRQHandler                 0x080001ef   Thumb Code     0  startup_stm32f103xe.o(.text)
    DMA1_Channel2_IRQHandler                 0x080001ef   Thumb Code     0  startup_stm32f103xe.o(.text)
    DMA1_Channel3_IRQHandler                 0x080001ef   Thumb Code     0  startup_stm32f103xe.o(.text)
    DMA1_Channel4_IRQHandler                 0x080001ef   Thumb Code     0  startup_stm32f103xe.o(.text)
    DMA1_Channel5_IRQHandler                 0x080001ef   Thumb Code     0  startup_stm32f103xe.o(.text)
    DMA1_Channel6_IRQHandler                 0x080001ef   Thumb Code     0  startup_stm32f103xe.o(.text)
    DMA1_Channel7_IRQHandler                 0x080001ef   Thumb Code     0  startup_stm32f103xe.o(.text)
    DMA2_Channel1_IRQHandler                 0x080001ef   Thumb Code     0  startup_stm32f103xe.o(.text)
    DMA2_Channel2_IRQHandler                 0x080001ef   Thumb Code     0  startup_stm32f103xe.o(.text)
    DMA2_Channel3_IRQHandler                 0x080001ef   Thumb Code     0  startup_stm32f103xe.o(.text)
    DMA2_Channel4_5_IRQHandler               0x080001ef   Thumb Code     0  startup_stm32f103xe.o(.text)
    EXTI0_IRQHandler                         0x080001ef   Thumb Code     0  startup_stm32f103xe.o(.text)
    EXTI15_10_IRQHandler                     0x080001ef   Thumb Code     0  startup_stm32f103xe.o(.text)
    EXTI1_IRQHandler                         0x080001ef   Thumb Code     0  startup_stm32f103xe.o(.text)
    EXTI2_IRQHandler                         0x080001ef   Thumb Code     0  startup_stm32f103xe.o(.text)
    EXTI3_IRQHandler                         0x080001ef   Thumb Code     0  startup_stm32f103xe.o(.text)
    EXTI4_IRQHandler                         0x080001ef   Thumb Code     0  startup_stm32f103xe.o(.text)
    EXTI9_5_IRQHandler                       0x080001ef   Thumb Code     0  startup_stm32f103xe.o(.text)
    FLASH_IRQHandler                         0x080001ef   Thumb Code     0  startup_stm32f103xe.o(.text)
    FSMC_IRQHandler                          0x080001ef   Thumb Code     0  startup_stm32f103xe.o(.text)
    I2C1_ER_IRQHandler                       0x080001ef   Thumb Code     0  startup_stm32f103xe.o(.text)
    I2C1_EV_IRQHandler                       0x080001ef   Thumb Code     0  startup_stm32f103xe.o(.text)
    I2C2_ER_IRQHandler                       0x080001ef   Thumb Code     0  startup_stm32f103xe.o(.text)
    I2C2_EV_IRQHandler                       0x080001ef   Thumb Code     0  startup_stm32f103xe.o(.text)
    PVD_IRQHandler                           0x080001ef   Thumb Code     0  startup_stm32f103xe.o(.text)
    RCC_IRQHandler                           0x080001ef   Thumb Code     0  startup_stm32f103xe.o(.text)
    RTC_Alarm_IRQHandler                     0x080001ef   Thumb Code     0  startup_stm32f103xe.o(.text)
    RTC_IRQHandler                           0x080001ef   Thumb Code     0  startup_stm32f103xe.o(.text)
    SDIO_IRQHandler                          0x080001ef   Thumb Code     0  startup_stm32f103xe.o(.text)
    SPI1_IRQHandler                          0x080001ef   Thumb Code     0  startup_stm32f103xe.o(.text)
    SPI2_IRQHandler                          0x080001ef   Thumb Code     0  startup_stm32f103xe.o(.text)
    SPI3_IRQHandler                          0x080001ef   Thumb Code     0  startup_stm32f103xe.o(.text)
    TAMPER_IRQHandler                        0x080001ef   Thumb Code     0  startup_stm32f103xe.o(.text)
    TIM1_BRK_IRQHandler                      0x080001ef   Thumb Code     0  startup_stm32f103xe.o(.text)
    TIM1_CC_IRQHandler                       0x080001ef   Thumb Code     0  startup_stm32f103xe.o(.text)
    TIM1_TRG_COM_IRQHandler                  0x080001ef   Thumb Code     0  startup_stm32f103xe.o(.text)
    TIM1_UP_IRQHandler                       0x080001ef   Thumb Code     0  startup_stm32f103xe.o(.text)
    TIM2_IRQHandler                          0x080001ef   Thumb Code     0  startup_stm32f103xe.o(.text)
    TIM3_IRQHandler                          0x080001ef   Thumb Code     0  startup_stm32f103xe.o(.text)
    TIM4_IRQHandler                          0x080001ef   Thumb Code     0  startup_stm32f103xe.o(.text)
    TIM5_IRQHandler                          0x080001ef   Thumb Code     0  startup_stm32f103xe.o(.text)
    TIM6_IRQHandler                          0x080001ef   Thumb Code     0  startup_stm32f103xe.o(.text)
    TIM7_IRQHandler                          0x080001ef   Thumb Code     0  startup_stm32f103xe.o(.text)
    TIM8_BRK_IRQHandler                      0x080001ef   Thumb Code     0  startup_stm32f103xe.o(.text)
    TIM8_CC_IRQHandler                       0x080001ef   Thumb Code     0  startup_stm32f103xe.o(.text)
    TIM8_TRG_COM_IRQHandler                  0x080001ef   Thumb Code     0  startup_stm32f103xe.o(.text)
    TIM8_UP_IRQHandler                       0x080001ef   Thumb Code     0  startup_stm32f103xe.o(.text)
    UART4_IRQHandler                         0x080001ef   Thumb Code     0  startup_stm32f103xe.o(.text)
    UART5_IRQHandler                         0x080001ef   Thumb Code     0  startup_stm32f103xe.o(.text)
    USART2_IRQHandler                        0x080001ef   Thumb Code     0  startup_stm32f103xe.o(.text)
    USART3_IRQHandler                        0x080001ef   Thumb Code     0  startup_stm32f103xe.o(.text)
    USBWakeUp_IRQHandler                     0x080001ef   Thumb Code     0  startup_stm32f103xe.o(.text)
    USB_HP_CAN1_TX_IRQHandler                0x080001ef   Thumb Code     0  startup_stm32f103xe.o(.text)
    USB_LP_CAN1_RX0_IRQHandler               0x080001ef   Thumb Code     0  startup_stm32f103xe.o(.text)
    WWDG_IRQHandler                          0x080001ef   Thumb Code     0  startup_stm32f103xe.o(.text)
    __user_initial_stackheap                 0x080001f1   Thumb Code     0  startup_stm32f103xe.o(.text)
    OS_CPU_SR_Save                           0x08000215   Thumb Code     0  os_cpu_a.o(.text)
    OS_CPU_SR_Restore                        0x0800021d   Thumb Code     0  os_cpu_a.o(.text)
    OSStartHighRdy                           0x08000223   Thumb Code     0  os_cpu_a.o(.text)
    OSCtxSw                                  0x0800024b   Thumb Code     0  os_cpu_a.o(.text)
    OSIntCtxSw                               0x08000255   Thumb Code     0  os_cpu_a.o(.text)
    PendSV_Handler                           0x0800025f   Thumb Code     0  os_cpu_a.o(.text)
    __use_no_semihosting                     0x080002c5   Thumb Code     2  use_no_semi_2.o(.text)
    __2printf                                0x080002c9   Thumb Code    20  noretval__2printf.o(.text)
    __printf                                 0x080002e1   Thumb Code   104  __printf.o(.text)
    _printf_int_dec                          0x08000349   Thumb Code   104  _printf_dec.o(.text)
    __aeabi_memclr4                          0x080003c1   Thumb Code     0  rt_memclr_w.o(.text)
    __aeabi_memclr8                          0x080003c1   Thumb Code     0  rt_memclr_w.o(.text)
    __rt_memclr_w                            0x080003c1   Thumb Code    78  rt_memclr_w.o(.text)
    _memset_w                                0x080003c5   Thumb Code     0  rt_memclr_w.o(.text)
    __use_two_region_memory                  0x0800040f   Thumb Code     2  heapauxi.o(.text)
    __rt_heap_escrow$2region                 0x08000411   Thumb Code     2  heapauxi.o(.text)
    __rt_heap_expand$2region                 0x08000413   Thumb Code     2  heapauxi.o(.text)
    __I$use$semihosting                      0x08000415   Thumb Code     0  use_no_semi.o(.text)
    __use_no_semihosting_swi                 0x08000415   Thumb Code     2  use_no_semi.o(.text)
    _printf_int_common                       0x08000417   Thumb Code   178  _printf_intcommon.o(.text)
    _printf_char_file                        0x080004c9   Thumb Code    32  _printf_char_file.o(.text)
    _printf_char_common                      0x080004f7   Thumb Code    32  _printf_char_common.o(.text)
    ferror                                   0x0800051d   Thumb Code     8  ferror.o(.text)
    __user_setup_stackheap                   0x08000525   Thumb Code    74  sys_stackheap_outer.o(.text)
    exit                                     0x0800056f   Thumb Code    18  exit.o(.text)
    __user_libspace                          0x08000581   Thumb Code     8  libspace.o(.text)
    __user_perproc_libspace                  0x08000581   Thumb Code     0  libspace.o(.text)
    __user_perthread_libspace                0x08000581   Thumb Code     0  libspace.o(.text)
    App_TCBInitHook                          0x08000589   Thumb Code     2  app_hooks.o(i.App_TCBInitHook)
    App_TaskCreateHook                       0x0800058b   Thumb Code     2  app_hooks.o(i.App_TaskCreateHook)
    App_TaskDelHook                          0x0800058d   Thumb Code     2  app_hooks.o(i.App_TaskDelHook)
    App_TaskIdleHook                         0x0800058f   Thumb Code     2  app_hooks.o(i.App_TaskIdleHook)
    App_TaskReturnHook                       0x08000591   Thumb Code     2  app_hooks.o(i.App_TaskReturnHook)
    App_TaskStatHook                         0x08000593   Thumb Code     2  app_hooks.o(i.App_TaskStatHook)
    App_TaskSwHook                           0x08000595   Thumb Code     2  app_hooks.o(i.App_TaskSwHook)
    App_TimeTickHook                         0x08000597   Thumb Code     2  app_hooks.o(i.App_TimeTickHook)
    BusFault_Handler                         0x08000599   Thumb Code     4  stm32f1xx_it.o(i.BusFault_Handler)
    DRVL298N_Backward                        0x0800059d   Thumb Code    70  drvl298n.o(i.DRVL298N_Backward)
    DRVL298N_Forward                         0x080005e9   Thumb Code    70  drvl298n.o(i.DRVL298N_Forward)
    DRVL298N_Init                            0x08000635   Thumb Code   104  drvl298n.o(i.DRVL298N_Init)
    DebugMon_Handler                         0x080006a9   Thumb Code     2  stm32f1xx_it.o(i.DebugMon_Handler)
    HAL_Delay                                0x080006ab   Thumb Code    26  stm32f1xx_hal.o(i.HAL_Delay)
    HAL_GPIO_Init                            0x080006c5   Thumb Code   790  stm32f1xx_hal_gpio.o(i.HAL_GPIO_Init)
    HAL_GPIO_WritePin                        0x08000a05   Thumb Code    12  stm32f1xx_hal_gpio.o(i.HAL_GPIO_WritePin)
    HAL_GetTick                              0x08000a11   Thumb Code     6  stm32f1xx_hal.o(i.HAL_GetTick)
    HAL_Init                                 0x08000a1d   Thumb Code    34  stm32f1xx_hal.o(i.HAL_Init)
    HAL_InitTick                             0x08000a45   Thumb Code    36  stm32f1xx_hal.o(i.HAL_InitTick)
    HAL_MspInit                              0x08000a69   Thumb Code     2  stm32f1xx_hal_msp.o(i.HAL_MspInit)
    HAL_NVIC_EnableIRQ                       0x08000a6b   Thumb Code    26  stm32f1xx_hal_cortex.o(i.HAL_NVIC_EnableIRQ)
    HAL_NVIC_SetPriority                     0x08000a85   Thumb Code   124  stm32f1xx_hal_cortex.o(i.HAL_NVIC_SetPriority)
    HAL_NVIC_SetPriorityGrouping             0x08000b01   Thumb Code    32  stm32f1xx_hal_cortex.o(i.HAL_NVIC_SetPriorityGrouping)
    HAL_RCC_ClockConfig                      0x08000b29   Thumb Code   648  stm32f1xx_hal_rcc.o(i.HAL_RCC_ClockConfig)
    HAL_RCC_GetHCLKFreq                      0x08000dc1   Thumb Code     6  stm32f1xx_hal_rcc.o(i.HAL_RCC_GetHCLKFreq)
    HAL_RCC_GetPCLK1Freq                     0x08000dcd   Thumb Code    36  stm32f1xx_hal_rcc.o(i.HAL_RCC_GetPCLK1Freq)
    HAL_RCC_GetPCLK2Freq                     0x08000df9   Thumb Code    36  stm32f1xx_hal_rcc.o(i.HAL_RCC_GetPCLK2Freq)
    HAL_RCC_GetSysClockFreq                  0x08000e25   Thumb Code   146  stm32f1xx_hal_rcc.o(i.HAL_RCC_GetSysClockFreq)
    HAL_RCC_OscConfig                        0x08000ed9   Thumb Code  2164  stm32f1xx_hal_rcc.o(i.HAL_RCC_OscConfig)
    HAL_SYSTICK_CLKSourceConfig              0x08001751   Thumb Code    40  stm32f1xx_hal_cortex.o(i.HAL_SYSTICK_CLKSourceConfig)
    HAL_SYSTICK_Config                       0x08001779   Thumb Code    52  stm32f1xx_hal_cortex.o(i.HAL_SYSTICK_Config)
    HAL_TIMEx_MasterConfigSynchronization    0x080017ad   Thumb Code    98  stm32f1xx_hal_tim_ex.o(i.HAL_TIMEx_MasterConfigSynchronization)
    HAL_TIM_Encoder_Init                     0x0800180f   Thumb Code   180  stm32f1xx_hal_tim.o(i.HAL_TIM_Encoder_Init)
    HAL_TIM_Encoder_MspInit                  0x080018c5   Thumb Code   196  timer.o(i.HAL_TIM_Encoder_MspInit)
    HAL_TIM_MspPostInit                      0x080019a1   Thumb Code   304  timer.o(i.HAL_TIM_MspPostInit)
    HAL_TIM_PWM_ConfigChannel                0x08001aed   Thumb Code   264  stm32f1xx_hal_tim.o(i.HAL_TIM_PWM_ConfigChannel)
    HAL_TIM_PWM_Init                         0x08001bf5   Thumb Code    52  stm32f1xx_hal_tim.o(i.HAL_TIM_PWM_Init)
    HAL_TIM_PWM_MspInit                      0x08001c29   Thumb Code   112  timer.o(i.HAL_TIM_PWM_MspInit)
    HAL_TIM_PWM_Start                        0x08001ca5   Thumb Code    68  stm32f1xx_hal_tim.o(i.HAL_TIM_PWM_Start)
    HAL_UART_ErrorCallback                   0x08001cf1   Thumb Code     2  stm32f1xx_hal_uart.o(i.HAL_UART_ErrorCallback)
    HAL_UART_GetState                        0x08001cf3   Thumb Code     8  stm32f1xx_hal_uart.o(i.HAL_UART_GetState)
    HAL_UART_IRQHandler                      0x08001cfb   Thumb Code   218  stm32f1xx_hal_uart.o(i.HAL_UART_IRQHandler)
    HAL_UART_Init                            0x08001dd5   Thumb Code   110  stm32f1xx_hal_uart.o(i.HAL_UART_Init)
    HAL_UART_MspInit                         0x08001e45   Thumb Code   156  usart.o(i.HAL_UART_MspInit)
    HAL_UART_Receive_IT                      0x08001eed   Thumb Code   134  stm32f1xx_hal_uart.o(i.HAL_UART_Receive_IT)
    HAL_UART_RxCpltCallback                  0x08001f75   Thumb Code   120  usart.o(i.HAL_UART_RxCpltCallback)
    HAL_UART_TxCpltCallback                  0x08001ffd   Thumb Code     2  stm32f1xx_hal_uart.o(i.HAL_UART_TxCpltCallback)
    HardFault_Handler                        0x08001fff   Thumb Code     4  stm32f1xx_it.o(i.HardFault_Handler)
    LED_Init                                 0x08002005   Thumb Code   116  led.o(i.LED_Init)
    MX_TIM1_Init                             0x08002085   Thumb Code   102  timer.o(i.MX_TIM1_Init)
    MX_TIM2_Init                             0x080020f5   Thumb Code   104  timer.o(i.MX_TIM2_Init)
    MX_TIM3_Init                             0x08002161   Thumb Code   122  timer.o(i.MX_TIM3_Init)
    MX_TIM4_Init                             0x080021e5   Thumb Code   122  timer.o(i.MX_TIM4_Init)
    MX_TIM8_Init                             0x08002269   Thumb Code   104  timer.o(i.MX_TIM8_Init)
    MemManage_Handler                        0x080022d9   Thumb Code     4  stm32f1xx_it.o(i.MemManage_Handler)
    NMI_Handler                              0x080022dd   Thumb Code     2  stm32f1xx_it.o(i.NMI_Handler)
    OSInit                                   0x08002319   Thumb Code    44  os_core.o(i.OSInit)
    OSInitHookBegin                          0x08002345   Thumb Code    34  os_cpu_c.o(i.OSInitHookBegin)
    OSInitHookEnd                            0x08002375   Thumb Code     2  os_cpu_c.o(i.OSInitHookEnd)
    OSIntEnter                               0x08002379   Thumb Code    28  os_core.o(i.OSIntEnter)
    OSIntExit                                0x0800239d   Thumb Code   112  os_core.o(i.OSIntExit)
    OSStart                                  0x0800242d   Thumb Code    48  os_core.o(i.OSStart)
    OSStatInit                               0x08002475   Thumb Code    62  os_core.o(i.OSStatInit)
    OSTCBInitHook                            0x080024c1   Thumb Code    12  os_cpu_c.o(i.OSTCBInitHook)
    OSTaskCreateExt                          0x080024cd   Thumb Code   170  os_task.o(i.OSTaskCreateExt)
    OSTaskCreateHook                         0x08002585   Thumb Code    12  os_cpu_c.o(i.OSTaskCreateHook)
    OSTaskDel                                0x08002591   Thumb Code   306  os_task.o(i.OSTaskDel)
    OSTaskDelHook                            0x080026f1   Thumb Code    12  os_cpu_c.o(i.OSTaskDelHook)
    OSTaskIdleHook                           0x080026fd   Thumb Code     8  os_cpu_c.o(i.OSTaskIdleHook)
    OSTaskNameSet                            0x08002705   Thumb Code    98  os_task.o(i.OSTaskNameSet)
    OSTaskReturnHook                         0x08002775   Thumb Code    12  os_cpu_c.o(i.OSTaskReturnHook)
    OSTaskStatHook                           0x08002781   Thumb Code     8  os_cpu_c.o(i.OSTaskStatHook)
    OSTaskStkChk                             0x08002789   Thumb Code   128  os_task.o(i.OSTaskStkChk)
    OSTaskStkInit                            0x08002811   Thumb Code   160  os_cpu_c.o(i.OSTaskStkInit)
    OSTaskSuspend                            0x080028b5   Thumb Code   152  os_task.o(i.OSTaskSuspend)
    OSTaskSwHook                             0x0800295d   Thumb Code     8  os_cpu_c.o(i.OSTaskSwHook)
    OSTimeDly                                0x08002965   Thumb Code   100  os_time.o(i.OSTimeDly)
    OSTimeTick                               0x080029dd   Thumb Code   210  os_core.o(i.OSTimeTick)
    OSTimeTickHook                           0x08002ac9   Thumb Code     8  os_cpu_c.o(i.OSTimeTickHook)
    OS_Dummy                                 0x08002ad1   Thumb Code     2  os_core.o(i.OS_Dummy)
    OS_EventTaskRemove                       0x08002ad3   Thumb Code    46  os_core.o(i.OS_EventTaskRemove)
    OS_EventTaskRemoveMulti                  0x08002b01   Thumb Code    58  os_core.o(i.OS_EventTaskRemoveMulti)
    OS_FlagInit                              0x08002b3d   Thumb Code    74  os_flag.o(i.OS_FlagInit)
    OS_FlagUnlink                            0x08002b95   Thumb Code    36  os_flag.o(i.OS_FlagUnlink)
    OS_MemClr                                0x08002dd9   Thumb Code    18  os_core.o(i.OS_MemClr)
    OS_QInit                                 0x08002ded   Thumb Code    72  os_q.o(i.OS_QInit)
    OS_Sched                                 0x08002e3d   Thumb Code    88  os_core.o(i.OS_Sched)
    OS_TCBInit                               0x08002edd   Thumb Code   292  os_core.o(i.OS_TCBInit)
    OS_TaskIdle                              0x0800301d   Thumb Code    34  os_core.o(i.OS_TaskIdle)
    OS_TaskReturn                            0x08003045   Thumb Code    18  os_task.o(i.OS_TaskReturn)
    OS_TaskStat                              0x0800305d   Thumb Code   140  os_core.o(i.OS_TaskStat)
    OS_TaskStatStkChk                        0x080030fd   Thumb Code    54  os_core.o(i.OS_TaskStatStkChk)
    OS_TaskStkClr                            0x08003139   Thumb Code    26  os_task.o(i.OS_TaskStkClr)
    SVC_Handler                              0x08003153   Thumb Code     2  stm32f1xx_it.o(i.SVC_Handler)
    Stm32_Clock_Init                         0x08003155   Thumb Code    86  sys.o(i.Stm32_Clock_Init)
    SysTick_Handler                          0x080031ad   Thumb Code    24  delay.o(i.SysTick_Handler)
    SystemInit                               0x080031c9   Thumb Code    70  system_stm32f1xx.o(i.SystemInit)
    TIM_Base_SetConfig                       0x08003221   Thumb Code   124  stm32f1xx_hal_tim.o(i.TIM_Base_SetConfig)
    TIM_CCxChannelCmd                        0x080032b1   Thumb Code    28  stm32f1xx_hal_tim.o(i.TIM_CCxChannelCmd)
    TIM_OC2_SetConfig                        0x08003345   Thumb Code   120  stm32f1xx_hal_tim.o(i.TIM_OC2_SetConfig)
    USART1_IRQHandler                        0x080037c1   Thumb Code    64  usart.o(i.USART1_IRQHandler)
    UsageFault_Handler                       0x08003809   Thumb Code     4  stm32f1xx_it.o(i.UsageFault_Handler)
    __SetIn1PWM                              0x0800380d   Thumb Code    84  drvl298n.o(i.__SetIn1PWM)
    __SetIn2PWM                              0x0800386d   Thumb Code    84  drvl298n.o(i.__SetIn2PWM)
    _sys_exit                                0x080038cd   Thumb Code     4  usart.o(i._sys_exit)
    delay_init                               0x080038d1   Thumb Code    58  delay.o(i.delay_init)
    fputc                                    0x08003915   Thumb Code    24  usart.o(i.fputc)
    main                                     0x08003931   Thumb Code    84  main.o(i.main)
    motordrive_func                          0x080039a1   Thumb Code   100  userapp.o(i.motordrive_func)
    motordrive_init                          0x08003a25   Thumb Code     8  userapp.o(i.motordrive_init)
    motordrive_task                          0x08003a2d   Thumb Code    18  main.o(i.motordrive_task)
    remotectrl_init                          0x08003a3f   Thumb Code     2  userapp.o(i.remotectrl_init)
    remotectrl_task                          0x08003a41   Thumb Code    16  main.o(i.remotectrl_task)
    start_task                               0x08003a51   Thumb Code    96  main.o(i.start_task)
    uart_init                                0x08003ac9   Thumb Code    44  usart.o(i.uart_init)
    AHBPrescTable                            0x08003b00   Data          16  system_stm32f1xx.o(.constdata)
    APBPrescTable                            0x08003b10   Data           8  system_stm32f1xx.o(.constdata)
    OSUnMapTbl                               0x08003b18   Data         256  os_core.o(.constdata)
    Region$$Table$$Base                      0x08003c18   Number         0  anon$$obj.o(Region$$Table)
    Region$$Table$$Limit                     0x08003c38   Number         0  anon$$obj.o(Region$$Table)
    SystemCoreClock                          0x20000000   Data           4  system_stm32f1xx.o(.data)
    __stdout                                 0x20000010   Data           4  usart.o(.data)
    USART_RX_STA                             0x20000014   Data           2  usart.o(.data)
    aRxBuffer                                0x20000016   Data           1  usart.o(.data)
    OSCtxSwCtr                               0x20000024   Data           4  os_core.o(.data)
    OSEventFreeList                          0x20000028   Data           4  os_core.o(.data)
    OSFlagFreeList                           0x2000002c   Data           4  os_core.o(.data)
    OSCPUUsage                               0x20000030   Data           1  os_core.o(.data)
    OSIdleCtrMax                             0x20000034   Data           4  os_core.o(.data)
    OSIdleCtrRun                             0x20000038   Data           4  os_core.o(.data)
    OSStatRdy                                0x2000003c   Data           1  os_core.o(.data)
    OSIntNesting                             0x2000003d   Data           1  os_core.o(.data)
    OSLockNesting                            0x2000003e   Data           1  os_core.o(.data)
    OSPrioCur                                0x2000003f   Data           1  os_core.o(.data)
    OSPrioHighRdy                            0x20000040   Data           1  os_core.o(.data)
    OSRdyGrp                                 0x20000041   Data           1  os_core.o(.data)
    OSRdyTbl                                 0x20000042   Data           8  os_core.o(.data)
    OSRunning                                0x2000004a   Data           1  os_core.o(.data)
    OSTaskCtr                                0x2000004b   Data           1  os_core.o(.data)
    OSIdleCtr                                0x2000004c   Data           4  os_core.o(.data)
    OSTCBCur                                 0x20000050   Data           4  os_core.o(.data)
    OSTCBFreeList                            0x20000054   Data           4  os_core.o(.data)
    OSTCBHighRdy                             0x20000058   Data           4  os_core.o(.data)
    OSTCBList                                0x2000005c   Data           4  os_core.o(.data)
    OSTickStepState                          0x20000060   Data           1  os_core.o(.data)
    OSQFreeList                              0x20000064   Data           4  os_core.o(.data)
    OSTaskRegNextAvailID                     0x20000068   Data           1  os_core.o(.data)
    OSTime                                   0x2000006c   Data           4  os_core.o(.data)
    OS_CPU_ExceptStkBase                     0x20000070   Data           4  os_cpu_c.o(.data)
    START_TASK_STK                           0x20000074   Data         512  main.o(.bss)
    MOTOR_TASK_STK                           0x20000274   Data        2048  main.o(.bss)
    REMOTE_TASK_STK                          0x20000a74   Data         512  main.o(.bss)
    USART_RX_BUF                             0x20000c74   Data         200  usart.o(.bss)
    UART1_Handler                            0x20000d3c   Data          64  usart.o(.bss)
    htim1                                    0x20000d7c   Data          60  timer.o(.bss)
    htim2                                    0x20000db8   Data          60  timer.o(.bss)
    htim3                                    0x20000df4   Data          60  timer.o(.bss)
    htim4                                    0x20000e30   Data          60  timer.o(.bss)
    htim8                                    0x20000e6c   Data          60  timer.o(.bss)
    OSEventTbl                               0x20000ea8   Data         480  os_core.o(.bss)
    OSFlagTbl                                0x20001088   Data          80  os_core.o(.bss)
    OSTaskStatStk                            0x200010d8   Data         512  os_core.o(.bss)
    OSTaskIdleStk                            0x200012d8   Data         512  os_core.o(.bss)
    OSTCBPrioTbl                             0x200014d8   Data         256  os_core.o(.bss)
    OSTCBTbl                                 0x200015d8   Data        1936  os_core.o(.bss)
    OSQTbl                                   0x20001d68   Data          96  os_core.o(.bss)
    OS_CPU_ExceptStk                         0x20001dc8   Data         512  os_cpu_c.o(.bss)
    __libspace_start                         0x20001fc8   Data          96  libspace.o(.bss)
    __temporary_stack_top$libspace           0x20002028   Data           0  libspace.o(.bss)



==============================================================================

Memory Map of the image

  Image Entry point : 0x08000131

  Load Region LR_IROM1 (Base: 0x08000000, Size: 0x00003cac, Max: 0x00080000, ABSOLUTE)

    Execution Region ER_IROM1 (Base: 0x08000000, Size: 0x00003c38, Max: 0x00080000, ABSOLUTE)

    Base Addr    Size         Type   Attr      Idx    E Section Name        Object

    0x08000000   0x00000130   Data   RO          478    RESET               startup_stm32f103xe.o
    0x08000130   0x00000008   Code   RO         4616  * !!!main             c_w.l(__main.o)
    0x08000138   0x00000034   Code   RO         4794    !!!scatter          c_w.l(__scatter.o)
    0x0800016c   0x0000001a   Code   RO         4796    !!handler_copy      c_w.l(__scatter_copy.o)
    0x08000186   0x00000002   PAD
    0x08000188   0x0000001c   Code   RO         4798    !!handler_zi        c_w.l(__scatter_zi.o)
    0x080001a4   0x00000000   Code   RO         4611    .ARM.Collect$$_printf_percent$$00000000  c_w.l(_printf_percent.o)
    0x080001a4   0x00000006   Code   RO         4610    .ARM.Collect$$_printf_percent$$00000009  c_w.l(_printf_d.o)
    0x080001aa   0x00000004   Code   RO         4629    .ARM.Collect$$_printf_percent$$00000017  c_w.l(_printf_percent_end.o)
    0x080001ae   0x00000002   Code   RO         4668    .ARM.Collect$$libinit$$00000000  c_w.l(libinit.o)
    0x080001b0   0x00000000   Code   RO         4681    .ARM.Collect$$libinit$$00000002  c_w.l(libinit2.o)
    0x080001b0   0x00000000   Code   RO         4683    .ARM.Collect$$libinit$$00000004  c_w.l(libinit2.o)
    0x080001b0   0x00000000   Code   RO         4686    .ARM.Collect$$libinit$$0000000A  c_w.l(libinit2.o)
    0x080001b0   0x00000000   Code   RO         4688    .ARM.Collect$$libinit$$0000000C  c_w.l(libinit2.o)
    0x080001b0   0x00000000   Code   RO         4690    .ARM.Collect$$libinit$$0000000E  c_w.l(libinit2.o)
    0x080001b0   0x00000000   Code   RO         4693    .ARM.Collect$$libinit$$00000011  c_w.l(libinit2.o)
    0x080001b0   0x00000000   Code   RO         4695    .ARM.Collect$$libinit$$00000013  c_w.l(libinit2.o)
    0x080001b0   0x00000000   Code   RO         4697    .ARM.Collect$$libinit$$00000015  c_w.l(libinit2.o)
    0x080001b0   0x00000000   Code   RO         4699    .ARM.Collect$$libinit$$00000017  c_w.l(libinit2.o)
    0x080001b0   0x00000000   Code   RO         4701    .ARM.Collect$$libinit$$00000019  c_w.l(libinit2.o)
    0x080001b0   0x00000000   Code   RO         4703    .ARM.Collect$$libinit$$0000001B  c_w.l(libinit2.o)
    0x080001b0   0x00000000   Code   RO         4705    .ARM.Collect$$libinit$$0000001D  c_w.l(libinit2.o)
    0x080001b0   0x00000000   Code   RO         4707    .ARM.Collect$$libinit$$0000001F  c_w.l(libinit2.o)
    0x080001b0   0x00000000   Code   RO         4709    .ARM.Collect$$libinit$$00000021  c_w.l(libinit2.o)
    0x080001b0   0x00000000   Code   RO         4711    .ARM.Collect$$libinit$$00000023  c_w.l(libinit2.o)
    0x080001b0   0x00000000   Code   RO         4713    .ARM.Collect$$libinit$$00000025  c_w.l(libinit2.o)
    0x080001b0   0x00000000   Code   RO         4717    .ARM.Collect$$libinit$$0000002C  c_w.l(libinit2.o)
    0x080001b0   0x00000000   Code   RO         4719    .ARM.Collect$$libinit$$0000002E  c_w.l(libinit2.o)
    0x080001b0   0x00000000   Code   RO         4721    .ARM.Collect$$libinit$$00000030  c_w.l(libinit2.o)
    0x080001b0   0x00000000   Code   RO         4723    .ARM.Collect$$libinit$$00000032  c_w.l(libinit2.o)
    0x080001b0   0x00000002   Code   RO         4724    .ARM.Collect$$libinit$$00000033  c_w.l(libinit2.o)
    0x080001b2   0x00000002   Code   RO         4750    .ARM.Collect$$libshutdown$$00000000  c_w.l(libshutdown.o)
    0x080001b4   0x00000000   Code   RO         4777    .ARM.Collect$$libshutdown$$00000002  c_w.l(libshutdown2.o)
    0x080001b4   0x00000000   Code   RO         4779    .ARM.Collect$$libshutdown$$00000004  c_w.l(libshutdown2.o)
    0x080001b4   0x00000000   Code   RO         4782    .ARM.Collect$$libshutdown$$00000007  c_w.l(libshutdown2.o)
    0x080001b4   0x00000000   Code   RO         4785    .ARM.Collect$$libshutdown$$0000000A  c_w.l(libshutdown2.o)
    0x080001b4   0x00000000   Code   RO         4787    .ARM.Collect$$libshutdown$$0000000C  c_w.l(libshutdown2.o)
    0x080001b4   0x00000000   Code   RO         4790    .ARM.Collect$$libshutdown$$0000000F  c_w.l(libshutdown2.o)
    0x080001b4   0x00000002   Code   RO         4791    .ARM.Collect$$libshutdown$$00000010  c_w.l(libshutdown2.o)
    0x080001b6   0x00000000   Code   RO         4620    .ARM.Collect$$rtentry$$00000000  c_w.l(__rtentry.o)
    0x080001b6   0x00000000   Code   RO         4631    .ARM.Collect$$rtentry$$00000002  c_w.l(__rtentry2.o)
    0x080001b6   0x00000006   Code   RO         4643    .ARM.Collect$$rtentry$$00000004  c_w.l(__rtentry4.o)
    0x080001bc   0x00000000   Code   RO         4633    .ARM.Collect$$rtentry$$00000009  c_w.l(__rtentry2.o)
    0x080001bc   0x00000004   Code   RO         4634    .ARM.Collect$$rtentry$$0000000A  c_w.l(__rtentry2.o)
    0x080001c0   0x00000000   Code   RO         4636    .ARM.Collect$$rtentry$$0000000C  c_w.l(__rtentry2.o)
    0x080001c0   0x00000008   Code   RO         4637    .ARM.Collect$$rtentry$$0000000D  c_w.l(__rtentry2.o)
    0x080001c8   0x00000002   Code   RO         4672    .ARM.Collect$$rtexit$$00000000  c_w.l(rtexit.o)
    0x080001ca   0x00000000   Code   RO         4726    .ARM.Collect$$rtexit$$00000002  c_w.l(rtexit2.o)
    0x080001ca   0x00000004   Code   RO         4727    .ARM.Collect$$rtexit$$00000003  c_w.l(rtexit2.o)
    0x080001ce   0x00000006   Code   RO         4728    .ARM.Collect$$rtexit$$00000004  c_w.l(rtexit2.o)
    0x080001d4   0x00000040   Code   RO          479    .text               startup_stm32f103xe.o
    0x08000214   0x000000b0   Code   RO         4507    .text               os_cpu_a.o
    0x080002c4   0x00000002   Code   RO         4578    .text               c_w.l(use_no_semi_2.o)
    0x080002c6   0x00000002   PAD
    0x080002c8   0x00000018   Code   RO         4584    .text               c_w.l(noretval__2printf.o)
    0x080002e0   0x00000068   Code   RO         4586    .text               c_w.l(__printf.o)
    0x08000348   0x00000078   Code   RO         4588    .text               c_w.l(_printf_dec.o)
    0x080003c0   0x0000004e   Code   RO         4612    .text               c_w.l(rt_memclr_w.o)
    0x0800040e   0x00000006   Code   RO         4614    .text               c_w.l(heapauxi.o)
    0x08000414   0x00000002   Code   RO         4618    .text               c_w.l(use_no_semi.o)
    0x08000416   0x000000b2   Code   RO         4625    .text               c_w.l(_printf_intcommon.o)
    0x080004c8   0x00000024   Code   RO         4627    .text               c_w.l(_printf_char_file.o)
    0x080004ec   0x00000030   Code   RO         4647    .text               c_w.l(_printf_char_common.o)
    0x0800051c   0x00000008   Code   RO         4649    .text               c_w.l(ferror.o)
    0x08000524   0x0000004a   Code   RO         4653    .text               c_w.l(sys_stackheap_outer.o)
    0x0800056e   0x00000012   Code   RO         4657    .text               c_w.l(exit.o)
    0x08000580   0x00000008   Code   RO         4669    .text               c_w.l(libspace.o)
    0x08000588   0x00000002   Code   RO         4513    i.App_TCBInitHook   app_hooks.o
    0x0800058a   0x00000002   Code   RO         4514    i.App_TaskCreateHook  app_hooks.o
    0x0800058c   0x00000002   Code   RO         4515    i.App_TaskDelHook   app_hooks.o
    0x0800058e   0x00000002   Code   RO         4516    i.App_TaskIdleHook  app_hooks.o
    0x08000590   0x00000002   Code   RO         4517    i.App_TaskReturnHook  app_hooks.o
    0x08000592   0x00000002   Code   RO         4518    i.App_TaskStatHook  app_hooks.o
    0x08000594   0x00000002   Code   RO         4519    i.App_TaskSwHook    app_hooks.o
    0x08000596   0x00000002   Code   RO         4520    i.App_TimeTickHook  app_hooks.o
    0x08000598   0x00000004   Code   RO          266    i.BusFault_Handler  stm32f1xx_it.o
    0x0800059c   0x0000004c   Code   RO         2857    i.DRVL298N_Backward  drvl298n.o
    0x080005e8   0x0000004c   Code   RO         2860    i.DRVL298N_Forward  drvl298n.o
    0x08000634   0x00000074   Code   RO         2861    i.DRVL298N_Init     drvl298n.o
    0x080006a8   0x00000002   Code   RO          267    i.DebugMon_Handler  stm32f1xx_it.o
    0x080006aa   0x0000001a   Code   RO          493    i.HAL_Delay         stm32f1xx_hal.o
    0x080006c4   0x00000340   Code   RO          822    i.HAL_GPIO_Init     stm32f1xx_hal_gpio.o
    0x08000a04   0x0000000c   Code   RO          826    i.HAL_GPIO_WritePin  stm32f1xx_hal_gpio.o
    0x08000a10   0x0000000c   Code   RO          497    i.HAL_GetTick       stm32f1xx_hal.o
    0x08000a1c   0x00000028   Code   RO          499    i.HAL_Init          stm32f1xx_hal.o
    0x08000a44   0x00000024   Code   RO          500    i.HAL_InitTick      stm32f1xx_hal.o
    0x08000a68   0x00000002   Code   RO          450    i.HAL_MspInit       stm32f1xx_hal_msp.o
    0x08000a6a   0x0000001a   Code   RO          622    i.HAL_NVIC_EnableIRQ  stm32f1xx_hal_cortex.o
    0x08000a84   0x0000007c   Code   RO          628    i.HAL_NVIC_SetPriority  stm32f1xx_hal_cortex.o
    0x08000b00   0x00000028   Code   RO          629    i.HAL_NVIC_SetPriorityGrouping  stm32f1xx_hal_cortex.o
    0x08000b28   0x00000298   Code   RO         1047    i.HAL_RCC_ClockConfig  stm32f1xx_hal_rcc.o
    0x08000dc0   0x0000000c   Code   RO         1052    i.HAL_RCC_GetHCLKFreq  stm32f1xx_hal_rcc.o
    0x08000dcc   0x0000002c   Code   RO         1054    i.HAL_RCC_GetPCLK1Freq  stm32f1xx_hal_rcc.o
    0x08000df8   0x0000002c   Code   RO         1055    i.HAL_RCC_GetPCLK2Freq  stm32f1xx_hal_rcc.o
    0x08000e24   0x000000b4   Code   RO         1056    i.HAL_RCC_GetSysClockFreq  stm32f1xx_hal_rcc.o
    0x08000ed8   0x00000878   Code   RO         1059    i.HAL_RCC_OscConfig  stm32f1xx_hal_rcc.o
    0x08001750   0x00000028   Code   RO          631    i.HAL_SYSTICK_CLKSourceConfig  stm32f1xx_hal_cortex.o
    0x08001778   0x00000034   Code   RO          633    i.HAL_SYSTICK_Config  stm32f1xx_hal_cortex.o
    0x080017ac   0x00000062   Code   RO         2307    i.HAL_TIMEx_MasterConfigSynchronization  stm32f1xx_hal_tim_ex.o
    0x0800180e   0x000000b4   Code   RO         1669    i.HAL_TIM_Encoder_Init  stm32f1xx_hal_tim.o
    0x080018c2   0x00000002   PAD
    0x080018c4   0x000000dc   Code   RO         2774    i.HAL_TIM_Encoder_MspInit  timer.o
    0x080019a0   0x0000014c   Code   RO         2775    i.HAL_TIM_MspPostInit  timer.o
    0x08001aec   0x00000108   Code   RO         1717    i.HAL_TIM_PWM_ConfigChannel  stm32f1xx_hal_tim.o
    0x08001bf4   0x00000034   Code   RO         1720    i.HAL_TIM_PWM_Init  stm32f1xx_hal_tim.o
    0x08001c28   0x0000007c   Code   RO         2777    i.HAL_TIM_PWM_MspInit  timer.o
    0x08001ca4   0x0000004c   Code   RO         1724    i.HAL_TIM_PWM_Start  stm32f1xx_hal_tim.o
    0x08001cf0   0x00000002   Code   RO         1196    i.HAL_UART_ErrorCallback  stm32f1xx_hal_uart.o
    0x08001cf2   0x00000008   Code   RO         1198    i.HAL_UART_GetState  stm32f1xx_hal_uart.o
    0x08001cfa   0x000000da   Code   RO         1199    i.HAL_UART_IRQHandler  stm32f1xx_hal_uart.o
    0x08001dd4   0x0000006e   Code   RO         1200    i.HAL_UART_Init     stm32f1xx_hal_uart.o
    0x08001e42   0x00000002   PAD
    0x08001e44   0x000000a8   Code   RO         2631    i.HAL_UART_MspInit  usart.o
    0x08001eec   0x00000086   Code   RO         1205    i.HAL_UART_Receive_IT  stm32f1xx_hal_uart.o
    0x08001f72   0x00000002   PAD
    0x08001f74   0x00000088   Code   RO         2632    i.HAL_UART_RxCpltCallback  usart.o
    0x08001ffc   0x00000002   Code   RO         1211    i.HAL_UART_TxCpltCallback  stm32f1xx_hal_uart.o
    0x08001ffe   0x00000004   Code   RO          268    i.HardFault_Handler  stm32f1xx_it.o
    0x08002002   0x00000002   PAD
    0x08002004   0x00000080   Code   RO         2749    i.LED_Init          led.o
    0x08002084   0x00000070   Code   RO         2778    i.MX_TIM1_Init      timer.o
    0x080020f4   0x0000006c   Code   RO         2779    i.MX_TIM2_Init      timer.o
    0x08002160   0x00000084   Code   RO         2780    i.MX_TIM3_Init      timer.o
    0x080021e4   0x00000084   Code   RO         2781    i.MX_TIM4_Init      timer.o
    0x08002268   0x00000070   Code   RO         2782    i.MX_TIM8_Init      timer.o
    0x080022d8   0x00000004   Code   RO          269    i.MemManage_Handler  stm32f1xx_it.o
    0x080022dc   0x00000002   Code   RO          270    i.NMI_Handler       stm32f1xx_it.o
    0x080022de   0x00000002   PAD
    0x080022e0   0x00000010   Code   RO          635    i.NVIC_GetPriorityGrouping  stm32f1xx_hal_cortex.o
    0x080022f0   0x00000028   Code   RO          636    i.NVIC_SetPriority  stm32f1xx_hal_cortex.o
    0x08002318   0x0000002c   Code   RO         3733    i.OSInit            os_core.o
    0x08002344   0x00000030   Code   RO         4403    i.OSInitHookBegin   os_cpu_c.o
    0x08002374   0x00000002   Code   RO         4404    i.OSInitHookEnd     os_cpu_c.o
    0x08002376   0x00000002   PAD
    0x08002378   0x00000024   Code   RO         3734    i.OSIntEnter        os_core.o
    0x0800239c   0x00000090   Code   RO         3735    i.OSIntExit         os_core.o
    0x0800242c   0x00000048   Code   RO         3738    i.OSStart           os_core.o
    0x08002474   0x0000004c   Code   RO         3739    i.OSStatInit        os_core.o
    0x080024c0   0x0000000c   Code   RO         4405    i.OSTCBInitHook     os_cpu_c.o
    0x080024cc   0x000000b8   Code   RO         4258    i.OSTaskCreateExt   os_task.o
    0x08002584   0x0000000c   Code   RO         4406    i.OSTaskCreateHook  os_cpu_c.o
    0x08002590   0x00000160   Code   RO         4259    i.OSTaskDel         os_task.o
    0x080026f0   0x0000000c   Code   RO         4407    i.OSTaskDelHook     os_cpu_c.o
    0x080026fc   0x00000008   Code   RO         4408    i.OSTaskIdleHook    os_cpu_c.o
    0x08002704   0x00000070   Code   RO         4262    i.OSTaskNameSet     os_task.o
    0x08002774   0x0000000c   Code   RO         4409    i.OSTaskReturnHook  os_cpu_c.o
    0x08002780   0x00000008   Code   RO         4410    i.OSTaskStatHook    os_cpu_c.o
    0x08002788   0x00000088   Code   RO         4268    i.OSTaskStkChk      os_task.o
    0x08002810   0x000000a4   Code   RO         4411    i.OSTaskStkInit     os_cpu_c.o
    0x080028b4   0x000000a8   Code   RO         4269    i.OSTaskSuspend     os_task.o
    0x0800295c   0x00000008   Code   RO         4412    i.OSTaskSwHook      os_cpu_c.o
    0x08002964   0x00000078   Code   RO         4358    i.OSTimeDly         os_time.o
    0x080029dc   0x000000ec   Code   RO         3740    i.OSTimeTick        os_core.o
    0x08002ac8   0x00000008   Code   RO         4413    i.OSTimeTickHook    os_cpu_c.o
    0x08002ad0   0x00000002   Code   RO         3742    i.OS_Dummy          os_core.o
    0x08002ad2   0x0000002e   Code   RO         3744    i.OS_EventTaskRemove  os_core.o
    0x08002b00   0x0000003a   Code   RO         3745    i.OS_EventTaskRemoveMulti  os_core.o
    0x08002b3a   0x00000002   PAD
    0x08002b3c   0x00000058   Code   RO         3951    i.OS_FlagInit       os_flag.o
    0x08002b94   0x00000024   Code   RO         3953    i.OS_FlagUnlink     os_flag.o
    0x08002bb8   0x00000060   Code   RO         3749    i.OS_InitEventList  os_core.o
    0x08002c18   0x0000005c   Code   RO         3750    i.OS_InitMisc       os_core.o
    0x08002c74   0x00000044   Code   RO         3751    i.OS_InitRdyList    os_core.o
    0x08002cb8   0x00000080   Code   RO         3752    i.OS_InitTCBList    os_core.o
    0x08002d38   0x00000050   Code   RO         3753    i.OS_InitTaskIdle   os_core.o
    0x08002d88   0x00000050   Code   RO         3754    i.OS_InitTaskStat   os_core.o
    0x08002dd8   0x00000012   Code   RO         3755    i.OS_MemClr         os_core.o
    0x08002dea   0x00000002   PAD
    0x08002dec   0x00000050   Code   RO         4140    i.OS_QInit          os_q.o
    0x08002e3c   0x00000074   Code   RO         3757    i.OS_Sched          os_core.o
    0x08002eb0   0x0000002c   Code   RO         3758    i.OS_SchedNew       os_core.o
    0x08002edc   0x00000140   Code   RO         3760    i.OS_TCBInit        os_core.o
    0x0800301c   0x00000028   Code   RO         3761    i.OS_TaskIdle       os_core.o
    0x08003044   0x00000018   Code   RO         4270    i.OS_TaskReturn     os_task.o
    0x0800305c   0x000000a0   Code   RO         3762    i.OS_TaskStat       os_core.o
    0x080030fc   0x0000003c   Code   RO         3763    i.OS_TaskStatStkChk  os_core.o
    0x08003138   0x0000001a   Code   RO         4271    i.OS_TaskStkClr     os_task.o
    0x08003152   0x00000002   Code   RO          271    i.SVC_Handler       stm32f1xx_it.o
    0x08003154   0x00000056   Code   RO         2588    i.Stm32_Clock_Init  sys.o
    0x080031aa   0x00000002   PAD
    0x080031ac   0x0000001c   Code   RO         2523    i.SysTick_Handler   delay.o
    0x080031c8   0x00000058   Code   RO          337    i.SystemInit        system_stm32f1xx.o
    0x08003220   0x00000090   Code   RO         1735    i.TIM_Base_SetConfig  stm32f1xx_hal_tim.o
    0x080032b0   0x0000001c   Code   RO         1736    i.TIM_CCxChannelCmd  stm32f1xx_hal_tim.o
    0x080032cc   0x00000078   Code   RO         1744    i.TIM_OC1_SetConfig  stm32f1xx_hal_tim.o
    0x08003344   0x00000080   Code   RO         1745    i.TIM_OC2_SetConfig  stm32f1xx_hal_tim.o
    0x080033c4   0x00000080   Code   RO         1746    i.TIM_OC3_SetConfig  stm32f1xx_hal_tim.o
    0x08003444   0x00000058   Code   RO         1747    i.TIM_OC4_SetConfig  stm32f1xx_hal_tim.o
    0x0800349c   0x00000030   Code   RO         1218    i.UART_EndTransmit_IT  stm32f1xx_hal_uart.o
    0x080034cc   0x000000bc   Code   RO         1219    i.UART_Receive_IT   stm32f1xx_hal_uart.o
    0x08003588   0x000001c8   Code   RO         1220    i.UART_SetConfig    stm32f1xx_hal_uart.o
    0x08003750   0x00000070   Code   RO         1221    i.UART_Transmit_IT  stm32f1xx_hal_uart.o
    0x080037c0   0x00000048   Code   RO         2633    i.USART1_IRQHandler  usart.o
    0x08003808   0x00000004   Code   RO          272    i.UsageFault_Handler  stm32f1xx_it.o
    0x0800380c   0x00000060   Code   RO         2863    i.__SetIn1PWM       drvl298n.o
    0x0800386c   0x00000060   Code   RO         2864    i.__SetIn2PWM       drvl298n.o
    0x080038cc   0x00000004   Code   RO         2634    i._sys_exit         usart.o
    0x080038d0   0x00000044   Code   RO         2524    i.delay_init        delay.o
    0x08003914   0x0000001c   Code   RO         2635    i.fputc             usart.o
    0x08003930   0x00000070   Code   RO            4    i.main              main.o
    0x080039a0   0x00000084   Code   RO         2696    i.motordrive_func   userapp.o
    0x08003a24   0x00000008   Code   RO         2697    i.motordrive_init   userapp.o
    0x08003a2c   0x00000012   Code   RO            5    i.motordrive_task   main.o
    0x08003a3e   0x00000002   Code   RO         2699    i.remotectrl_init   userapp.o
    0x08003a40   0x00000010   Code   RO            6    i.remotectrl_task   main.o
    0x08003a50   0x00000078   Code   RO            7    i.start_task        main.o
    0x08003ac8   0x00000038   Code   RO         2636    i.uart_init         usart.o
    0x08003b00   0x00000018   Data   RO          338    .constdata          system_stm32f1xx.o
    0x08003b18   0x00000100   Data   RO         3765    .constdata          os_core.o
    0x08003c18   0x00000020   Data   RO         4792    Region$$Table       anon$$obj.o


    Execution Region RW_IRAM1 (Base: 0x20000000, Size: 0x00002628, Max: 0x00010000, ABSOLUTE)

    Base Addr    Size         Type   Attr      Idx    E Section Name        Object

    0x20000000   0x00000004   Data   RW          339    .data               system_stm32f1xx.o
    0x20000004   0x00000004   Data   RW          505    .data               stm32f1xx_hal.o
    0x20000008   0x00000006   Data   RW         2530    .data               delay.o
    0x2000000e   0x00000002   PAD
    0x20000010   0x00000007   Data   RW         2638    .data               usart.o
    0x20000017   0x00000001   PAD
    0x20000018   0x00000009   Data   RW         2700    .data               userapp.o
    0x20000021   0x00000001   Data   RW         2866    .data               drvl298n.o
    0x20000022   0x00000002   PAD
    0x20000024   0x0000004c   Data   RW         3766    .data               os_core.o
    0x20000070   0x00000004   Data   RW         4417    .data               os_cpu_c.o
    0x20000074   0x00000c00   Zero   RW            8    .bss                main.o
    0x20000c74   0x00000108   Zero   RW         2637    .bss                usart.o
    0x20000d7c   0x0000012c   Zero   RW         2783    .bss                timer.o
    0x20000ea8   0x00000f20   Zero   RW         3764    .bss                os_core.o
    0x20001dc8   0x00000200   Zero   RW         4416    .bss                os_cpu_c.o
    0x20001fc8   0x00000060   Zero   RW         4670    .bss                c_w.l(libspace.o)
    0x20002028   0x00000200   Zero   RW          477    HEAP                startup_stm32f103xe.o
    0x20002228   0x00000400   Zero   RW          476    STACK               startup_stm32f103xe.o


==============================================================================

Image component sizes


      Code (inc. data)   RO Data    RW Data    ZI Data      Debug   Object Name

        16          0          0          0          0       3484   app_hooks.o
        96         14          0          6          0       1131   delay.o
       460         48          0          1          0       4867   drvl298n.o
       128         12          0          0          0        819   led.o
       266         52          0          0       3072     508301   main.o
      2016        372        256         76       3872      20309   os_core.o
       176         36          0          0          0        376   os_cpu_a.o
       294         18          0          4        512      15091   os_cpu_c.o
       124         14          0          0          0       1166   os_flag.o
        80          8          0          0          0        547   os_q.o
      1002        104          0          0          0       5757   os_task.o
       120         20          0          0          0        612   os_time.o
        64         26        304          0       1536        764   startup_stm32f103xe.o
       114         12          0          4          0       2944   stm32f1xx_hal.o
       338         22          0          0          0      26405   stm32f1xx_hal_cortex.o
       844         42          0          0          0       2752   stm32f1xx_hal_gpio.o
         2          0          0          0          0        378   stm32f1xx_hal_msp.o
      3112        100          0          0          0       5536   stm32f1xx_hal_rcc.o
      1208         64          0          0          0       7391   stm32f1xx_hal_tim.o
        98          0          0          0          0       1080   stm32f1xx_hal_tim_ex.o
      1278          6          0          0          0       6755   stm32f1xx_hal_uart.o
        22          0          0          0          0       2651   stm32f1xx_it.o
        86          0          0          0          0        659   sys.o
        88         18         24          4          0        975   system_stm32f1xx.o
      1272        106          0          0        300       5641   timer.o
       464         52          0          7        264       5025   usart.o
       142         32          0          9          0       2228   userapp.o

    ----------------------------------------------------------------------
     13928       1178        616        116       9556     633644   Object Totals
         0          0         32          0          0          0   (incl. Generated)
        18          0          0          5          0          0   (incl. Padding)

    ----------------------------------------------------------------------

      Code (inc. data)   RO Data    RW Data    ZI Data      Debug   Library Member Name

         8          0          0          0          0         68   __main.o
       104          0          0          0          0         84   __printf.o
         0          0          0          0          0          0   __rtentry.o
        12          0          0          0          0          0   __rtentry2.o
         6          0          0          0          0          0   __rtentry4.o
        52          8          0          0          0          0   __scatter.o
        26          0          0          0          0          0   __scatter_copy.o
        28          0          0          0          0          0   __scatter_zi.o
        48          6          0          0          0         96   _printf_char_common.o
        36          4          0          0          0         80   _printf_char_file.o
         6          0          0          0          0          0   _printf_d.o
       120         16          0          0          0         92   _printf_dec.o
       178          0          0          0          0         88   _printf_intcommon.o
         0          0          0          0          0          0   _printf_percent.o
         4          0          0          0          0          0   _printf_percent_end.o
        18          0          0          0          0         80   exit.o
         8          0          0          0          0         68   ferror.o
         6          0          0          0          0        152   heapauxi.o
         2          0          0          0          0          0   libinit.o
         2          0          0          0          0          0   libinit2.o
         2          0          0          0          0          0   libshutdown.o
         2          0          0          0          0          0   libshutdown2.o
         8          4          0          0         96         68   libspace.o
        24          4          0          0          0         84   noretval__2printf.o
        78          0          0          0          0         80   rt_memclr_w.o
         2          0          0          0          0          0   rtexit.o
        10          0          0          0          0          0   rtexit2.o
        74          0          0          0          0         80   sys_stackheap_outer.o
         2          0          0          0          0         68   use_no_semi.o
         2          0          0          0          0         68   use_no_semi_2.o

    ----------------------------------------------------------------------
       872         42          0          0         96       1256   Library Totals
         4          0          0          0          0          0   (incl. Padding)

    ----------------------------------------------------------------------

      Code (inc. data)   RO Data    RW Data    ZI Data      Debug   Library Name

       868         42          0          0         96       1256   c_w.l

    ----------------------------------------------------------------------
       872         42          0          0         96       1256   Library Totals

    ----------------------------------------------------------------------

==============================================================================


      Code (inc. data)   RO Data    RW Data    ZI Data      Debug   

     14800       1220        616        116       9652     627772   Grand Totals
     14800       1220        616        116       9652     627772   ELF Image Totals
     14800       1220        616        116          0          0   ROM Totals

==============================================================================

    Total RO  Size (Code + RO Data)                15416 (  15.05kB)
    Total RW  Size (RW Data + ZI Data)              9768 (   9.54kB)
    Total ROM Size (Code + RO Data + RW Data)      15532 (  15.17kB)

==============================================================================

