Component: ARM Compiler 5.06 update 4 (build 422) Tool: armlink [4d35d2]

==============================================================================

Section Cross References

    main.o(i.led0_task) refers to delay.o(i.delay_ms) for delay_ms
    main.o(i.led1_task) refers to delay.o(i.delay_ms) for delay_ms
    main.o(i.main) refers to stm32f1xx_hal.o(i.HAL_Init) for HAL_Init
    main.o(i.main) refers to sys.o(i.Stm32_Clock_Init) for Stm32_Clock_Init
    main.o(i.main) refers to delay.o(i.delay_init) for delay_init
    main.o(i.main) refers to led.o(i.LED_Init) for LED_Init
    main.o(i.main) refers to os_core.o(i.OSInit) for OSInit
    main.o(i.main) refers to os_task.o(i.OSTaskCreateExt) for OSTaskCreateExt
    main.o(i.main) refers to os_core.o(i.OSStart) for OSStart
    main.o(i.main) refers to main.o(.bss) for START_TASK_STK
    main.o(i.main) refers to main.o(i.start_task) for start_task
    main.o(i.start_task) refers to os_core.o(i.OSStatInit) for OSStatInit
    main.o(i.start_task) refers to os_cpu_a.o(.text) for OS_CPU_SR_Save
    main.o(i.start_task) refers to os_task.o(i.OSTaskCreateExt) for OSTaskCreateExt
    main.o(i.start_task) refers to os_task.o(i.OSTaskSuspend) for OSTaskSuspend
    main.o(i.start_task) refers to main.o(.bss) for LED0_TASK_STK
    main.o(i.start_task) refers to main.o(i.led0_task) for led0_task
    main.o(i.start_task) refers to main.o(i.led1_task) for led1_task
    system_stm32f1xx.o(i.SystemCoreClockUpdate) refers to system_stm32f1xx.o(.data) for SystemCoreClock
    system_stm32f1xx.o(i.SystemCoreClockUpdate) refers to system_stm32f1xx.o(.constdata) for AHBPrescTable
    startup_stm32f103xe.o(STACK) refers (Special) to heapauxi.o(.text) for __use_two_region_memory
    startup_stm32f103xe.o(HEAP) refers (Special) to heapauxi.o(.text) for __use_two_region_memory
    startup_stm32f103xe.o(RESET) refers (Special) to heapauxi.o(.text) for __use_two_region_memory
    startup_stm32f103xe.o(RESET) refers to startup_stm32f103xe.o(STACK) for __initial_sp
    startup_stm32f103xe.o(RESET) refers to startup_stm32f103xe.o(.text) for Reset_Handler
    startup_stm32f103xe.o(RESET) refers to stm32f1xx_it.o(i.NMI_Handler) for NMI_Handler
    startup_stm32f103xe.o(RESET) refers to stm32f1xx_it.o(i.HardFault_Handler) for HardFault_Handler
    startup_stm32f103xe.o(RESET) refers to stm32f1xx_it.o(i.MemManage_Handler) for MemManage_Handler
    startup_stm32f103xe.o(RESET) refers to stm32f1xx_it.o(i.BusFault_Handler) for BusFault_Handler
    startup_stm32f103xe.o(RESET) refers to stm32f1xx_it.o(i.UsageFault_Handler) for UsageFault_Handler
    startup_stm32f103xe.o(RESET) refers to stm32f1xx_it.o(i.SVC_Handler) for SVC_Handler
    startup_stm32f103xe.o(RESET) refers to stm32f1xx_it.o(i.DebugMon_Handler) for DebugMon_Handler
    startup_stm32f103xe.o(RESET) refers to os_cpu_a.o(.text) for PendSV_Handler
    startup_stm32f103xe.o(RESET) refers to delay.o(i.SysTick_Handler) for SysTick_Handler
    startup_stm32f103xe.o(RESET) refers to usart.o(i.USART1_IRQHandler) for USART1_IRQHandler
    startup_stm32f103xe.o(.text) refers (Special) to heapauxi.o(.text) for __use_two_region_memory
    startup_stm32f103xe.o(.text) refers to system_stm32f1xx.o(i.SystemInit) for SystemInit
    startup_stm32f103xe.o(.text) refers to __main.o(!!!main) for __main
    startup_stm32f103xe.o(.text) refers to startup_stm32f103xe.o(HEAP) for Heap_Mem
    startup_stm32f103xe.o(.text) refers to startup_stm32f103xe.o(STACK) for Stack_Mem
    stm32f1xx_hal.o(i.HAL_DeInit) refers to stm32f1xx_hal_msp.o(i.HAL_MspDeInit) for HAL_MspDeInit
    stm32f1xx_hal.o(i.HAL_Delay) refers to stm32f1xx_hal.o(i.HAL_GetTick) for HAL_GetTick
    stm32f1xx_hal.o(i.HAL_GetTick) refers to stm32f1xx_hal.o(.data) for uwTick
    stm32f1xx_hal.o(i.HAL_IncTick) refers to stm32f1xx_hal.o(.data) for uwTick
    stm32f1xx_hal.o(i.HAL_Init) refers to stm32f1xx_hal_cortex.o(i.HAL_NVIC_SetPriorityGrouping) for HAL_NVIC_SetPriorityGrouping
    stm32f1xx_hal.o(i.HAL_Init) refers to stm32f1xx_hal.o(i.HAL_InitTick) for HAL_InitTick
    stm32f1xx_hal.o(i.HAL_Init) refers to stm32f1xx_hal_msp.o(i.HAL_MspInit) for HAL_MspInit
    stm32f1xx_hal.o(i.HAL_InitTick) refers to stm32f1xx_hal_rcc.o(i.HAL_RCC_GetHCLKFreq) for HAL_RCC_GetHCLKFreq
    stm32f1xx_hal.o(i.HAL_InitTick) refers to stm32f1xx_hal_cortex.o(i.HAL_SYSTICK_Config) for HAL_SYSTICK_Config
    stm32f1xx_hal.o(i.HAL_InitTick) refers to stm32f1xx_hal_cortex.o(i.HAL_NVIC_SetPriority) for HAL_NVIC_SetPriority
    stm32f1xx_hal_cortex.o(i.HAL_NVIC_GetPriorityGrouping) refers to stm32f1xx_hal_cortex.o(i.NVIC_GetPriorityGrouping) for NVIC_GetPriorityGrouping
    stm32f1xx_hal_cortex.o(i.HAL_NVIC_SetPriority) refers to stm32f1xx_hal_cortex.o(i.NVIC_GetPriorityGrouping) for NVIC_GetPriorityGrouping
    stm32f1xx_hal_cortex.o(i.HAL_NVIC_SetPriority) refers to stm32f1xx_hal_cortex.o(i.NVIC_SetPriority) for NVIC_SetPriority
[...]
    Removing cpu_core.o(.data), (28 bytes).
    Removing cpu_a.o(.text), (52 bytes).
    Removing lib_ascii.o(i.ASCII_Cmp), (38 bytes).
    Removing lib_ascii.o(i.ASCII_IsAlpha), (48 bytes).
    Removing lib_ascii.o(i.ASCII_IsAlphaNum), (76 bytes).
    Removing lib_ascii.o(i.ASCII_IsBlank), (20 bytes).
    Removing lib_ascii.o(i.ASCII_IsCtrl), (26 bytes).
    Removing lib_ascii.o(i.ASCII_IsDig), (20 bytes).
    Removing lib_ascii.o(i.ASCII_IsDigHex), (36 bytes).
    Removing lib_ascii.o(i.ASCII_IsDigOct), (20 bytes).
    Removing lib_ascii.o(i.ASCII_IsGraph), (20 bytes).
    Removing lib_ascii.o(i.ASCII_IsLower), (20 bytes).
    Removing lib_ascii.o(i.ASCII_IsPrint), (20 bytes).
    Removing lib_ascii.o(i.ASCII_IsPunct), (134 bytes).
    Removing lib_ascii.o(i.ASCII_IsSpace), (36 bytes).
    Removing lib_ascii.o(i.ASCII_IsUpper), (20 bytes).
    Removing lib_ascii.o(i.ASCII_ToLower), (32 bytes).
    Removing lib_ascii.o(i.ASCII_ToUpper), (32 bytes).
    Removing lib_math.o(i.Math_Init), (10 bytes).
    Removing lib_math.o(i.Math_Rand), (64 bytes).
    Removing lib_math.o(i.Math_RandSeed), (24 bytes).
    Removing lib_math.o(i.Math_RandSetSeed), (52 bytes).
    Removing lib_math.o(.data), (4 bytes).
    Removing lib_mem.o(i.Mem_Clr), (18 bytes).
    Removing lib_mem.o(i.Mem_Cmp), (192 bytes).
    Removing lib_mem.o(i.Mem_DynPoolBlkFree), (142 bytes).
    Removing lib_mem.o(i.Mem_DynPoolBlkGet), (210 bytes).
    Removing lib_mem.o(i.Mem_DynPoolBlkNbrAvailGet), (78 bytes).
    Removing lib_mem.o(i.Mem_DynPoolCreate), (64 bytes).
    Removing lib_mem.o(i.Mem_DynPoolCreateHW), (64 bytes).
    Removing lib_mem.o(i.Mem_DynPoolCreateInternal), (210 bytes).
    Removing lib_mem.o(i.Mem_HeapAlloc), (60 bytes).
    Removing lib_mem.o(i.Mem_HeapGetSizeRem), (44 bytes).
    Removing lib_mem.o(i.Mem_Init), (72 bytes).
    Removing lib_mem.o(i.Mem_Move), (186 bytes).
    Removing lib_mem.o(i.Mem_PoolBlkFree), (108 bytes).
    Removing lib_mem.o(i.Mem_PoolBlkGet), (100 bytes).
    Removing lib_mem.o(i.Mem_PoolBlkGetNbrAvail), (60 bytes).
    Removing lib_mem.o(i.Mem_PoolClr), (22 bytes).
    Removing lib_mem.o(i.Mem_PoolCreate), (440 bytes).
    Removing lib_mem.o(i.Mem_SegAlloc), (52 bytes).
    Removing lib_mem.o(i.Mem_SegAllocExt), (52 bytes).
    Removing lib_mem.o(i.Mem_SegAllocExtCritical), (164 bytes).
    Removing lib_mem.o(i.Mem_SegAllocHW), (52 bytes).
    Removing lib_mem.o(i.Mem_SegAllocInternal), (112 bytes).
    Removing lib_mem.o(i.Mem_SegClr), (56 bytes).
    Removing lib_mem.o(i.Mem_SegCreate), (82 bytes).
    Removing lib_mem.o(i.Mem_SegCreateCritical), (32 bytes).
    Removing lib_mem.o(i.Mem_SegOverlapChkCritical), (88 bytes).
    Removing lib_mem.o(i.Mem_SegRemSizeGet), (132 bytes).
    Removing lib_mem.o(i.Mem_Set), (84 bytes).
    Removing lib_mem.o(.bss), (1044 bytes).
    Removing lib_mem.o(.data), (4 bytes).
    Removing lib_str.o(i.Str_Cat), (24 bytes).
    Removing lib_str.o(i.Str_Cat_N), (90 bytes).
    Removing lib_str.o(i.Str_Char), (24 bytes).
    Removing lib_str.o(i.Str_Char_Last), (24 bytes).
    Removing lib_str.o(i.Str_Char_Last_N), (76 bytes).
    Removing lib_str.o(i.Str_Char_N), (74 bytes).
    Removing lib_str.o(i.Str_Char_Replace), (28 bytes).
    Removing lib_str.o(i.Str_Char_Replace_N), (52 bytes).
    Removing lib_str.o(i.Str_Cmp), (24 bytes).
    Removing lib_str.o(i.Str_CmpIgnoreCase), (24 bytes).
    Removing lib_str.o(i.Str_CmpIgnoreCase_N), (264 bytes).
    Removing lib_str.o(i.Str_Cmp_N), (156 bytes).
    Removing lib_str.o(i.Str_Copy), (24 bytes).
    Removing lib_str.o(i.Str_Copy_N), (70 bytes).
    Removing lib_str.o(i.Str_FmtNbr_Int32), (474 bytes).
    Removing lib_str.o(i.Str_FmtNbr_Int32S), (62 bytes).
    Removing lib_str.o(i.Str_FmtNbr_Int32U), (46 bytes).
    Removing lib_str.o(i.Str_Len), (20 bytes).
    Removing lib_str.o(i.Str_Len_N), (28 bytes).
    Removing lib_str.o(i.Str_ParseNbr_Int32), (452 bytes).
    Removing lib_str.o(i.Str_ParseNbr_Int32S), (74 bytes).
    Removing lib_str.o(i.Str_ParseNbr_Int32U), (30 bytes).
    Removing lib_str.o(i.Str_Str), (24 bytes).
    Removing lib_str.o(i.Str_Str_N), (182 bytes).
    Removing lib_str.o(.constdata), (148 bytes).
    Removing lib_mem_a.o(.text), (544 bytes).
    Removing os_core.o(i.OSEventNameGet), (104 bytes).
    Removing os_core.o(i.OSEventNameSet), (88 bytes).
    Removing os_core.o(i.OSEventPendMulti), (660 bytes).
    Removing os_core.o(i.OSVersion), (6 bytes).
    Removing os_core.o(i.OS_EventTaskRdy), (144 bytes).
    Removing os_core.o(i.OS_EventTaskWait), (124 bytes).
    Removing os_core.o(i.OS_EventTaskWaitMulti), (148 bytes).
    Removing os_core.o(i.OS_EventWaitListInit), (28 bytes).
    Removing os_core.o(i.OS_MemCopy), (20 bytes).
    Removing os_core.o(i.OS_StrLen), (20 bytes).
    Removing os_flag.o(i.OSFlagAccept), (252 bytes).
    Removing os_flag.o(i.OSFlagCreate), (100 bytes).
    Removing os_flag.o(i.OSFlagDel), (228 bytes).
    Removing os_flag.o(i.OSFlagNameGet), (84 bytes).
    Removing os_flag.o(i.OSFlagNameSet), (72 bytes).
    Removing os_flag.o(i.OSFlagPend), (596 bytes).
    Removing os_flag.o(i.OSFlagPendGetFlagsRdy), (32 bytes).
    Removing os_flag.o(i.OSFlagPost), (320 bytes).
    Removing os_flag.o(i.OSFlagQuery), (48 bytes).
    Removing os_flag.o(i.OS_FlagBlock), (164 bytes).
    Removing os_flag.o(i.OS_FlagTaskRdy), (96 bytes).
    Removing os_mbox.o(i.OSMboxAccept), (38 bytes).
    Removing os_mbox.o(i.OSMboxCreate), (84 bytes).
    Removing os_mbox.o(i.OSMboxDel), (224 bytes).
    Removing os_mbox.o(i.OSMboxPend), (264 bytes).
    Removing os_mbox.o(i.OSMboxPendAbort), (128 bytes).
    Removing os_mbox.o(i.OSMboxPost), (80 bytes).
    Removing os_mbox.o(i.OSMboxPostOpt), (120 bytes).
    Removing os_mbox.o(i.OSMboxQuery), (76 bytes).
    Removing os_mutex.o(i.OSMutexAccept), (148 bytes).
    Removing os_mutex.o(i.OSMutexCreate), (164 bytes).
    Removing os_mutex.o(i.OSMutexDel), (308 bytes).
    Removing os_mutex.o(i.OSMutexPend), (588 bytes).
    Removing os_mutex.o(i.OSMutexPost), (208 bytes).
    Removing os_mutex.o(i.OSMutexQuery), (112 bytes).
    Removing os_mutex.o(i.OSMutex_RdyAtPrio), (132 bytes).
    Removing os_q.o(i.OSQAccept), (88 bytes).
    Removing os_q.o(i.OSQCreate), (160 bytes).
    Removing os_q.o(i.OSQDel), (260 bytes).
    Removing os_q.o(i.OSQFlush), (36 bytes).
    Removing os_q.o(i.OSQPend), (292 bytes).
    Removing os_q.o(i.OSQPendAbort), (128 bytes).
    Removing os_q.o(i.OSQPost), (114 bytes).
    Removing os_q.o(i.OSQPostFront), (116 bytes).
    Removing os_q.o(i.OSQPostOpt), (182 bytes).
    Removing os_q.o(i.OSQQuery), (98 bytes).
    Removing os_sem.o(i.OSSemAccept), (42 bytes).
    Removing os_sem.o(i.OSSemCreate), (84 bytes).
    Removing os_sem.o(i.OSSemDel), (224 bytes).
    Removing os_sem.o(i.OSSemPend), (240 bytes).
    Removing os_sem.o(i.OSSemPendAbort), (128 bytes).
    Removing os_sem.o(i.OSSemPost), (88 bytes).
    Removing os_sem.o(i.OSSemQuery), (76 bytes).
    Removing os_sem.o(i.OSSemSet), (66 bytes).
    Removing os_task.o(i.OSTaskChangePrio), (416 bytes).
    Removing os_task.o(i.OSTaskCreate), (160 bytes).
    Removing os_task.o(i.OSTaskDelReq), (108 bytes).
    Removing os_task.o(i.OSTaskNameGet), (128 bytes).
    Removing os_task.o(i.OSTaskQuery), (92 bytes).
    Removing os_task.o(i.OSTaskRegGet), (68 bytes).
    Removing os_task.o(i.OSTaskRegGetID), (64 bytes).
    Removing os_task.o(i.OSTaskRegSet), (72 bytes).
    Removing os_task.o(i.OSTaskResume), (176 bytes).
    Removing os_time.o(i.OSTimeDlyHMSM), (96 bytes).
    Removing os_time.o(i.OSTimeDlyResume), (180 bytes).
    Removing os_time.o(i.OSTimeGet), (28 bytes).
    Removing os_time.o(i.OSTimeSet), (28 bytes).
    Removing os_cpu_c.o(.rev16_text), (4 bytes).
    Removing os_cpu_c.o(.revsh_text), (4 bytes).
    Removing os_cpu_c.o(.rrx_text), (6 bytes).
    Removing os_cpu_c.o(i.OS_CPU_SysTickHandler), (40 bytes).
    Removing os_cpu_c.o(i.OS_CPU_SysTickInit), (48 bytes).
    Removing app_hooks.o(.rev16_text), (4 bytes).
    Removing app_hooks.o(.revsh_text), (4 bytes).
    Removing app_hooks.o(.rrx_text), (6 bytes).

406 unused section(s) (total 38300 bytes) removed from the image.

==============================================================================

Image Symbol Table

    Local Symbols

    Symbol Name                              Value     Ov Type        Size  Object(Section)

    ../clib/angel/boardlib.s                 0x00000000   Number         0  boardinit3.o ABSOLUTE
    ../clib/angel/boardlib.s                 0x00000000   Number         0  boardinit2.o ABSOLUTE
    ../clib/angel/boardlib.s                 0x00000000   Number         0  boardinit1.o ABSOLUTE
    ../clib/angel/boardlib.s                 0x00000000   Number         0  boardshut.o ABSOLUTE
    ../clib/angel/handlers.s                 0x00000000   Number         0  __scatter_copy.o ABSOLUTE
    ../clib/angel/handlers.s                 0x00000000   Number         0  __scatter_zi.o ABSOLUTE
    ../clib/angel/kernel.s                   0x00000000   Number         0  rtexit.o ABSOLUTE
    ../clib/angel/kernel.s                   0x00000000   Number         0  __rtentry4.o ABSOLUTE
    ../clib/angel/kernel.s                   0x00000000   Number         0  __rtentry.o ABSOLUTE
    ../clib/angel/kernel.s                   0x00000000   Number         0  rtexit2.o ABSOLUTE
    ../clib/angel/kernel.s                   0x00000000   Number         0  __rtentry2.o ABSOLUTE
    ../clib/angel/rt.s                       0x00000000   Number         0  rt_raise.o ABSOLUTE
    ../clib/angel/rt.s                       0x00000000   Number         0  aeabi_ldiv0_sigfpe.o ABSOLUTE
    ../clib/angel/rt.s                       0x00000000   Number         0  aeabi_ldiv0.o ABSOLUTE
    ../clib/angel/rt.s                       0x00000000   Number         0  rt_div0.o ABSOLUTE
    ../clib/angel/scatter.s                  0x00000000   Number         0  __scatter.o ABSOLUTE
    ../clib/angel/startup.s                  0x00000000   Number         0  __main.o ABSOLUTE
    ../clib/angel/sys.s                      0x00000000   Number         0  indicate_semi.o ABSOLUTE
    ../clib/angel/sys.s                      0x00000000   Number         0  use_no_semi.o ABSOLUTE
    ../clib/angel/sys.s                      0x00000000   Number         0  libspace.o ABSOLUTE
    ../clib/angel/sys.s                      0x00000000   Number         0  use_no_semi_2.o ABSOLUTE
    ../clib/angel/sys.s                      0x00000000   Number         0  sys_stackheap_outer.o ABSOLUTE
    ../clib/angel/sysapp.c                   0x00000000   Number         0  sys_wrch.o ABSOLUTE
    ../clib/angel/sysapp.c                   0x00000000   Number         0  sys_command.o ABSOLUTE
    ../clib/armsys.c                         0x00000000   Number         0  _get_argv_nomalloc.o ABSOLUTE
    ../clib/armsys.c                         0x00000000   Number         0  argv_veneer.o ABSOLUTE
    ../clib/armsys.c                         0x00000000   Number         0  argv_veneer.o ABSOLUTE
    ../clib/armsys.c                         0x00000000   Number         0  no_argv.o ABSOLUTE
    ../clib/heapalloc.c                      0x00000000   Number         0  hrguard.o ABSOLUTE
    ../clib/heapaux.c                        0x00000000   Number         0  heapauxi.o ABSOLUTE
    ../clib/libinit.s                        0x00000000   Number         0  libinit.o ABSOLUTE
    ../clib/libinit.s                        0x00000000   Number         0  libinit2.o ABSOLUTE
    ../clib/libinit.s                        0x00000000   Number         0  libshutdown2.o ABSOLUTE
    ../clib/libinit.s                        0x00000000   Number         0  libshutdown.o ABSOLUTE
    ../clib/longlong.s                       0x00000000   Number         0  lludivv7m.o ABSOLUTE
    ../clib/signal.c                         0x00000000   Number         0  defsig_fpe_inner.o ABSOLUTE
    ../clib/signal.c                         0x00000000   Number         0  defsig_general.o ABSOLUTE
    ../clib/signal.c                         0x00000000   Number         0  __raise.o ABSOLUTE
    ../clib/signal.c                         0x00000000   Number         0  defsig_rtmem_inner.o ABSOLUTE
    ../clib/signal.c                         0x00000000   Number         0  defsig_rtmem_outer.o ABSOLUTE
    ../clib/signal.c                         0x00000000   Number         0  defsig_rtmem_formal.o ABSOLUTE
    ../clib/signal.c                         0x00000000   Number         0  defsig_stak_inner.o ABSOLUTE
    ../clib/signal.c                         0x00000000   Number         0  defsig_pvfn_inner.o ABSOLUTE
    ../clib/signal.c                         0x00000000   Number         0  defsig_fpe_formal.o ABSOLUTE
    ../clib/signal.c                         0x00000000   Number         0  defsig_fpe_outer.o ABSOLUTE
    ../clib/signal.c                         0x00000000   Number         0  defsig_rtred_inner.o ABSOLUTE
    ../clib/signal.c                         0x00000000   Number         0  defsig_cppl_inner.o ABSOLUTE
    ../clib/signal.c                         0x00000000   Number         0  defsig_segv_inner.o ABSOLUTE
    ../clib/signal.c                         0x00000000   Number         0  defsig_other.o ABSOLUTE
    ../clib/signal.c                         0x00000000   Number         0  defsig_exit.o ABSOLUTE
    ../clib/signal.c                         0x00000000   Number         0  defsig_abrt_inner.o ABSOLUTE
    ../clib/signal.s                         0x00000000   Number         0  defsig.o ABSOLUTE
    ../clib/stdlib.c                         0x00000000   Number         0  exit.o ABSOLUTE
    ../fplib/fpinit.s                        0x00000000   Number         0  fpinit.o ABSOLUTE
    ..\CORE\startup_stm32f103xe.s            0x00000000   Number         0  startup_stm32f103xe.o ABSOLUTE
    ..\HALLIB\STM32F1xx_HAL_Driver\Src\stm32f1xx_hal.c 0x00000000   Number         0  stm32f1xx_hal.o ABSOLUTE
    ..\HALLIB\STM32F1xx_HAL_Driver\Src\stm32f1xx_hal_cortex.c 0x00000000   Number         0  stm32f1xx_hal_cortex.o ABSOLUTE
    ..\HALLIB\STM32F1xx_HAL_Driver\Src\stm32f1xx_hal_dma.c 0x00000000   Number         0  stm32f1xx_hal_dma.o ABSOLUTE
    ..\HALLIB\STM32F1xx_HAL_Driver\Src\stm32f1xx_hal_gpio.c 0x00000000   Number         0  stm32f1xx_hal_gpio.o ABSOLUTE
    ..\HALLIB\STM32F1xx_HAL_Driver\Src\stm32f1xx_hal_gpio_ex.c 0x00000000   Number         0  stm32f1xx_hal_gpio_ex.o ABSOLUTE
    ..\HALLIB\STM32F1xx_HAL_Driver\Src\stm32f1xx_hal_pwr.c 0x00000000   Number         0  stm32f1xx_hal_pwr.o ABSOLUTE
    ..\HALLIB\STM32F1xx_HAL_Driver\Src\stm32f1xx_hal_rcc.c 0x00000000   Number         0  stm32f1xx_hal_rcc.o ABSOLUTE
    ..\HALLIB\STM32F1xx_HAL_Driver\Src\stm32f1xx_hal_rcc_ex.c 0x00000000   Number         0  stm32f1xx_hal_rcc_ex.o ABSOLUTE
    ..\HALLIB\STM32F1xx_HAL_Driver\Src\stm32f1xx_hal_uart.c 0x00000000   Number         0  stm32f1xx_hal_uart.o ABSOLUTE
    ..\HALLIB\STM32F1xx_HAL_Driver\Src\stm32f1xx_hal_usart.c 0x00000000   Number         0  stm32f1xx_hal_usart.o ABSOLUTE
    ..\HARDWARE\LED\led.c                    0x00000000   Number         0  led.o ABSOLUTE
    ..\SYSTEM\delay\delay.c                  0x00000000   Number         0  delay.o ABSOLUTE
    ..\SYSTEM\sys\sys.c                      0x00000000   Number         0  sys.o ABSOLUTE
    ..\SYSTEM\usart\usart.c                  0x00000000   Number         0  usart.o ABSOLUTE
    ..\UCOSII\UCOS_BSP\bsp.c                 0x00000000   Number         0  bsp.o ABSOLUTE
    ..\UCOSII\UCOS_BSP\cpu_bsp.c             0x00000000   Number         0  cpu_bsp.o ABSOLUTE
    ..\UCOSII\uC-CPU\ARM-Cortex-M4\RealView\cpu_a.asm 0x00000000   Number         0  cpu_a.o ABSOLUTE
    ..\UCOSII\uC-CPU\ARM-Cortex-M4\RealView\cpu_c.c 0x00000000   Number         0  cpu_c.o ABSOLUTE
    ..\UCOSII\uC-CPU\cpu_core.c              0x00000000   Number         0  cpu_core.o ABSOLUTE
    ..\UCOSII\uC-LIB\Ports\ARM-Cortex-M4\RealView\lib_mem_a.asm 0x00000000   Number         0  lib_mem_a.o ABSOLUTE
    ..\UCOSII\uC-LIB\lib_ascii.c             0x00000000   Number         0  lib_ascii.o ABSOLUTE
    ..\UCOSII\uC-LIB\lib_math.c              0x00000000   Number         0  lib_math.o ABSOLUTE
    ..\UCOSII\uC-LIB\lib_mem.c               0x00000000   Number         0  lib_mem.o ABSOLUTE
    ..\UCOSII\uC-LIB\lib_str.c               0x00000000   Number         0  lib_str.o ABSOLUTE
    ..\UCOSII\uCOS-CONFIG\app_hooks.c        0x00000000   Number         0  app_hooks.o ABSOLUTE
    ..\UCOSII\uCOS-II\Ports\ARM-Cortex-M4\Generic\RealView\os_cpu_a.asm 0x00000000   Number         0  os_cpu_a.o ABSOLUTE
    ..\UCOSII\uCOS-II\Ports\ARM-Cortex-M4\Generic\RealView\os_cpu_c.c 0x00000000   Number         0  os_cpu_c.o ABSOLUTE
    ..\UCOSII\uCOS-II\Source\os_core.c       0x00000000   Number         0  os_core.o ABSOLUTE
    ..\UCOSII\uCOS-II\Source\os_flag.c       0x00000000   Number         0  os_flag.o ABSOLUTE
    ..\UCOSII\uCOS-II\Source\os_mbox.c       0x00000000   Number         0  os_mbox.o ABSOLUTE
    ..\UCOSII\uCOS-II\Source\os_mem.c        0x00000000   Number         0  os_mem.o ABSOLUTE
    ..\UCOSII\uCOS-II\Source\os_mutex.c      0x00000000   Number         0  os_mutex.o ABSOLUTE
    ..\UCOSII\uCOS-II\Source\os_q.c          0x00000000   Number         0  os_q.o ABSOLUTE
    ..\UCOSII\uCOS-II\Source\os_sem.c        0x00000000   Number         0  os_sem.o ABSOLUTE
    ..\UCOSII\uCOS-II\Source\os_task.c       0x00000000   Number         0  os_task.o ABSOLUTE
    ..\UCOSII\uCOS-II\Source\os_time.c       0x00000000   Number         0  os_time.o ABSOLUTE
    ..\UCOSII\uCOS-II\Source\os_tmr.c        0x00000000   Number         0  os_tmr.o ABSOLUTE
    ..\\HALLIB\\STM32F1xx_HAL_Driver\\Src\\stm32f1xx_hal.c 0x00000000   Number         0  stm32f1xx_hal.o ABSOLUTE
    ..\\HALLIB\\STM32F1xx_HAL_Driver\\Src\\stm32f1xx_hal_cortex.c 0x00000000   Number         0  stm32f1xx_hal_cortex.o ABSOLUTE
    ..\\HALLIB\\STM32F1xx_HAL_Driver\\Src\\stm32f1xx_hal_dma.c 0x00000000   Number         0  stm32f1xx_hal_dma.o ABSOLUTE
    ..\\HALLIB\\STM32F1xx_HAL_Driver\\Src\\stm32f1xx_hal_gpio.c 0x00000000   Number         0  stm32f1xx_hal_gpio.o ABSOLUTE
    ..\\HALLIB\\STM32F1xx_HAL_Driver\\Src\\stm32f1xx_hal_gpio_ex.c 0x00000000   Number         0  stm32f1xx_hal_gpio_ex.o ABSOLUTE
    ..\\HALLIB\\STM32F1xx_HAL_Driver\\Src\\stm32f1xx_hal_pwr.c 0x00000000   Number         0  stm32f1xx_hal_pwr.o ABSOLUTE
    ..\\HALLIB\\STM32F1xx_HAL_Driver\\Src\\stm32f1xx_hal_rcc.c 0x00000000   Number         0  stm32f1xx_hal_rcc.o ABSOLUTE
    ..\\HALLIB\\STM32F1xx_HAL_Driver\\Src\\stm32f1xx_hal_rcc_ex.c 0x00000000   Number         0  stm32f1xx_hal_rcc_ex.o ABSOLUTE
    ..\\HALLIB\\STM32F1xx_HAL_Driver\\Src\\stm32f1xx_hal_uart.c 0x00000000   Number         0  stm32f1xx_hal_uart.o ABSOLUTE
    ..\\HALLIB\\STM32F1xx_HAL_Driver\\Src\\stm32f1xx_hal_usart.c 0x00000000   Number         0  stm32f1xx_hal_usart.o ABSOLUTE
    ..\\HARDWARE\\LED\\led.c                 0x00000000   Number         0  led.o ABSOLUTE
    ..\\SYSTEM\\delay\\delay.c               0x00000000   Number         0  delay.o ABSOLUTE
    ..\\SYSTEM\\sys\\sys.c                   0x00000000   Number         0  sys.o ABSOLUTE
    ..\\SYSTEM\\usart\\usart.c               0x00000000   Number         0  usart.o ABSOLUTE
    ..\\UCOSII\\UCOS_BSP\\bsp.c              0x00000000   Number         0  bsp.o ABSOLUTE
    ..\\UCOSII\\UCOS_BSP\\cpu_bsp.c          0x00000000   Number         0  cpu_bsp.o ABSOLUTE
    ..\\UCOSII\\uCOS-CONFIG\\app_hooks.c     0x00000000   Number         0  app_hooks.o ABSOLUTE
    ..\\UCOSII\\uCOS-II\\Ports\\ARM-Cortex-M4\\Generic\\RealView\\os_cpu_c.c 0x00000000   Number         0  os_cpu_c.o ABSOLUTE
    dc.s                                     0x00000000   Number         0  dc.o ABSOLUTE
    main.c                                   0x00000000   Number         0  main.o ABSOLUTE
    main.c                                   0x00000000   Number         0  main.o ABSOLUTE
    stm32f1xx_hal_msp.c                      0x00000000   Number         0  stm32f1xx_hal_msp.o ABSOLUTE
    stm32f1xx_hal_msp.c                      0x00000000   Number         0  stm32f1xx_hal_msp.o ABSOLUTE
    stm32f1xx_it.c                           0x00000000   Number         0  stm32f1xx_it.o ABSOLUTE
    stm32f1xx_it.c                           0x00000000   Number         0  stm32f1xx_it.o ABSOLUTE
    system_stm32f1xx.c                       0x00000000   Number         0  system_stm32f1xx.o ABSOLUTE
    system_stm32f1xx.c                       0x00000000   Number         0  system_stm32f1xx.o ABSOLUTE
    RESET                                    0x08000000   Section      304  startup_stm32f103xe.o(RESET)
    !!!main                                  0x08000130   Section        8  __main.o(!!!main)
    !!!scatter                               0x08000138   Section       52  __scatter.o(!!!scatter)
    !!handler_copy                           0x0800016c   Section       26  __scatter_copy.o(!!handler_copy)
    !!handler_zi                             0x08000188   Section       28  __scatter_zi.o(!!handler_zi)
    .ARM.Collect$$libinit$$00000000          0x080001a4   Section        2  libinit.o(.ARM.Collect$$libinit$$00000000)
    .ARM.Collect$$libinit$$00000002          0x080001a6   Section        0  libinit2.o(.ARM.Collect$$libinit$$00000002)
    .ARM.Collect$$libinit$$00000004          0x080001a6   Section        0  libinit2.o(.ARM.Collect$$libinit$$00000004)
    .ARM.Collect$$libinit$$0000000A          0x080001a6   Section        0  libinit2.o(.ARM.Collect$$libinit$$0000000A)
    .ARM.Collect$$libinit$$0000000C          0x080001a6   Section        0  libinit2.o(.ARM.Collect$$libinit$$0000000C)
    .ARM.Collect$$libinit$$0000000E          0x080001a6   Section        0  libinit2.o(.ARM.Collect$$libinit$$0000000E)
    .ARM.Collect$$libinit$$00000011          0x080001a6   Section        0  libinit2.o(.ARM.Collect$$libinit$$00000011)
    .ARM.Collect$$libinit$$00000013          0x080001a6   Section        0  libinit2.o(.ARM.Collect$$libinit$$00000013)
    .ARM.Collect$$libinit$$00000015          0x080001a6   Section        0  libinit2.o(.ARM.Collect$$libinit$$00000015)
    .ARM.Collect$$libinit$$00000017          0x080001a6   Section        0  libinit2.o(.ARM.Collect$$libinit$$00000017)
    .ARM.Collect$$libinit$$00000019          0x080001a6   Section        0  libinit2.o(.ARM.Collect$$libinit$$00000019)
    .ARM.Collect$$libinit$$0000001B          0x080001a6   Section        0  libinit2.o(.ARM.Collect$$libinit$$0000001B)
    .ARM.Collect$$libinit$$0000001D          0x080001a6   Section        0  libinit2.o(.ARM.Collect$$libinit$$0000001D)
    .ARM.Collect$$libinit$$0000001F          0x080001a6   Section        0  libinit2.o(.ARM.Collect$$libinit$$0000001F)
    .ARM.Collect$$libinit$$00000021          0x080001a6   Section        0  libinit2.o(.ARM.Collect$$libinit$$00000021)
    .ARM.Collect$$libinit$$00000023          0x080001a6   Section        0  libinit2.o(.ARM.Collect$$libinit$$00000023)
    .ARM.Collect$$libinit$$00000025          0x080001a6   Section        0  libinit2.o(.ARM.Collect$$libinit$$00000025)
    .ARM.Collect$$libinit$$0000002C          0x080001a6   Section        0  libinit2.o(.ARM.Collect$$libinit$$0000002C)
    .ARM.Collect$$libinit$$0000002E          0x080001a6   Section        0  libinit2.o(.ARM.Collect$$libinit$$0000002E)
    .ARM.Collect$$libinit$$00000030          0x080001a6   Section        0  libinit2.o(.ARM.Collect$$libinit$$00000030)
    .ARM.Collect$$libinit$$00000032          0x080001a6   Section        0  libinit2.o(.ARM.Collect$$libinit$$00000032)
    .ARM.Collect$$libinit$$00000033          0x080001a6   Section        2  libinit2.o(.ARM.Collect$$libinit$$00000033)
    .ARM.Collect$$libshutdown$$00000000      0x080001a8   Section        2  libshutdown.o(.ARM.Collect$$libshutdown$$00000000)
    .ARM.Collect$$libshutdown$$00000002      0x080001aa   Section        0  libshutdown2.o(.ARM.Collect$$libshutdown$$00000002)
    .ARM.Collect$$libshutdown$$00000004      0x080001aa   Section        0  libshutdown2.o(.ARM.Collect$$libshutdown$$00000004)
    .ARM.Collect$$libshutdown$$00000007      0x080001aa   Section        0  libshutdown2.o(.ARM.Collect$$libshutdown$$00000007)
    .ARM.Collect$$libshutdown$$0000000A      0x080001aa   Section        0  libshutdown2.o(.ARM.Collect$$libshutdown$$0000000A)
    .ARM.Collect$$libshutdown$$0000000C      0x080001aa   Section        0  libshutdown2.o(.ARM.Collect$$libshutdown$$0000000C)
    .ARM.Collect$$libshutdown$$0000000F      0x080001aa   Section        0  libshutdown2.o(.ARM.Collect$$libshutdown$$0000000F)
    .ARM.Collect$$libshutdown$$00000010      0x080001aa   Section        2  libshutdown2.o(.ARM.Collect$$libshutdown$$00000010)
    .ARM.Collect$$rtentry$$00000000          0x080001ac   Section        0  __rtentry.o(.ARM.Collect$$rtentry$$00000000)
    .ARM.Collect$$rtentry$$00000002          0x080001ac   Section        0  __rtentry2.o(.ARM.Collect$$rtentry$$00000002)
    .ARM.Collect$$rtentry$$00000004          0x080001ac   Section        6  __rtentry4.o(.ARM.Collect$$rtentry$$00000004)
    .ARM.Collect$$rtentry$$00000009          0x080001b2   Section        0  __rtentry2.o(.ARM.Collect$$rtentry$$00000009)
    .ARM.Collect$$rtentry$$0000000A          0x080001b2   Section        4  __rtentry2.o(.ARM.Collect$$rtentry$$0000000A)
    .ARM.Collect$$rtentry$$0000000C          0x080001b6   Section        0  __rtentry2.o(.ARM.Collect$$rtentry$$0000000C)
    .ARM.Collect$$rtentry$$0000000D          0x080001b6   Section        8  __rtentry2.o(.ARM.Collect$$rtentry$$0000000D)
    .ARM.Collect$$rtexit$$00000000           0x080001be   Section        2  rtexit.o(.ARM.Collect$$rtexit$$00000000)
    .ARM.Collect$$rtexit$$00000002           0x080001c0   Section        0  rtexit2.o(.ARM.Collect$$rtexit$$00000002)
    .ARM.Collect$$rtexit$$00000003           0x080001c0   Section        4  rtexit2.o(.ARM.Collect$$rtexit$$00000003)
    .ARM.Collect$$rtexit$$00000004           0x080001c4   Section        6  rtexit2.o(.ARM.Collect$$rtexit$$00000004)
    .text                                    0x080001cc   Section       64  startup_stm32f103xe.o(.text)
    .text                                    0x0800020c   Section      176  os_cpu_a.o(.text)
    .text                                    0x080002bc   Section        2  use_no_semi_2.o(.text)
    .text                                    0x080002be   Section        0  heapauxi.o(.text)
    .text                                    0x080002c4   Section        2  use_no_semi.o(.text)
    .text                                    0x080002c6   Section       74  sys_stackheap_outer.o(.text)
    .text                                    0x08000310   Section        0  exit.o(.text)
    .text                                    0x08000324   Section        8  libspace.o(.text)
    i.App_TCBInitHook                        0x0800032c   Section        0  app_hooks.o(i.App_TCBInitHook)
    i.App_TaskCreateHook                     0x0800032e   Section        0  app_hooks.o(i.App_TaskCreateHook)
    i.App_TaskDelHook                        0x08000330   Section        0  app_hooks.o(i.App_TaskDelHook)
    i.App_TaskIdleHook                       0x08000332   Section        0  app_hooks.o(i.App_TaskIdleHook)
    i.App_TaskReturnHook                     0x08000334   Section        0  app_hooks.o(i.App_TaskReturnHook)
    i.App_TaskStatHook                       0x08000336   Section        0  app_hooks.o(i.App_TaskStatHook)
    i.App_TaskSwHook                         0x08000338   Section        0  app_hooks.o(i.App_TaskSwHook)
    i.App_TimeTickHook                       0x0800033a   Section        0  app_hooks.o(i.App_TimeTickHook)
    i.BusFault_Handler                       0x0800033c   Section        0  stm32f1xx_it.o(i.BusFault_Handler)
    i.DebugMon_Handler                       0x08000340   Section        0  stm32f1xx_it.o(i.DebugMon_Handler)
    i.HAL_Delay                              0x08000342   Section        0  stm32f1xx_hal.o(i.HAL_Delay)
    i.HAL_GPIO_Init                          0x0800035c   Section        0  stm32f1xx_hal_gpio.o(i.HAL_GPIO_Init)
    i.HAL_GPIO_WritePin                      0x0800069c   Section        0  stm32f1xx_hal_gpio.o(i.HAL_GPIO_WritePin)
    i.HAL_GetTick                            0x080006a8   Section        0  stm32f1xx_hal.o(i.HAL_GetTick)
    i.HAL_Init                               0x080006b4   Section        0  stm32f1xx_hal.o(i.HAL_Init)
    i.HAL_InitTick                           0x080006dc   Section        0  stm32f1xx_hal.o(i.HAL_InitTick)
    i.HAL_MspInit                            0x08000700   Section        0  stm32f1xx_hal_msp.o(i.HAL_MspInit)
    i.HAL_NVIC_SetPriority                   0x08000702   Section        0  stm32f1xx_hal_cortex.o(i.HAL_NVIC_SetPriority)
    i.HAL_NVIC_SetPriorityGrouping           0x08000780   Section        0  stm32f1xx_hal_cortex.o(i.HAL_NVIC_SetPriorityGrouping)
    i.HAL_RCC_ClockConfig                    0x080007a8   Section        0  stm32f1xx_hal_rcc.o(i.HAL_RCC_ClockConfig)
    i.HAL_RCC_GetHCLKFreq                    0x08000a40   Section        0  stm32f1xx_hal_rcc.o(i.HAL_RCC_GetHCLKFreq)
    i.HAL_RCC_GetSysClockFreq                0x08000a4c   Section        0  stm32f1xx_hal_rcc.o(i.HAL_RCC_GetSysClockFreq)
    i.HAL_RCC_OscConfig                      0x08000b00   Section        0  stm32f1xx_hal_rcc.o(i.HAL_RCC_OscConfig)
    i.HAL_SYSTICK_CLKSourceConfig            0x08001378   Section        0  stm32f1xx_hal_cortex.o(i.HAL_SYSTICK_CLKSourceConfig)
    i.HAL_SYSTICK_Config                     0x080013a0   Section        0  stm32f1xx_hal_cortex.o(i.HAL_SYSTICK_Config)
    i.HAL_UART_ErrorCallback                 0x080013d4   Section        0  stm32f1xx_hal_uart.o(i.HAL_UART_ErrorCallback)
    i.HAL_UART_GetState                      0x080013d6   Section        0  stm32f1xx_hal_uart.o(i.HAL_UART_GetState)
    i.HAL_UART_IRQHandler                    0x080013de   Section        0  stm32f1xx_hal_uart.o(i.HAL_UART_IRQHandler)
    i.HAL_UART_Receive_IT                    0x080014b8   Section        0  stm32f1xx_hal_uart.o(i.HAL_UART_Receive_IT)
    i.HAL_UART_RxCpltCallback                0x08001540   Section        0  usart.o(i.HAL_UART_RxCpltCallback)
    i.HAL_UART_TxCpltCallback                0x080015c8   Section        0  stm32f1xx_hal_uart.o(i.HAL_UART_TxCpltCallback)
    i.HardFault_Handler                      0x080015ca   Section        0  stm32f1xx_it.o(i.HardFault_Handler)
    i.LED_Init                               0x080015d0   Section        0  led.o(i.LED_Init)
    i.MemManage_Handler                      0x08001650   Section        0  stm32f1xx_it.o(i.MemManage_Handler)
    i.NMI_Handler                            0x08001654   Section        0  stm32f1xx_it.o(i.NMI_Handler)
    i.NVIC_GetPriorityGrouping               0x08001658   Section        0  stm32f1xx_hal_cortex.o(i.NVIC_GetPriorityGrouping)
    NVIC_GetPriorityGrouping                 0x08001659   Thumb Code    10  stm32f1xx_hal_cortex.o(i.NVIC_GetPriorityGrouping)
    i.NVIC_SetPriority                       0x08001668   Section        0  stm32f1xx_hal_cortex.o(i.NVIC_SetPriority)
    NVIC_SetPriority                         0x08001669   Thumb Code    32  stm32f1xx_hal_cortex.o(i.NVIC_SetPriority)
    i.OSInit                                 0x08001690   Section        0  os_core.o(i.OSInit)
    i.OSInitHookBegin                        0x080016bc   Section        0  os_cpu_c.o(i.OSInitHookBegin)
    i.OSInitHookEnd                          0x080016ec   Section        0  os_cpu_c.o(i.OSInitHookEnd)
    i.OSIntEnter                             0x080016f0   Section        0  os_core.o(i.OSIntEnter)
    i.OSIntExit                              0x08001714   Section        0  os_core.o(i.OSIntExit)
    i.OSSchedLock                            0x080017a4   Section        0  os_core.o(i.OSSchedLock)
    i.OSSchedUnlock                          0x080017e4   Section        0  os_core.o(i.OSSchedUnlock)
    i.OSStart                                0x08001844   Section        0  os_core.o(i.OSStart)
    i.OSStatInit                             0x0800188c   Section        0  os_core.o(i.OSStatInit)
    i.OSTCBInitHook                          0x080018d8   Section        0  os_cpu_c.o(i.OSTCBInitHook)
    i.OSTaskCreateExt                        0x080018e4   Section        0  os_task.o(i.OSTaskCreateExt)
    i.OSTaskCreateHook                       0x0800199c   Section        0  os_cpu_c.o(i.OSTaskCreateHook)
    i.OSTaskDel                              0x080019a8   Section        0  os_task.o(i.OSTaskDel)
    i.OSTaskDelHook                          0x08001b08   Section        0  os_cpu_c.o(i.OSTaskDelHook)
    i.OSTaskIdleHook                         0x08001b14   Section        0  os_cpu_c.o(i.OSTaskIdleHook)
    i.OSTaskNameSet                          0x08001b1c   Section        0  os_task.o(i.OSTaskNameSet)
    i.OSTaskReturnHook                       0x08001b8c   Section        0  os_cpu_c.o(i.OSTaskReturnHook)
    i.OSTaskStatHook                         0x08001b98   Section        0  os_cpu_c.o(i.OSTaskStatHook)
    i.OSTaskStkChk                           0x08001ba0   Section        0  os_task.o(i.OSTaskStkChk)
    i.OSTaskStkInit                          0x08001c28   Section        0  os_cpu_c.o(i.OSTaskStkInit)
    i.OSTaskSuspend                          0x08001ccc   Section        0  os_task.o(i.OSTaskSuspend)
    i.OSTaskSwHook                           0x08001d74   Section        0  os_cpu_c.o(i.OSTaskSwHook)
    i.OSTimeDly                              0x08001d7c   Section        0  os_time.o(i.OSTimeDly)
    i.OSTimeTick                             0x08001df4   Section        0  os_core.o(i.OSTimeTick)
    i.OSTimeTickHook                         0x08001ee0   Section        0  os_cpu_c.o(i.OSTimeTickHook)
    i.OS_Dummy                               0x08001ee8   Section        0  os_core.o(i.OS_Dummy)
    i.OS_EventTaskRemove                     0x08001eea   Section        0  os_core.o(i.OS_EventTaskRemove)
    i.OS_EventTaskRemoveMulti                0x08001f18   Section        0  os_core.o(i.OS_EventTaskRemoveMulti)
    i.OS_FlagInit                            0x08001f54   Section        0  os_flag.o(i.OS_FlagInit)
    i.OS_FlagUnlink                          0x08001fac   Section        0  os_flag.o(i.OS_FlagUnlink)
    i.OS_InitEventList                       0x08001fd0   Section        0  os_core.o(i.OS_InitEventList)
    OS_InitEventList                         0x08001fd1   Thumb Code    84  os_core.o(i.OS_InitEventList)
    i.OS_InitMisc                            0x08002030   Section        0  os_core.o(i.OS_InitMisc)
    OS_InitMisc                              0x08002031   Thumb Code    48  os_core.o(i.OS_InitMisc)
    i.OS_InitRdyList                         0x0800208c   Section        0  os_core.o(i.OS_InitRdyList)
    OS_InitRdyList                           0x0800208d   Thumb Code    44  os_core.o(i.OS_InitRdyList)
    i.OS_InitTCBList                         0x080020d0   Section        0  os_core.o(i.OS_InitTCBList)
    OS_InitTCBList                           0x080020d1   Thumb Code   106  os_core.o(i.OS_InitTCBList)
    i.OS_InitTaskIdle                        0x08002150   Section        0  os_core.o(i.OS_InitTaskIdle)
    OS_InitTaskIdle                          0x08002151   Thumb Code    50  os_core.o(i.OS_InitTaskIdle)
    i.OS_InitTaskStat                        0x080021a0   Section        0  os_core.o(i.OS_InitTaskStat)
    OS_InitTaskStat                          0x080021a1   Thumb Code    50  os_core.o(i.OS_InitTaskStat)
    i.OS_MemClr                              0x080021f0   Section        0  os_core.o(i.OS_MemClr)
    i.OS_QInit                               0x08002204   Section        0  os_q.o(i.OS_QInit)
    i.OS_Sched                               0x08002254   Section        0  os_core.o(i.OS_Sched)
    i.OS_SchedNew                            0x080022c8   Section        0  os_core.o(i.OS_SchedNew)
    OS_SchedNew                              0x080022c9   Thumb Code    26  os_core.o(i.OS_SchedNew)
    i.OS_TCBInit                             0x080022f4   Section        0  os_core.o(i.OS_TCBInit)
    i.OS_TaskIdle                            0x08002434   Section        0  os_core.o(i.OS_TaskIdle)
    i.OS_TaskReturn                          0x0800245c   Section        0  os_task.o(i.OS_TaskReturn)
    i.OS_TaskStat                            0x08002474   Section        0  os_core.o(i.OS_TaskStat)
    i.OS_TaskStatStkChk                      0x08002514   Section        0  os_core.o(i.OS_TaskStatStkChk)
    i.OS_TaskStkClr                          0x08002550   Section        0  os_task.o(i.OS_TaskStkClr)
    i.SVC_Handler                            0x0800256a   Section        0  stm32f1xx_it.o(i.SVC_Handler)
    i.Stm32_Clock_Init                       0x0800256c   Section        0  sys.o(i.Stm32_Clock_Init)
    i.SysTick_Handler                        0x080025c4   Section        0  delay.o(i.SysTick_Handler)
    i.SystemInit                             0x080025e0   Section        0  system_stm32f1xx.o(i.SystemInit)
    i.UART_EndTransmit_IT                    0x08002638   Section        0  stm32f1xx_hal_uart.o(i.UART_EndTransmit_IT)
    UART_EndTransmit_IT                      0x08002639   Thumb Code    48  stm32f1xx_hal_uart.o(i.UART_EndTransmit_IT)
    i.UART_Receive_IT                        0x08002668   Section        0  stm32f1xx_hal_uart.o(i.UART_Receive_IT)
    UART_Receive_IT                          0x08002669   Thumb Code   188  stm32f1xx_hal_uart.o(i.UART_Receive_IT)
    i.UART_Transmit_IT                       0x08002724   Section        0  stm32f1xx_hal_uart.o(i.UART_Transmit_IT)
    UART_Transmit_IT                         0x08002725   Thumb Code   112  stm32f1xx_hal_uart.o(i.UART_Transmit_IT)
    i.USART1_IRQHandler                      0x08002794   Section        0  usart.o(i.USART1_IRQHandler)
    i.UsageFault_Handler                     0x080027dc   Section        0  stm32f1xx_it.o(i.UsageFault_Handler)
    i._sys_exit                              0x080027e0   Section        0  usart.o(i._sys_exit)
    i.delay_init                             0x080027e4   Section        0  delay.o(i.delay_init)
    i.delay_ms                               0x08002828   Section        0  delay.o(i.delay_ms)
    i.delay_osschedlock                      0x08002878   Section        0  delay.o(i.delay_osschedlock)
    i.delay_osschedunlock                    0x08002880   Section        0  delay.o(i.delay_osschedunlock)
    i.delay_ostimedly                        0x08002888   Section        0  delay.o(i.delay_ostimedly)
    i.delay_us                               0x08002894   Section        0  delay.o(i.delay_us)
    i.led0_task                              0x080028ec   Section        0  main.o(i.led0_task)
    i.led1_task                              0x08002918   Section        0  main.o(i.led1_task)
    i.main                                   0x08002944   Section        0  main.o(i.main)
    i.start_task                             0x08002998   Section        0  main.o(i.start_task)
    .constdata                               0x08002a10   Section       24  system_stm32f1xx.o(.constdata)
    .constdata                               0x08002a28   Section      256  os_core.o(.constdata)
    .data                                    0x20000000   Section        4  system_stm32f1xx.o(.data)
    .data                                    0x20000004   Section        4  stm32f1xx_hal.o(.data)
    uwTick                                   0x20000004   Data           4  stm32f1xx_hal.o(.data)
    .data                                    0x20000008   Section        6  delay.o(.data)
    fac_us                                   0x20000008   Data           4  delay.o(.data)
    fac_ms                                   0x2000000c   Data           2  delay.o(.data)
    .data                                    0x20000010   Section        7  usart.o(.data)
    .data                                    0x20000018   Section       76  os_core.o(.data)
    .data                                    0x20000064   Section        4  os_cpu_c.o(.data)
    .bss                                     0x20000068   Section     1536  main.o(.bss)
    .bss                                     0x20000668   Section      264  usart.o(.bss)
    .bss                                     0x20000770   Section     3872  os_core.o(.bss)
    .bss                                     0x20001690   Section      512  os_cpu_c.o(.bss)
    .bss                                     0x20001890   Section       96  libspace.o(.bss)
    HEAP                                     0x200018f0   Section      512  startup_stm32f103xe.o(HEAP)
    Heap_Mem                                 0x200018f0   Data         512  startup_stm32f103xe.o(HEAP)
    STACK                                    0x20001af0   Section     1024  startup_stm32f103xe.o(STACK)
    Stack_Mem                                0x20001af0   Data        1024  startup_stm32f103xe.o(STACK)
    __initial_sp                             0x20001ef0   Data           0  startup_stm32f103xe.o(STACK)

    Global Symbols

    Symbol Name                              Value     Ov Type        Size  Object(Section)

    BuildAttributes$$THM_ISAv4$P$D$K$B$S$PE$A:L22UL41UL21$X:L11$S22US41US21$IEEE1$IW$USESV6$~STKCKD$USESV7$~SHL$OSPACE$ROPI$EBA8$UX$STANDARDLIB$REQ8$PRES8$EABIv2 0x00000000   Number         0  anon$$obj.o ABSOLUTE
    __ARM_use_no_argv                        0x00000000   Number         0  main.o ABSOLUTE
    __ARM_exceptions_init                     - Undefined Weak Reference
    __alloca_initialize                       - Undefined Weak Reference
    __arm_preinit_                            - Undefined Weak Reference
    __cpp_initialize__aeabi_                  - Undefined Weak Reference
    __cxa_finalize                            - Undefined Weak Reference
    __rt_locale                               - Undefined Weak Reference
    __sigvec_lookup                           - Undefined Weak Reference
    _atexit_init                              - Undefined Weak Reference
    _call_atexit_fns                          - Undefined Weak Reference
    _clock_init                               - Undefined Weak Reference
    _fp_trap_init                             - Undefined Weak Reference
    _fp_trap_shutdown                         - Undefined Weak Reference
    _get_lc_collate                           - Undefined Weak Reference
    _get_lc_ctype                             - Undefined Weak Reference
    _get_lc_monetary                          - Undefined Weak Reference
    _get_lc_numeric                           - Undefined Weak Reference
    _get_lc_time                              - Undefined Weak Reference
    _getenv_init                              - Undefined Weak Reference
    _handle_redirection                       - Undefined Weak Reference
    _init_alloc                               - Undefined Weak Reference
    _init_user_alloc                          - Undefined Weak Reference
    _initio                                   - Undefined Weak Reference
    _rand_init                                - Undefined Weak Reference
    _signal_finish                            - Undefined Weak Reference
    _signal_init                              - Undefined Weak Reference
    _terminate_alloc                          - Undefined Weak Reference
    _terminate_user_alloc                     - Undefined Weak Reference
    _terminateio                              - Undefined Weak Reference
    __Vectors_Size                           0x00000130   Number         0  startup_stm32f103xe.o ABSOLUTE
    __Vectors                                0x08000000   Data           4  startup_stm32f103xe.o(RESET)
    __Vectors_End                            0x08000130   Data           0  startup_stm32f103xe.o(RESET)
    __main                                   0x08000131   Thumb Code     8  __main.o(!!!main)
    __scatterload                            0x08000139   Thumb Code     0  __scatter.o(!!!scatter)
    __scatterload_rt2                        0x08000139   Thumb Code    44  __scatter.o(!!!scatter)
    __scatterload_rt2_thumb_only             0x08000139   Thumb Code     0  __scatter.o(!!!scatter)
    __scatterload_null                       0x08000147   Thumb Code     0  __scatter.o(!!!scatter)
    __scatterload_copy                       0x0800016d   Thumb Code    26  __scatter_copy.o(!!handler_copy)
    __scatterload_zeroinit                   0x08000189   Thumb Code    28  __scatter_zi.o(!!handler_zi)
    __rt_lib_init                            0x080001a5   Thumb Code     0  libinit.o(.ARM.Collect$$libinit$$00000000)
    __rt_lib_init_alloca_1                   0x080001a7   Thumb Code     0  libinit2.o(.ARM.Collect$$libinit$$0000002E)
    __rt_lib_init_argv_1                     0x080001a7   Thumb Code     0  libinit2.o(.ARM.Collect$$libinit$$0000002C)
    __rt_lib_init_atexit_1                   0x080001a7   Thumb Code     0  libinit2.o(.ARM.Collect$$libinit$$0000001B)
    __rt_lib_init_clock_1                    0x080001a7   Thumb Code     0  libinit2.o(.ARM.Collect$$libinit$$00000021)
    __rt_lib_init_cpp_1                      0x080001a7   Thumb Code     0  libinit2.o(.ARM.Collect$$libinit$$00000032)
    __rt_lib_init_exceptions_1               0x080001a7   Thumb Code     0  libinit2.o(.ARM.Collect$$libinit$$00000030)
    __rt_lib_init_fp_1                       0x080001a7   Thumb Code     0  libinit2.o(.ARM.Collect$$libinit$$00000002)
    __rt_lib_init_fp_trap_1                  0x080001a7   Thumb Code     0  libinit2.o(.ARM.Collect$$libinit$$0000001F)
    __rt_lib_init_getenv_1                   0x080001a7   Thumb Code     0  libinit2.o(.ARM.Collect$$libinit$$00000023)
    __rt_lib_init_heap_1                     0x080001a7   Thumb Code     0  libinit2.o(.ARM.Collect$$libinit$$0000000A)
    __rt_lib_init_lc_collate_1               0x080001a7   Thumb Code     0  libinit2.o(.ARM.Collect$$libinit$$00000011)
    __rt_lib_init_lc_ctype_1                 0x080001a7   Thumb Code     0  libinit2.o(.ARM.Collect$$libinit$$00000013)
    __rt_lib_init_lc_monetary_1              0x080001a7   Thumb Code     0  libinit2.o(.ARM.Collect$$libinit$$00000015)
    __rt_lib_init_lc_numeric_1               0x080001a7   Thumb Code     0  libinit2.o(.ARM.Collect$$libinit$$00000017)
    __rt_lib_init_lc_time_1                  0x080001a7   Thumb Code     0  libinit2.o(.ARM.Collect$$libinit$$00000019)
    __rt_lib_init_preinit_1                  0x080001a7   Thumb Code     0  libinit2.o(.ARM.Collect$$libinit$$00000004)
    __rt_lib_init_rand_1                     0x080001a7   Thumb Code     0  libinit2.o(.ARM.Collect$$libinit$$0000000E)
    __rt_lib_init_return                     0x080001a7   Thumb Code     0  libinit2.o(.ARM.Collect$$libinit$$00000033)
    __rt_lib_init_signal_1                   0x080001a7   Thumb Code     0  libinit2.o(.ARM.Collect$$libinit$$0000001D)
    __rt_lib_init_stdio_1                    0x080001a7   Thumb Code     0  libinit2.o(.ARM.Collect$$libinit$$00000025)
    __rt_lib_init_user_alloc_1               0x080001a7   Thumb Code     0  libinit2.o(.ARM.Collect$$libinit$$0000000C)
    __rt_lib_shutdown                        0x080001a9   Thumb Code     0  libshutdown.o(.ARM.Collect$$libshutdown$$00000000)
    __rt_lib_shutdown_cpp_1                  0x080001ab   Thumb Code     0  libshutdown2.o(.ARM.Collect$$libshutdown$$00000002)
    __rt_lib_shutdown_fp_trap_1              0x080001ab   Thumb Code     0  libshutdown2.o(.ARM.Collect$$libshutdown$$00000007)
    __rt_lib_shutdown_heap_1                 0x080001ab   Thumb Code     0  libshutdown2.o(.ARM.Collect$$libshutdown$$0000000F)
    __rt_lib_shutdown_return                 0x080001ab   Thumb Code     0  libshutdown2.o(.ARM.Collect$$libshutdown$$00000010)
    __rt_lib_shutdown_signal_1               0x080001ab   Thumb Code     0  libshutdown2.o(.ARM.Collect$$libshutdown$$0000000A)
    __rt_lib_shutdown_stdio_1                0x080001ab   Thumb Code     0  libshutdown2.o(.ARM.Collect$$libshutdown$$00000004)
    __rt_lib_shutdown_user_alloc_1           0x080001ab   Thumb Code     0  libshutdown2.o(.ARM.Collect$$libshutdown$$0000000C)
    __rt_entry                               0x080001ad   Thumb Code     0  __rtentry.o(.ARM.Collect$$rtentry$$00000000)
    __rt_entry_presh_1                       0x080001ad   Thumb Code     0  __rtentry2.o(.ARM.Collect$$rtentry$$00000002)
    __rt_entry_sh                            0x080001ad   Thumb Code     0  __rtentry4.o(.ARM.Collect$$rtentry$$00000004)
    __rt_entry_li                            0x080001b3   Thumb Code     0  __rtentry2.o(.ARM.Collect$$rtentry$$0000000A)
    __rt_entry_postsh_1                      0x080001b3   Thumb Code     0  __rtentry2.o(.ARM.Collect$$rtentry$$00000009)
    __rt_entry_main                          0x080001b7   Thumb Code     0  __rtentry2.o(.ARM.Collect$$rtentry$$0000000D)
    __rt_entry_postli_1                      0x080001b7   Thumb Code     0  __rtentry2.o(.ARM.Collect$$rtentry$$0000000C)
    __rt_exit                                0x080001bf   Thumb Code     0  rtexit.o(.ARM.Collect$$rtexit$$00000000)
    __rt_exit_ls                             0x080001c1   Thumb Code     0  rtexit2.o(.ARM.Collect$$rtexit$$00000003)
    __rt_exit_prels_1                        0x080001c1   Thumb Code     0  rtexit2.o(.ARM.Collect$$rtexit$$00000002)
    __rt_exit_exit                           0x080001c5   Thumb Code     0  rtexit2.o(.ARM.Collect$$rtexit$$00000004)
    Reset_Handler                            0x080001cd   Thumb Code     8  startup_stm32f103xe.o(.text)
    ADC1_2_IRQHandler                        0x080001e7   Thumb Code     0  startup_stm32f103xe.o(.text)
    ADC3_IRQHandler                          0x080001e7   Thumb Code     0  startup_stm32f103xe.o(.text)
    CAN1_RX1_IRQHandler                      0x080001e7   Thumb Code     0  startup_stm32f103xe.o(.text)
    CAN1_SCE_IRQHandler                      0x080001e7   Thumb Code     0  startup_stm32f103xe.o(.text)
    DMA1_Channel1_IRQHandler                 0x080001e7   Thumb Code     0  startup_stm32f103xe.o(.text)
    DMA1_Channel2_IRQHandler                 0x080001e7   Thumb Code     0  startup_stm32f103xe.o(.text)
    DMA1_Channel3_IRQHandler                 0x080001e7   Thumb Code     0  startup_stm32f103xe.o(.text)
    DMA1_Channel4_IRQHandler                 0x080001e7   Thumb Code     0  startup_stm32f103xe.o(.text)
    DMA1_Channel5_IRQHandler                 0x080001e7   Thumb Code     0  startup_stm32f103xe.o(.text)
    DMA1_Channel6_IRQHandler                 0x080001e7   Thumb Code     0  startup_stm32f103xe.o(.text)
    DMA1_Channel7_IRQHandler                 0x080001e7   Thumb Code     0  startup_stm32f103xe.o(.text)
    DMA2_Channel1_IRQHandler                 0x080001e7   Thumb Code     0  startup_stm32f103xe.o(.text)
    DMA2_Channel2_IRQHandler                 0x080001e7   Thumb Code     0  startup_stm32f103xe.o(.text)
    DMA2_Channel3_IRQHandler                 0x080001e7   Thumb Code     0  startup_stm32f103xe.o(.text)
    DMA2_Channel4_5_IRQHandler               0x080001e7   Thumb Code     0  startup_stm32f103xe.o(.text)
    EXTI0_IRQHandler                         0x080001e7   Thumb Code     0  startup_stm32f103xe.o(.text)
    EXTI15_10_IRQHandler                     0x080001e7   Thumb Code     0  startup_stm32f103xe.o(.text)
    EXTI1_IRQHandler                         0x080001e7   Thumb Code     0  startup_stm32f103xe.o(.text)
    EXTI2_IRQHandler                         0x080001e7   Thumb Code     0  startup_stm32f103xe.o(.text)
    EXTI3_IRQHandler                         0x080001e7   Thumb Code     0  startup_stm32f103xe.o(.text)
    EXTI4_IRQHandler                         0x080001e7   Thumb Code     0  startup_stm32f103xe.o(.text)
    EXTI9_5_IRQHandler                       0x080001e7   Thumb Code     0  startup_stm32f103xe.o(.text)
    FLASH_IRQHandler                         0x080001e7   Thumb Code     0  startup_stm32f103xe.o(.text)
    FSMC_IRQHandler                          0x080001e7   Thumb Code     0  startup_stm32f103xe.o(.text)
    I2C1_ER_IRQHandler                       0x080001e7   Thumb Code     0  startup_stm32f103xe.o(.text)
    I2C1_EV_IRQHandler                       0x080001e7   Thumb Code     0  startup_stm32f103xe.o(.text)
    I2C2_ER_IRQHandler                       0x080001e7   Thumb Code     0  startup_stm32f103xe.o(.text)
    I2C2_EV_IRQHandler                       0x080001e7   Thumb Code     0  startup_stm32f103xe.o(.text)
    PVD_IRQHandler                           0x080001e7   Thumb Code     0  startup_stm32f103xe.o(.text)
    RCC_IRQHandler                           0x080001e7   Thumb Code     0  startup_stm32f103xe.o(.text)
    RTC_Alarm_IRQHandler                     0x080001e7   Thumb Code     0  startup_stm32f103xe.o(.text)
    RTC_IRQHandler                           0x080001e7   Thumb Code     0  startup_stm32f103xe.o(.text)
    SDIO_IRQHandler                          0x080001e7   Thumb Code     0  startup_stm32f103xe.o(.text)
    SPI1_IRQHandler                          0x080001e7   Thumb Code     0  startup_stm32f103xe.o(.text)
    SPI2_IRQHandler                          0x080001e7   Thumb Code     0  startup_stm32f103xe.o(.text)
    SPI3_IRQHandler                          0x080001e7   Thumb Code     0  startup_stm32f103xe.o(.text)
    TAMPER_IRQHandler                        0x080001e7   Thumb Code     0  startup_stm32f103xe.o(.text)
    TIM1_BRK_IRQHandler                      0x080001e7   Thumb Code     0  startup_stm32f103xe.o(.text)
    TIM1_CC_IRQHandler                       0x080001e7   Thumb Code     0  startup_stm32f103xe.o(.text)
    TIM1_TRG_COM_IRQHandler                  0x080001e7   Thumb Code     0  startup_stm32f103xe.o(.text)
    TIM1_UP_IRQHandler                       0x080001e7   Thumb Code     0  startup_stm32f103xe.o(.text)
    TIM2_IRQHandler                          0x080001e7   Thumb Code     0  startup_stm32f103xe.o(.text)
    TIM3_IRQHandler                          0x080001e7   Thumb Code     0  startup_stm32f103xe.o(.text)
    TIM4_IRQHandler                          0x080001e7   Thumb Code     0  startup_stm32f103xe.o(.text)
    TIM5_IRQHandler                          0x080001e7   Thumb Code     0  startup_stm32f103xe.o(.text)
    TIM6_IRQHandler                          0x080001e7   Thumb Code     0  startup_stm32f103xe.o(.text)
    TIM7_IRQHandler                          0x080001e7   Thumb Code     0  startup_stm32f103xe.o(.text)
    TIM8_BRK_IRQHandler                      0x080001e7   Thumb Code     0  startup_stm32f103xe.o(.text)
    TIM8_CC_IRQHandler                       0x080001e7   Thumb Code     0  startup_stm32f103xe.o(.text)
    TIM8_TRG_COM_IRQHandler                  0x080001e7   Thumb Code     0  startup_stm32f103xe.o(.text)
    TIM8_UP_IRQHandler                       0x080001e7   Thumb Code     0  startup_stm32f103xe.o(.text)
    UART4_IRQHandler                         0x080001e7   Thumb Code     0  startup_stm32f103xe.o(.text)
    UART5_IRQHandler                         0x080001e7   Thumb Code     0  startup_stm32f103xe.o(.text)
    USART2_IRQHandler                        0x080001e7   Thumb Code     0  startup_stm32f103xe.o(.text)
    USART3_IRQHandler                        0x080001e7   Thumb Code     0  startup_stm32f103xe.o(.text)
    USBWakeUp_IRQHandler                     0x080001e7   Thumb Code     0  startup_stm32f103xe.o(.text)
    USB_HP_CAN1_TX_IRQHandler                0x080001e7   Thumb Code     0  startup_stm32f103xe.o(.text)
    USB_LP_CAN1_RX0_IRQHandler               0x080001e7   Thumb Code     0  startup_stm32f103xe.o(.text)
    WWDG_IRQHandler                          0x080001e7   Thumb Code     0  startup_stm32f103xe.o(.text)
    __user_initial_stackheap                 0x080001e9   Thumb Code     0  startup_stm32f103xe.o(.text)
    OS_CPU_SR_Save                           0x0800020d   Thumb Code     0  os_cpu_a.o(.text)
    OS_CPU_SR_Restore                        0x08000215   Thumb Code     0  os_cpu_a.o(.text)
    OSStartHighRdy                           0x0800021b   Thumb Code     0  os_cpu_a.o(.text)
    OSCtxSw                                  0x08000243   Thumb Code     0  os_cpu_a.o(.text)
    OSIntCtxSw                               0x0800024d   Thumb Code     0  os_cpu_a.o(.text)
    PendSV_Handler                           0x08000257   Thumb Code     0  os_cpu_a.o(.text)
    __use_no_semihosting                     0x080002bd   Thumb Code     2  use_no_semi_2.o(.text)
    __use_two_region_memory                  0x080002bf   Thumb Code     2  heapauxi.o(.text)
    __rt_heap_escrow$2region                 0x080002c1   Thumb Code     2  heapauxi.o(.text)
    __rt_heap_expand$2region                 0x080002c3   Thumb Code     2  heapauxi.o(.text)
    __I$use$semihosting                      0x080002c5   Thumb Code     0  use_no_semi.o(.text)
    __use_no_semihosting_swi                 0x080002c5   Thumb Code     2  use_no_semi.o(.text)
    __user_setup_stackheap                   0x080002c7   Thumb Code    74  sys_stackheap_outer.o(.text)
    exit                                     0x08000311   Thumb Code    18  exit.o(.text)
    __user_libspace                          0x08000325   Thumb Code     8  libspace.o(.text)
    __user_perproc_libspace                  0x08000325   Thumb Code     0  libspace.o(.text)
    __user_perthread_libspace                0x08000325   Thumb Code     0  libspace.o(.text)
    App_TCBInitHook                          0x0800032d   Thumb Code     2  app_hooks.o(i.App_TCBInitHook)
    App_TaskCreateHook                       0x0800032f   Thumb Code     2  app_hooks.o(i.App_TaskCreateHook)
    App_TaskDelHook                          0x08000331   Thumb Code     2  app_hooks.o(i.App_TaskDelHook)
    App_TaskIdleHook                         0x08000333   Thumb Code     2  app_hooks.o(i.App_TaskIdleHook)
    App_TaskReturnHook                       0x08000335   Thumb Code     2  app_hooks.o(i.App_TaskReturnHook)
    App_TaskStatHook                         0x08000337   Thumb Code     2  app_hooks.o(i.App_TaskStatHook)
    App_TaskSwHook                           0x08000339   Thumb Code     2  app_hooks.o(i.App_TaskSwHook)
    App_TimeTickHook                         0x0800033b   Thumb Code     2  app_hooks.o(i.App_TimeTickHook)
    BusFault_Handler                         0x0800033d   Thumb Code     4  stm32f1xx_it.o(i.BusFault_Handler)
    DebugMon_Handler                         0x08000341   Thumb Code     2  stm32f1xx_it.o(i.DebugMon_Handler)
    HAL_Delay                                0x08000343   Thumb Code    26  stm32f1xx_hal.o(i.HAL_Delay)
    HAL_GPIO_Init                            0x0800035d   Thumb Code   790  stm32f1xx_hal_gpio.o(i.HAL_GPIO_Init)
    HAL_GPIO_WritePin                        0x0800069d   Thumb Code    12  stm32f1xx_hal_gpio.o(i.HAL_GPIO_WritePin)
    HAL_GetTick                              0x080006a9   Thumb Code     6  stm32f1xx_hal.o(i.HAL_GetTick)
    HAL_Init                                 0x080006b5   Thumb Code    34  stm32f1xx_hal.o(i.HAL_Init)
    HAL_InitTick                             0x080006dd   Thumb Code    36  stm32f1xx_hal.o(i.HAL_InitTick)
    HAL_MspInit                              0x08000701   Thumb Code     2  stm32f1xx_hal_msp.o(i.HAL_MspInit)
    HAL_NVIC_SetPriority                     0x08000703   Thumb Code   124  stm32f1xx_hal_cortex.o(i.HAL_NVIC_SetPriority)
    HAL_NVIC_SetPriorityGrouping             0x08000781   Thumb Code    32  stm32f1xx_hal_cortex.o(i.HAL_NVIC_SetPriorityGrouping)
    HAL_RCC_ClockConfig                      0x080007a9   Thumb Code   648  stm32f1xx_hal_rcc.o(i.HAL_RCC_ClockConfig)
    HAL_RCC_GetHCLKFreq                      0x08000a41   Thumb Code     6  stm32f1xx_hal_rcc.o(i.HAL_RCC_GetHCLKFreq)
    HAL_RCC_GetSysClockFreq                  0x08000a4d   Thumb Code   146  stm32f1xx_hal_rcc.o(i.HAL_RCC_GetSysClockFreq)
    HAL_RCC_OscConfig                        0x08000b01   Thumb Code  2164  stm32f1xx_hal_rcc.o(i.HAL_RCC_OscConfig)
    HAL_SYSTICK_CLKSourceConfig              0x08001379   Thumb Code    40  stm32f1xx_hal_cortex.o(i.HAL_SYSTICK_CLKSourceConfig)
    HAL_SYSTICK_Config                       0x080013a1   Thumb Code    52  stm32f1xx_hal_cortex.o(i.HAL_SYSTICK_Config)
    HAL_UART_ErrorCallback                   0x080013d5   Thumb Code     2  stm32f1xx_hal_uart.o(i.HAL_UART_ErrorCallback)
    HAL_UART_GetState                        0x080013d7   Thumb Code     8  stm32f1xx_hal_uart.o(i.HAL_UART_GetState)
    HAL_UART_IRQHandler                      0x080013df   Thumb Code   218  stm32f1xx_hal_uart.o(i.HAL_UART_IRQHandler)
    HAL_UART_Receive_IT                      0x080014b9   Thumb Code   134  stm32f1xx_hal_uart.o(i.HAL_UART_Receive_IT)
    HAL_UART_RxCpltCallback                  0x08001541   Thumb Code   120  usart.o(i.HAL_UART_RxCpltCallback)
    HAL_UART_TxCpltCallback                  0x080015c9   Thumb Code     2  stm32f1xx_hal_uart.o(i.HAL_UART_TxCpltCallback)
    HardFault_Handler                        0x080015cb   Thumb Code     4  stm32f1xx_it.o(i.HardFault_Handler)
    LED_Init                                 0x080015d1   Thumb Code   116  led.o(i.LED_Init)
    MemManage_Handler                        0x08001651   Thumb Code     4  stm32f1xx_it.o(i.MemManage_Handler)
    NMI_Handler                              0x08001655   Thumb Code     2  stm32f1xx_it.o(i.NMI_Handler)
    OSInit                                   0x08001691   Thumb Code    44  os_core.o(i.OSInit)
    OSInitHookBegin                          0x080016bd   Thumb Code    34  os_cpu_c.o(i.OSInitHookBegin)
    OSInitHookEnd                            0x080016ed   Thumb Code     2  os_cpu_c.o(i.OSInitHookEnd)
    OSIntEnter                               0x080016f1   Thumb Code    28  os_core.o(i.OSIntEnter)
    OSIntExit                                0x08001715   Thumb Code   112  os_core.o(i.OSIntExit)
    OSSchedLock                              0x080017a5   Thumb Code    50  os_core.o(i.OSSchedLock)
    OSSchedUnlock                            0x080017e5   Thumb Code    82  os_core.o(i.OSSchedUnlock)
    OSStart                                  0x08001845   Thumb Code    48  os_core.o(i.OSStart)
    OSStatInit                               0x0800188d   Thumb Code    62  os_core.o(i.OSStatInit)
    OSTCBInitHook                            0x080018d9   Thumb Code    12  os_cpu_c.o(i.OSTCBInitHook)
    OSTaskCreateExt                          0x080018e5   Thumb Code   170  os_task.o(i.OSTaskCreateExt)
    OSTaskCreateHook                         0x0800199d   Thumb Code    12  os_cpu_c.o(i.OSTaskCreateHook)
    OSTaskDel                                0x080019a9   Thumb Code   306  os_task.o(i.OSTaskDel)
    OSTaskDelHook                            0x08001b09   Thumb Code    12  os_cpu_c.o(i.OSTaskDelHook)
    OSTaskIdleHook                           0x08001b15   Thumb Code     8  os_cpu_c.o(i.OSTaskIdleHook)
    OSTaskNameSet                            0x08001b1d   Thumb Code    98  os_task.o(i.OSTaskNameSet)
    OSTaskReturnHook                         0x08001b8d   Thumb Code    12  os_cpu_c.o(i.OSTaskReturnHook)
    OSTaskStatHook                           0x08001b99   Thumb Code     8  os_cpu_c.o(i.OSTaskStatHook)
    OSTaskStkChk                             0x08001ba1   Thumb Code   128  os_task.o(i.OSTaskStkChk)
    OSTaskStkInit                            0x08001c29   Thumb Code   160  os_cpu_c.o(i.OSTaskStkInit)
    OSTaskSuspend                            0x08001ccd   Thumb Code   152  os_task.o(i.OSTaskSuspend)
    OSTaskSwHook                             0x08001d75   Thumb Code     8  os_cpu_c.o(i.OSTaskSwHook)
    OSTimeDly                                0x08001d7d   Thumb Code   100  os_time.o(i.OSTimeDly)
    OSTimeTick                               0x08001df5   Thumb Code   210  os_core.o(i.OSTimeTick)
    OSTimeTickHook                           0x08001ee1   Thumb Code     8  os_cpu_c.o(i.OSTimeTickHook)
    OS_Dummy                                 0x08001ee9   Thumb Code     2  os_core.o(i.OS_Dummy)
    OS_EventTaskRemove                       0x08001eeb   Thumb Code    46  os_core.o(i.OS_EventTaskRemove)
    OS_EventTaskRemoveMulti                  0x08001f19   Thumb Code    58  os_core.o(i.OS_EventTaskRemoveMulti)
    OS_FlagInit                              0x08001f55   Thumb Code    74  os_flag.o(i.OS_FlagInit)
    OS_FlagUnlink                            0x08001fad   Thumb Code    36  os_flag.o(i.OS_FlagUnlink)
    OS_MemClr                                0x080021f1   Thumb Code    18  os_core.o(i.OS_MemClr)
    OS_QInit                                 0x08002205   Thumb Code    72  os_q.o(i.OS_QInit)
    OS_Sched                                 0x08002255   Thumb Code    88  os_core.o(i.OS_Sched)
    OS_TCBInit                               0x080022f5   Thumb Code   292  os_core.o(i.OS_TCBInit)
    OS_TaskIdle                              0x08002435   Thumb Code    34  os_core.o(i.OS_TaskIdle)
    OS_TaskReturn                            0x0800245d   Thumb Code    18  os_task.o(i.OS_TaskReturn)
    OS_TaskStat                              0x08002475   Thumb Code   140  os_core.o(i.OS_TaskStat)
    OS_TaskStatStkChk                        0x08002515   Thumb Code    54  os_core.o(i.OS_TaskStatStkChk)
    OS_TaskStkClr                            0x08002551   Thumb Code    26  os_task.o(i.OS_TaskStkClr)
    SVC_Handler                              0x0800256b   Thumb Code     2  stm32f1xx_it.o(i.SVC_Handler)
    Stm32_Clock_Init                         0x0800256d   Thumb Code    86  sys.o(i.Stm32_Clock_Init)
    SysTick_Handler                          0x080025c5   Thumb Code    24  delay.o(i.SysTick_Handler)
    SystemInit                               0x080025e1   Thumb Code    70  system_stm32f1xx.o(i.SystemInit)
    USART1_IRQHandler                        0x08002795   Thumb Code    64  usart.o(i.USART1_IRQHandler)
    UsageFault_Handler                       0x080027dd   Thumb Code     4  stm32f1xx_it.o(i.UsageFault_Handler)
    _sys_exit                                0x080027e1   Thumb Code     4  usart.o(i._sys_exit)
    delay_init                               0x080027e5   Thumb Code    58  delay.o(i.delay_init)
    delay_ms                                 0x08002829   Thumb Code    66  delay.o(i.delay_ms)
    delay_osschedlock                        0x08002879   Thumb Code     8  delay.o(i.delay_osschedlock)
    delay_osschedunlock                      0x08002881   Thumb Code     8  delay.o(i.delay_osschedunlock)
    delay_ostimedly                          0x08002889   Thumb Code    12  delay.o(i.delay_ostimedly)
    delay_us                                 0x08002895   Thumb Code    84  delay.o(i.delay_us)
    led0_task                                0x080028ed   Thumb Code    34  main.o(i.led0_task)
    led1_task                                0x08002919   Thumb Code    34  main.o(i.led1_task)
    main                                     0x08002945   Thumb Code    70  main.o(i.main)
    start_task                               0x08002999   Thumb Code    94  main.o(i.start_task)
    AHBPrescTable                            0x08002a10   Data          16  system_stm32f1xx.o(.constdata)
    APBPrescTable                            0x08002a20   Data           8  system_stm32f1xx.o(.constdata)
    OSUnMapTbl                               0x08002a28   Data         256  os_core.o(.constdata)
    Region$$Table$$Base                      0x08002b28   Number         0  anon$$obj.o(Region$$Table)
    Region$$Table$$Limit                     0x08002b48   Number         0  anon$$obj.o(Region$$Table)
    SystemCoreClock                          0x20000000   Data           4  system_stm32f1xx.o(.data)
    __stdout                                 0x20000010   Data           4  usart.o(.data)
    USART_RX_STA                             0x20000014   Data           2  usart.o(.data)
    aRxBuffer                                0x20000016   Data           1  usart.o(.data)
    OSCtxSwCtr                               0x20000018   Data           4  os_core.o(.data)
    OSEventFreeList                          0x2000001c   Data           4  os_core.o(.data)
    OSFlagFreeList                           0x20000020   Data           4  os_core.o(.data)
    OSCPUUsage                               0x20000024   Data           1  os_core.o(.data)
    OSIdleCtrMax                             0x20000028   Data           4  os_core.o(.data)
    OSIdleCtrRun                             0x2000002c   Data           4  os_core.o(.data)
    OSStatRdy                                0x20000030   Data           1  os_core.o(.data)
    OSIntNesting                             0x20000031   Data           1  os_core.o(.data)
    OSLockNesting                            0x20000032   Data           1  os_core.o(.data)
    OSPrioCur                                0x20000033   Data           1  os_core.o(.data)
    OSPrioHighRdy                            0x20000034   Data           1  os_core.o(.data)
    OSRdyGrp                                 0x20000035   Data           1  os_core.o(.data)
    OSRdyTbl                                 0x20000036   Data           8  os_core.o(.data)
    OSRunning                                0x2000003e   Data           1  os_core.o(.data)
    OSTaskCtr                                0x2000003f   Data           1  os_core.o(.data)
    OSIdleCtr                                0x20000040   Data           4  os_core.o(.data)
    OSTCBCur                                 0x20000044   Data           4  os_core.o(.data)
    OSTCBFreeList                            0x20000048   Data           4  os_core.o(.data)
    OSTCBHighRdy                             0x2000004c   Data           4  os_core.o(.data)
    OSTCBList                                0x20000050   Data           4  os_core.o(.data)
    OSTickStepState                          0x20000054   Data           1  os_core.o(.data)
    OSQFreeList                              0x20000058   Data           4  os_core.o(.data)
    OSTaskRegNextAvailID                     0x2000005c   Data           1  os_core.o(.data)
    OSTime                                   0x20000060   Data           4  os_core.o(.data)
    OS_CPU_ExceptStkBase                     0x20000064   Data           4  os_cpu_c.o(.data)
    START_TASK_STK                           0x20000068   Data         512  main.o(.bss)
    LED0_TASK_STK                            0x20000268   Data         512  main.o(.bss)
    LED1_TASK_STK                            0x20000468   Data         512  main.o(.bss)
    USART_RX_BUF                             0x20000668   Data         200  usart.o(.bss)
    UART1_Handler                            0x20000730   Data          64  usart.o(.bss)
    OSEventTbl                               0x20000770   Data         480  os_core.o(.bss)
    OSFlagTbl                                0x20000950   Data          80  os_core.o(.bss)
    OSTaskStatStk                            0x200009a0   Data         512  os_core.o(.bss)
    OSTaskIdleStk                            0x20000ba0   Data         512  os_core.o(.bss)
    OSTCBPrioTbl                             0x20000da0   Data         256  os_core.o(.bss)
    OSTCBTbl                                 0x20000ea0   Data        1936  os_core.o(.bss)
    OSQTbl                                   0x20001630   Data          96  os_core.o(.bss)
    OS_CPU_ExceptStk                         0x20001690   Data         512  os_cpu_c.o(.bss)
    __libspace_start                         0x20001890   Data          96  libspace.o(.bss)
    __temporary_stack_top$libspace           0x200018f0   Data           0  libspace.o(.bss)



==============================================================================

Memory Map of the image

  Image Entry point : 0x08000131

  Load Region LR_IROM1 (Base: 0x08000000, Size: 0x00002bb0, Max: 0x00080000, ABSOLUTE)

    Execution Region ER_IROM1 (Base: 0x08000000, Size: 0x00002b48, Max: 0x00080000, ABSOLUTE)

    Base Addr    Size         Type   Attr      Idx    E Section Name        Object

    0x08000000   0x00000130   Data   RO          475    RESET               startup_stm32f103xe.o
    0x08000130   0x00000008   Code   RO         3493  * !!!main             c_w.l(__main.o)
    0x08000138   0x00000034   Code   RO         3658    !!!scatter          c_w.l(__scatter.o)
    0x0800016c   0x0000001a   Code   RO         3660    !!handler_copy      c_w.l(__scatter_copy.o)
    0x08000186   0x00000002   PAD
    0x08000188   0x0000001c   Code   RO         3662    !!handler_zi        c_w.l(__scatter_zi.o)
    0x080001a4   0x00000002   Code   RO         3532    .ARM.Collect$$libinit$$00000000  c_w.l(libinit.o)
    0x080001a6   0x00000000   Code   RO         3545    .ARM.Collect$$libinit$$00000002  c_w.l(libinit2.o)
    0x080001a6   0x00000000   Code   RO         3547    .ARM.Collect$$libinit$$00000004  c_w.l(libinit2.o)
    0x080001a6   0x00000000   Code   RO         3550    .ARM.Collect$$libinit$$0000000A  c_w.l(libinit2.o)
    0x080001a6   0x00000000   Code   RO         3552    .ARM.Collect$$libinit$$0000000C  c_w.l(libinit2.o)
    0x080001a6   0x00000000   Code   RO         3554    .ARM.Collect$$libinit$$0000000E  c_w.l(libinit2.o)
    0x080001a6   0x00000000   Code   RO         3557    .ARM.Collect$$libinit$$00000011  c_w.l(libinit2.o)
    0x080001a6   0x00000000   Code   RO         3559    .ARM.Collect$$libinit$$00000013  c_w.l(libinit2.o)
    0x080001a6   0x00000000   Code   RO         3561    .ARM.Collect$$libinit$$00000015  c_w.l(libinit2.o)
    0x080001a6   0x00000000   Code   RO         3563    .ARM.Collect$$libinit$$00000017  c_w.l(libinit2.o)
    0x080001a6   0x00000000   Code   RO         3565    .ARM.Collect$$libinit$$00000019  c_w.l(libinit2.o)
    0x080001a6   0x00000000   Code   RO         3567    .ARM.Collect$$libinit$$0000001B  c_w.l(libinit2.o)
    0x080001a6   0x00000000   Code   RO         3569    .ARM.Collect$$libinit$$0000001D  c_w.l(libinit2.o)
    0x080001a6   0x00000000   Code   RO         3571    .ARM.Collect$$libinit$$0000001F  c_w.l(libinit2.o)
    0x080001a6   0x00000000   Code   RO         3573    .ARM.Collect$$libinit$$00000021  c_w.l(libinit2.o)
    0x080001a6   0x00000000   Code   RO         3575    .ARM.Collect$$libinit$$00000023  c_w.l(libinit2.o)
    0x080001a6   0x00000000   Code   RO         3577    .ARM.Collect$$libinit$$00000025  c_w.l(libinit2.o)
    0x080001a6   0x00000000   Code   RO         3581    .ARM.Collect$$libinit$$0000002C  c_w.l(libinit2.o)
    0x080001a6   0x00000000   Code   RO         3583    .ARM.Collect$$libinit$$0000002E  c_w.l(libinit2.o)
    0x080001a6   0x00000000   Code   RO         3585    .ARM.Collect$$libinit$$00000030  c_w.l(libinit2.o)
    0x080001a6   0x00000000   Code   RO         3587    .ARM.Collect$$libinit$$00000032  c_w.l(libinit2.o)
    0x080001a6   0x00000002   Code   RO         3588    .ARM.Collect$$libinit$$00000033  c_w.l(libinit2.o)
    0x080001a8   0x00000002   Code   RO         3614    .ARM.Collect$$libshutdown$$00000000  c_w.l(libshutdown.o)
    0x080001aa   0x00000000   Code   RO         3641    .ARM.Collect$$libshutdown$$00000002  c_w.l(libshutdown2.o)
    0x080001aa   0x00000000   Code   RO         3643    .ARM.Collect$$libshutdown$$00000004  c_w.l(libshutdown2.o)
    0x080001aa   0x00000000   Code   RO         3646    .ARM.Collect$$libshutdown$$00000007  c_w.l(libshutdown2.o)
    0x080001aa   0x00000000   Code   RO         3649    .ARM.Collect$$libshutdown$$0000000A  c_w.l(libshutdown2.o)
    0x080001aa   0x00000000   Code   RO         3651    .ARM.Collect$$libshutdown$$0000000C  c_w.l(libshutdown2.o)
    0x080001aa   0x00000000   Code   RO         3654    .ARM.Collect$$libshutdown$$0000000F  c_w.l(libshutdown2.o)
    0x080001aa   0x00000002   Code   RO         3655    .ARM.Collect$$libshutdown$$00000010  c_w.l(libshutdown2.o)
    0x080001ac   0x00000000   Code   RO         3497    .ARM.Collect$$rtentry$$00000000  c_w.l(__rtentry.o)
    0x080001ac   0x00000000   Code   RO         3503    .ARM.Collect$$rtentry$$00000002  c_w.l(__rtentry2.o)
    0x080001ac   0x00000006   Code   RO         3515    .ARM.Collect$$rtentry$$00000004  c_w.l(__rtentry4.o)
    0x080001b2   0x00000000   Code   RO         3505    .ARM.Collect$$rtentry$$00000009  c_w.l(__rtentry2.o)
    0x080001b2   0x00000004   Code   RO         3506    .ARM.Collect$$rtentry$$0000000A  c_w.l(__rtentry2.o)
    0x080001b6   0x00000000   Code   RO         3508    .ARM.Collect$$rtentry$$0000000C  c_w.l(__rtentry2.o)
    0x080001b6   0x00000008   Code   RO         3509    .ARM.Collect$$rtentry$$0000000D  c_w.l(__rtentry2.o)
    0x080001be   0x00000002   Code   RO         3536    .ARM.Collect$$rtexit$$00000000  c_w.l(rtexit.o)
    0x080001c0   0x00000000   Code   RO         3590    .ARM.Collect$$rtexit$$00000002  c_w.l(rtexit2.o)
    0x080001c0   0x00000004   Code   RO         3591    .ARM.Collect$$rtexit$$00000003  c_w.l(rtexit2.o)
    0x080001c4   0x00000006   Code   RO         3592    .ARM.Collect$$rtexit$$00000004  c_w.l(rtexit2.o)
    0x080001ca   0x00000002   PAD
    0x080001cc   0x00000040   Code   RO          476    .text               startup_stm32f103xe.o
    0x0800020c   0x000000b0   Code   RO         3416    .text               os_cpu_a.o
    0x080002bc   0x00000002   Code   RO         3487    .text               c_w.l(use_no_semi_2.o)
    0x080002be   0x00000006   Code   RO         3491    .text               c_w.l(heapauxi.o)
    0x080002c4   0x00000002   Code   RO         3495    .text               c_w.l(use_no_semi.o)
    0x080002c6   0x0000004a   Code   RO         3519    .text               c_w.l(sys_stackheap_outer.o)
    0x08000310   0x00000012   Code   RO         3521    .text               c_w.l(exit.o)
    0x08000322   0x00000002   PAD
    0x08000324   0x00000008   Code   RO         3533    .text               c_w.l(libspace.o)
    0x0800032c   0x00000002   Code   RO         3422    i.App_TCBInitHook   app_hooks.o
    0x0800032e   0x00000002   Code   RO         3423    i.App_TaskCreateHook  app_hooks.o
    0x08000330   0x00000002   Code   RO         3424    i.App_TaskDelHook   app_hooks.o
    0x08000332   0x00000002   Code   RO         3425    i.App_TaskIdleHook  app_hooks.o
    0x08000334   0x00000002   Code   RO         3426    i.App_TaskReturnHook  app_hooks.o
    0x08000336   0x00000002   Code   RO         3427    i.App_TaskStatHook  app_hooks.o
    0x08000338   0x00000002   Code   RO         3428    i.App_TaskSwHook    app_hooks.o
    0x0800033a   0x00000002   Code   RO         3429    i.App_TimeTickHook  app_hooks.o
    0x0800033c   0x00000004   Code   RO          263    i.BusFault_Handler  stm32f1xx_it.o
    0x08000340   0x00000002   Code   RO          264    i.DebugMon_Handler  stm32f1xx_it.o
    0x08000342   0x0000001a   Code   RO          490    i.HAL_Delay         stm32f1xx_hal.o
    0x0800035c   0x00000340   Code   RO          819    i.HAL_GPIO_Init     stm32f1xx_hal_gpio.o
    0x0800069c   0x0000000c   Code   RO          823    i.HAL_GPIO_WritePin  stm32f1xx_hal_gpio.o
    0x080006a8   0x0000000c   Code   RO          494    i.HAL_GetTick       stm32f1xx_hal.o
    0x080006b4   0x00000028   Code   RO          496    i.HAL_Init          stm32f1xx_hal.o
    0x080006dc   0x00000024   Code   RO          497    i.HAL_InitTick      stm32f1xx_hal.o
    0x08000700   0x00000002   Code   RO          447    i.HAL_MspInit       stm32f1xx_hal_msp.o
    0x08000702   0x0000007c   Code   RO          625    i.HAL_NVIC_SetPriority  stm32f1xx_hal_cortex.o
    0x0800077e   0x00000002   PAD
    0x08000780   0x00000028   Code   RO          626    i.HAL_NVIC_SetPriorityGrouping  stm32f1xx_hal_cortex.o
    0x080007a8   0x00000298   Code   RO         1044    i.HAL_RCC_ClockConfig  stm32f1xx_hal_rcc.o
    0x08000a40   0x0000000c   Code   RO         1049    i.HAL_RCC_GetHCLKFreq  stm32f1xx_hal_rcc.o
    0x08000a4c   0x000000b4   Code   RO         1053    i.HAL_RCC_GetSysClockFreq  stm32f1xx_hal_rcc.o
    0x08000b00   0x00000878   Code   RO         1056    i.HAL_RCC_OscConfig  stm32f1xx_hal_rcc.o
    0x08001378   0x00000028   Code   RO          628    i.HAL_SYSTICK_CLKSourceConfig  stm32f1xx_hal_cortex.o
    0x080013a0   0x00000034   Code   RO          630    i.HAL_SYSTICK_Config  stm32f1xx_hal_cortex.o
    0x080013d4   0x00000002   Code   RO         1193    i.HAL_UART_ErrorCallback  stm32f1xx_hal_uart.o
    0x080013d6   0x00000008   Code   RO         1195    i.HAL_UART_GetState  stm32f1xx_hal_uart.o
    0x080013de   0x000000da   Code   RO         1196    i.HAL_UART_IRQHandler  stm32f1xx_hal_uart.o
    0x080014b8   0x00000086   Code   RO         1202    i.HAL_UART_Receive_IT  stm32f1xx_hal_uart.o
    0x0800153e   0x00000002   PAD
    0x08001540   0x00000088   Code   RO         1755    i.HAL_UART_RxCpltCallback  usart.o
    0x080015c8   0x00000002   Code   RO         1208    i.HAL_UART_TxCpltCallback  stm32f1xx_hal_uart.o
    0x080015ca   0x00000004   Code   RO          265    i.HardFault_Handler  stm32f1xx_it.o
    0x080015ce   0x00000002   PAD
    0x080015d0   0x00000080   Code   RO         1819    i.LED_Init          led.o
    0x08001650   0x00000004   Code   RO          266    i.MemManage_Handler  stm32f1xx_it.o
    0x08001654   0x00000002   Code   RO          267    i.NMI_Handler       stm32f1xx_it.o
    0x08001656   0x00000002   PAD
    0x08001658   0x00000010   Code   RO          632    i.NVIC_GetPriorityGrouping  stm32f1xx_hal_cortex.o
    0x08001668   0x00000028   Code   RO          633    i.NVIC_SetPriority  stm32f1xx_hal_cortex.o
    0x08001690   0x0000002c   Code   RO         2642    i.OSInit            os_core.o
    0x080016bc   0x00000030   Code   RO         3312    i.OSInitHookBegin   os_cpu_c.o
    0x080016ec   0x00000002   Code   RO         3313    i.OSInitHookEnd     os_cpu_c.o
    0x080016ee   0x00000002   PAD
    0x080016f0   0x00000024   Code   RO         2643    i.OSIntEnter        os_core.o
    0x08001714   0x00000090   Code   RO         2644    i.OSIntExit         os_core.o
    0x080017a4   0x00000040   Code   RO         2645    i.OSSchedLock       os_core.o
    0x080017e4   0x00000060   Code   RO         2646    i.OSSchedUnlock     os_core.o
    0x08001844   0x00000048   Code   RO         2647    i.OSStart           os_core.o
    0x0800188c   0x0000004c   Code   RO         2648    i.OSStatInit        os_core.o
    0x080018d8   0x0000000c   Code   RO         3314    i.OSTCBInitHook     os_cpu_c.o
    0x080018e4   0x000000b8   Code   RO         3167    i.OSTaskCreateExt   os_task.o
    0x0800199c   0x0000000c   Code   RO         3315    i.OSTaskCreateHook  os_cpu_c.o
    0x080019a8   0x00000160   Code   RO         3168    i.OSTaskDel         os_task.o
    0x08001b08   0x0000000c   Code   RO         3316    i.OSTaskDelHook     os_cpu_c.o
    0x08001b14   0x00000008   Code   RO         3317    i.OSTaskIdleHook    os_cpu_c.o
    0x08001b1c   0x00000070   Code   RO         3171    i.OSTaskNameSet     os_task.o
    0x08001b8c   0x0000000c   Code   RO         3318    i.OSTaskReturnHook  os_cpu_c.o
    0x08001b98   0x00000008   Code   RO         3319    i.OSTaskStatHook    os_cpu_c.o
    0x08001ba0   0x00000088   Code   RO         3177    i.OSTaskStkChk      os_task.o
    0x08001c28   0x000000a4   Code   RO         3320    i.OSTaskStkInit     os_cpu_c.o
    0x08001ccc   0x000000a8   Code   RO         3178    i.OSTaskSuspend     os_task.o
    0x08001d74   0x00000008   Code   RO         3321    i.OSTaskSwHook      os_cpu_c.o
    0x08001d7c   0x00000078   Code   RO         3267    i.OSTimeDly         os_time.o
    0x08001df4   0x000000ec   Code   RO         2649    i.OSTimeTick        os_core.o
    0x08001ee0   0x00000008   Code   RO         3322    i.OSTimeTickHook    os_cpu_c.o
    0x08001ee8   0x00000002   Code   RO         2651    i.OS_Dummy          os_core.o
    0x08001eea   0x0000002e   Code   RO         2653    i.OS_EventTaskRemove  os_core.o
    0x08001f18   0x0000003a   Code   RO         2654    i.OS_EventTaskRemoveMulti  os_core.o
    0x08001f52   0x00000002   PAD
    0x08001f54   0x00000058   Code   RO         2860    i.OS_FlagInit       os_flag.o
    0x08001fac   0x00000024   Code   RO         2862    i.OS_FlagUnlink     os_flag.o
    0x08001fd0   0x00000060   Code   RO         2658    i.OS_InitEventList  os_core.o
    0x08002030   0x0000005c   Code   RO         2659    i.OS_InitMisc       os_core.o
    0x0800208c   0x00000044   Code   RO         2660    i.OS_InitRdyList    os_core.o
    0x080020d0   0x00000080   Code   RO         2661    i.OS_InitTCBList    os_core.o
    0x08002150   0x00000050   Code   RO         2662    i.OS_InitTaskIdle   os_core.o
    0x080021a0   0x00000050   Code   RO         2663    i.OS_InitTaskStat   os_core.o
    0x080021f0   0x00000012   Code   RO         2664    i.OS_MemClr         os_core.o
    0x08002202   0x00000002   PAD
    0x08002204   0x00000050   Code   RO         3049    i.OS_QInit          os_q.o
    0x08002254   0x00000074   Code   RO         2666    i.OS_Sched          os_core.o
    0x080022c8   0x0000002c   Code   RO         2667    i.OS_SchedNew       os_core.o
    0x080022f4   0x00000140   Code   RO         2669    i.OS_TCBInit        os_core.o
    0x08002434   0x00000028   Code   RO         2670    i.OS_TaskIdle       os_core.o
    0x0800245c   0x00000018   Code   RO         3179    i.OS_TaskReturn     os_task.o
    0x08002474   0x000000a0   Code   RO         2671    i.OS_TaskStat       os_core.o
    0x08002514   0x0000003c   Code   RO         2672    i.OS_TaskStatStkChk  os_core.o
    0x08002550   0x0000001a   Code   RO         3180    i.OS_TaskStkClr     os_task.o
    0x0800256a   0x00000002   Code   RO          268    i.SVC_Handler       stm32f1xx_it.o
    0x0800256c   0x00000056   Code   RO         1711    i.Stm32_Clock_Init  sys.o
    0x080025c2   0x00000002   PAD
    0x080025c4   0x0000001c   Code   RO         1646    i.SysTick_Handler   delay.o
    0x080025e0   0x00000058   Code   RO          334    i.SystemInit        system_stm32f1xx.o
    0x08002638   0x00000030   Code   RO         1215    i.UART_EndTransmit_IT  stm32f1xx_hal_uart.o
    0x08002668   0x000000bc   Code   RO         1216    i.UART_Receive_IT   stm32f1xx_hal_uart.o
    0x08002724   0x00000070   Code   RO         1218    i.UART_Transmit_IT  stm32f1xx_hal_uart.o
    0x08002794   0x00000048   Code   RO         1756    i.USART1_IRQHandler  usart.o
    0x080027dc   0x00000004   Code   RO          269    i.UsageFault_Handler  stm32f1xx_it.o
    0x080027e0   0x00000004   Code   RO         1757    i._sys_exit         usart.o
    0x080027e4   0x00000044   Code   RO         1647    i.delay_init        delay.o
    0x08002828   0x00000050   Code   RO         1648    i.delay_ms          delay.o
    0x08002878   0x00000008   Code   RO         1649    i.delay_osschedlock  delay.o
    0x08002880   0x00000008   Code   RO         1650    i.delay_osschedunlock  delay.o
    0x08002888   0x0000000c   Code   RO         1651    i.delay_ostimedly   delay.o
    0x08002894   0x00000058   Code   RO         1652    i.delay_us          delay.o
    0x080028ec   0x0000002c   Code   RO            4    i.led0_task         main.o
    0x08002918   0x0000002c   Code   RO            5    i.led1_task         main.o
    0x08002944   0x00000054   Code   RO            6    i.main              main.o
    0x08002998   0x00000078   Code   RO            7    i.start_task        main.o
    0x08002a10   0x00000018   Data   RO          335    .constdata          system_stm32f1xx.o
    0x08002a28   0x00000100   Data   RO         2674    .constdata          os_core.o
    0x08002b28   0x00000020   Data   RO         3656    Region$$Table       anon$$obj.o


    Execution Region RW_IRAM1 (Base: 0x20000000, Size: 0x00001ef0, Max: 0x00010000, ABSOLUTE)

    Base Addr    Size         Type   Attr      Idx    E Section Name        Object

    0x20000000   0x00000004   Data   RW          336    .data               system_stm32f1xx.o
    0x20000004   0x00000004   Data   RW          502    .data               stm32f1xx_hal.o
    0x20000008   0x00000006   Data   RW         1653    .data               delay.o
    0x2000000e   0x00000002   PAD
    0x20000010   0x00000007   Data   RW         1761    .data               usart.o
    0x20000017   0x00000001   PAD
    0x20000018   0x0000004c   Data   RW         2675    .data               os_core.o
    0x20000064   0x00000004   Data   RW         3326    .data               os_cpu_c.o
    0x20000068   0x00000600   Zero   RW            8    .bss                main.o
    0x20000668   0x00000108   Zero   RW         1760    .bss                usart.o
    0x20000770   0x00000f20   Zero   RW         2673    .bss                os_core.o
    0x20001690   0x00000200   Zero   RW         3325    .bss                os_cpu_c.o
    0x20001890   0x00000060   Zero   RW         3534    .bss                c_w.l(libspace.o)
    0x200018f0   0x00000200   Zero   RW          474    HEAP                startup_stm32f103xe.o
    0x20001af0   0x00000400   Zero   RW          473    STACK               startup_stm32f103xe.o


==============================================================================

Image component sizes


      Code (inc. data)   RO Data    RW Data    ZI Data      Debug   Object Name

        16          0          0          0          0       3932   app_hooks.o
       292         32          0          6          0       4025   delay.o
       128         12          0          0          0        931   led.o
       292         60          0          0       1536     483254   main.o
      2176        400        256         76       3872      22859   os_core.o
       176         36          0          0          0        416   os_cpu_a.o
       294         18          0          4        512      15875   os_cpu_c.o
       124         14          0          0          0       1278   os_flag.o
        80          8          0          0          0        603   os_q.o
      1002        104          0          0          0       6205   os_task.o
       120         20          0          0          0        668   os_time.o
        64         26        304          0       1536        804   startup_stm32f103xe.o
       114         12          0          4          0       3280   stm32f1xx_hal.o
       312         22          0          0          0      26204   stm32f1xx_hal_cortex.o
       844         42          0          0          0       2920   stm32f1xx_hal_gpio.o
         2          0          0          0          0        434   stm32f1xx_hal_msp.o
      3024         84          0          0          0       4778   stm32f1xx_hal_rcc.o
       712          0          0          0          0       6027   stm32f1xx_hal_uart.o
        22          0          0          0          0       3043   stm32f1xx_it.o
        86          0          0          0          0        715   sys.o
        88         18         24          4          0       1143   system_stm32f1xx.o
       212         24          0          7        264       3658   usart.o

    ----------------------------------------------------------------------
     10196        932        616        104       7720     593052   Object Totals
         0          0         32          0          0          0   (incl. Generated)
        16          0          0          3          0          0   (incl. Padding)

    ----------------------------------------------------------------------

      Code (inc. data)   RO Data    RW Data    ZI Data      Debug   Library Member Name

         8          0          0          0          0         68   __main.o
         0          0          0          0          0          0   __rtentry.o
        12          0          0          0          0          0   __rtentry2.o
         6          0          0          0          0          0   __rtentry4.o
        52          8          0          0          0          0   __scatter.o
        26          0          0          0          0          0   __scatter_copy.o
        28          0          0          0          0          0   __scatter_zi.o
        18          0          0          0          0         80   exit.o
         6          0          0          0          0        152   heapauxi.o
         2          0          0          0          0          0   libinit.o
         2          0          0          0          0          0   libinit2.o
         2          0          0          0          0          0   libshutdown.o
         2          0          0          0          0          0   libshutdown2.o
         8          4          0          0         96         68   libspace.o
         2          0          0          0          0          0   rtexit.o
        10          0          0          0          0          0   rtexit2.o
        74          0          0          0          0         80   sys_stackheap_outer.o
         2          0          0          0          0         68   use_no_semi.o
         2          0          0          0          0         68   use_no_semi_2.o

    ----------------------------------------------------------------------
       268         12          0          0         96        584   Library Totals
         6          0          0          0          0          0   (incl. Padding)

    ----------------------------------------------------------------------

      Code (inc. data)   RO Data    RW Data    ZI Data      Debug   Library Name

       262         12          0          0         96        584   c_w.l

    ----------------------------------------------------------------------
       268         12          0          0         96        584   Library Totals

    ----------------------------------------------------------------------

==============================================================================


      Code (inc. data)   RO Data    RW Data    ZI Data      Debug   

     10464        944        616        104       7816     588380   Grand Totals
     10464        944        616        104       7816     588380   ELF Image Totals
     10464        944        616        104          0          0   ROM Totals

==============================================================================

    Total RO  Size (Code + RO Data)                11080 (  10.82kB)
    Total RW  Size (RW Data + ZI Data)              7920 (   7.73kB)
    Total ROM Size (Code + RO Data + RW Data)      11184 (  10.92kB)

==============================================================================

